Archive member included to satisfy reference by file (symbol)

../../libDaisy/build\libdaisy.a(daisy_seed.o)
                              build/oscillator.o (daisy::DaisySeed::Configure())
../../libDaisy/build\libdaisy.a(codec_ak4556.o)
                              ../../libDaisy/build\libdaisy.a(daisy_seed.o) (daisy::Ak4556::Init(dsy_gpio_pin))
../../libDaisy/build\libdaisy.a(codec_wm8731.o)
                              ../../libDaisy/build\libdaisy.a(daisy_seed.o) (daisy::Wm8731::Init(daisy::Wm8731::Config const&, daisy::I2CHandle))
../../libDaisy/build\libdaisy.a(sdram.o)
                              ../../libDaisy/build\libdaisy.a(daisy_seed.o) (SdramHandle::Init())
../../libDaisy/build\libdaisy.a(audio.o)
                              ../../libDaisy/build\libdaisy.a(daisy_seed.o) (daisy::AudioHandle::Init(daisy::AudioHandle::Config const&, daisy::SaiHandle))
../../libDaisy/build\libdaisy.a(switch.o)
                              build/oscillator.o (daisy::Switch::Init(dsy_gpio_pin, float))
../../libDaisy/build\libdaisy.a(adc.o)
                              build/oscillator.o (daisy::AdcChannelConfig::InitSingle(dsy_gpio_pin))
../../libDaisy/build\libdaisy.a(gpio.o)
                              ../../libDaisy/build\libdaisy.a(daisy_seed.o) (dsy_gpio_init)
../../libDaisy/build\libdaisy.a(i2c.o)
                              ../../libDaisy/build\libdaisy.a(daisy_seed.o) (daisy::I2CHandle::Init(daisy::I2CHandle::Config const&))
../../libDaisy/build\libdaisy.a(qspi.o)
                              ../../libDaisy/build\libdaisy.a(daisy_seed.o) (daisy::QSPIHandle::Init(daisy::QSPIHandle::Config const&))
../../libDaisy/build\libdaisy.a(sai.o)
                              ../../libDaisy/build\libdaisy.a(daisy_seed.o) (daisy::SaiHandle::Init(daisy::SaiHandle::Config const&))
../../libDaisy/build\libdaisy.a(system.o)
                              ../../libDaisy/build\libdaisy.a(daisy_seed.o) (daisy::System::DeInit())
../../libDaisy/build\libdaisy.a(system_stm32h7xx.o)
                              build/startup_stm32h750xx.o (SystemInit)
../../libDaisy/build\libdaisy.a(usbd_conf.o)
                              ../../libDaisy/build\libdaisy.a(system.o) (hpcd_USB_OTG_HS)
../../libDaisy/build\libdaisy.a(usbh_conf.o)
                              ../../libDaisy/build\libdaisy.a(system.o) (hhcd_USB_OTG_HS)
../../libDaisy/build\libdaisy.a(hal_map.o)
                              ../../libDaisy/build\libdaisy.a(gpio.o) (dsy_hal_map_get_port)
../../libDaisy/build\libdaisy.a(stm32h7xx_hal.o)
                              ../../libDaisy/build\libdaisy.a(system.o) (HAL_Init)
../../libDaisy/build\libdaisy.a(stm32h7xx_hal_adc.o)
                              ../../libDaisy/build\libdaisy.a(adc.o) (HAL_ADC_ConfigChannel)
../../libDaisy/build\libdaisy.a(stm32h7xx_hal_adc_ex.o)
                              ../../libDaisy/build\libdaisy.a(adc.o) (HAL_ADCEx_Calibration_Start)
../../libDaisy/build\libdaisy.a(stm32h7xx_hal_cortex.o)
                              ../../libDaisy/build\libdaisy.a(stm32h7xx_hal.o) (HAL_NVIC_SetPriorityGrouping)
../../libDaisy/build\libdaisy.a(stm32h7xx_hal_dma.o)
                              ../../libDaisy/build\libdaisy.a(adc.o) (HAL_DMA_Init)
../../libDaisy/build\libdaisy.a(stm32h7xx_hal_gpio.o)
                              ../../libDaisy/build\libdaisy.a(sdram.o) (HAL_GPIO_Init)
../../libDaisy/build\libdaisy.a(stm32h7xx_hal_hcd.o)
                              ../../libDaisy/build\libdaisy.a(usbh_conf.o) (HAL_HCD_HC_Init)
../../libDaisy/build\libdaisy.a(stm32h7xx_hal_i2c.o)
                              ../../libDaisy/build\libdaisy.a(i2c.o) (HAL_I2C_Init)
../../libDaisy/build\libdaisy.a(stm32h7xx_hal_i2c_ex.o)
                              ../../libDaisy/build\libdaisy.a(i2c.o) (HAL_I2CEx_ConfigAnalogFilter)
../../libDaisy/build\libdaisy.a(stm32h7xx_hal_pcd.o)
                              ../../libDaisy/build\libdaisy.a(usbd_conf.o) (HAL_PCD_Init)
../../libDaisy/build\libdaisy.a(stm32h7xx_hal_pcd_ex.o)
                              ../../libDaisy/build\libdaisy.a(usbd_conf.o) (HAL_PCDEx_SetTxFiFo)
../../libDaisy/build\libdaisy.a(stm32h7xx_hal_pwr_ex.o)
                              ../../libDaisy/build\libdaisy.a(system.o) (HAL_PWREx_ConfigSupply)
../../libDaisy/build\libdaisy.a(stm32h7xx_hal_qspi.o)
                              ../../libDaisy/build\libdaisy.a(qspi.o) (HAL_QSPI_Init)
../../libDaisy/build\libdaisy.a(stm32h7xx_hal_rcc.o)
                              ../../libDaisy/build\libdaisy.a(system.o) (HAL_RCC_OscConfig)
../../libDaisy/build\libdaisy.a(stm32h7xx_hal_rcc_ex.o)
                              ../../libDaisy/build\libdaisy.a(system.o) (HAL_RCCEx_PeriphCLKConfig)
../../libDaisy/build\libdaisy.a(stm32h7xx_hal_sai.o)
                              ../../libDaisy/build\libdaisy.a(sai.o) (HAL_SAI_InitProtocol)
../../libDaisy/build\libdaisy.a(stm32h7xx_hal_sdram.o)
                              ../../libDaisy/build\libdaisy.a(sdram.o) (HAL_SDRAM_Init)
[...]
Memory Configuration

Name             Origin             Length             Attributes
FLASH            0x08000000         0x00020000         xr
DTCMRAM          0x20000000         0x00020000         xrw
SRAM             0x24000000         0x00080000         xrw
RAM_D2           0x30000000         0x00048000         xrw
RAM_D3           0x38000000         0x00010000         xrw
ITCMRAM          0x00000000         0x00010000         xrw
SDRAM            0xc0000000         0x04000000         xrw
QSPIFLASH        0x90000000         0x00800000         xr
*default*        0x00000000         0xffffffff

Linker script and memory map

LOAD c:/users/ethan/documents/daisytoolchain-0.3.2/windows/bin/../lib/gcc/arm-none-eabi/10.2.1/thumb/v7e-m+dp/hard/crti.o
LOAD c:/users/ethan/documents/daisytoolchain-0.3.2/windows/bin/../lib/gcc/arm-none-eabi/10.2.1/thumb/v7e-m+dp/hard/crtbegin.o
LOAD c:/users/ethan/documents/daisytoolchain-0.3.2/windows/bin/../lib/gcc/arm-none-eabi/10.2.1/../../../../arm-none-eabi/lib/thumb/v7e-m+dp/hard/crt0.o
LOAD build/startup_stm32h750xx.o
LOAD build/oscillator.o
LOAD ../../libDaisy/build\libdaisy.a
LOAD c:/users/ethan/documents/daisytoolchain-0.3.2/windows/bin/../lib/gcc/arm-none-eabi/10.2.1/../../../../arm-none-eabi/lib/thumb/v7e-m+dp/hard\libnosys.a
LOAD ../../DaisySP/build\libdaisysp.a
LOAD c:/users/ethan/documents/daisytoolchain-0.3.2/windows/bin/../lib/gcc/arm-none-eabi/10.2.1/../../../../arm-none-eabi/lib/thumb/v7e-m+dp/hard\libstdc++_nano.a
LOAD c:/users/ethan/documents/daisytoolchain-0.3.2/windows/bin/../lib/gcc/arm-none-eabi/10.2.1/../../../../arm-none-eabi/lib/thumb/v7e-m+dp/hard\libm.a
LOAD c:/users/ethan/documents/daisytoolchain-0.3.2/windows/bin/../lib/gcc/arm-none-eabi/10.2.1/../../../../arm-none-eabi/lib/thumb/v7e-m+dp/hard\libc_nano.a
START GROUP
LOAD c:/users/ethan/documents/daisytoolchain-0.3.2/windows/bin/../lib/gcc/arm-none-eabi/10.2.1/thumb/v7e-m+dp/hard\libgcc.a
LOAD c:/users/ethan/documents/daisytoolchain-0.3.2/windows/bin/../lib/gcc/arm-none-eabi/10.2.1/../../../../arm-none-eabi/lib/thumb/v7e-m+dp/hard\libc_nano.a
END GROUP
START GROUP
LOAD c:/users/ethan/documents/daisytoolchain-0.3.2/windows/bin/../lib/gcc/arm-none-eabi/10.2.1/thumb/v7e-m+dp/hard\libgcc.a
LOAD c:/users/ethan/documents/daisytoolchain-0.3.2/windows/bin/../lib/gcc/arm-none-eabi/10.2.1/../../../../arm-none-eabi/lib/thumb/v7e-m+dp/hard\libc_nano.a
LOAD c:/users/ethan/documents/daisytoolchain-0.3.2/windows/bin/../lib/gcc/arm-none-eabi/10.2.1/../../../../arm-none-eabi/lib/thumb/v7e-m+dp/hard\libnosys.a
END GROUP
START GROUP
LOAD c:/users/ethan/documents/daisytoolchain-0.3.2/windows/bin/../lib/gcc/arm-none-eabi/10.2.1/thumb/v7e-m+dp/hard\libgcc.a
LOAD c:/users/ethan/documents/daisytoolchain-0.3.2/windows/bin/../lib/gcc/arm-none-eabi/10.2.1/../../../../arm-none-eabi/lib/thumb/v7e-m+dp/hard\libc_nano.a
LOAD c:/users/ethan/documents/daisytoolchain-0.3.2/windows/bin/../lib/gcc/arm-none-eabi/10.2.1/../../../../arm-none-eabi/lib/thumb/v7e-m+dp/hard\libnosys.a
END GROUP
LOAD c:/users/ethan/documents/daisytoolchain-0.3.2/windows/bin/../lib/gcc/arm-none-eabi/10.2.1/thumb/v7e-m+dp/hard/crtend.o
LOAD c:/users/ethan/documents/daisytoolchain-0.3.2/windows/bin/../lib/gcc/arm-none-eabi/10.2.1/thumb/v7e-m+dp/hard/crtn.o
                0x20020000                _estack = 0x20020000

.isr_vector     0x08000000      0x298
                0x08000000                . = ALIGN (0x4)
 *(.isr_vector)
 .isr_vector    0x08000000      0x298 build/startup_stm32h750xx.o
                0x08000000                g_pfnVectors
                0x08000298                . = ALIGN (0x4)

.text           0x08000298     0xe178
                0x08000298                . = ALIGN (0x4)
                0x08000298                _stext = .
 *(.text)
 .text          0x08000298       0x40 c:/users/ethan/documents/daisytoolchain-0.3.2/windows/bin/../lib/gcc/arm-none-eabi/10.2.1/thumb/v7e-m+dp/hard/crtbegin.o
 .text          0x080002d8      0x378 c:/users/ethan/documents/daisytoolchain-0.3.2/windows/bin/../lib/gcc/arm-none-eabi/10.2.1/thumb/v7e-m+dp/hard\libgcc.a(_arm_addsubdf3.o)
                0x080002d8                __aeabi_drsub
                0x080002e0                __aeabi_dsub
                0x080002e0                __subdf3
                0x080002e4                __aeabi_dadd
                0x080002e4                __adddf3
                0x0800055c                __floatunsidf
                0x0800055c                __aeabi_ui2d
                0x0800057c                __floatsidf
                0x0800057c                __aeabi_i2d
                0x080005a0                __aeabi_f2d
                0x080005a0                __extendsfdf2
                0x080005e4                __floatundidf
                0x080005e4                __aeabi_ul2d
                0x080005f4                __floatdidf
                0x080005f4                __aeabi_l2d
 *(.text*)
 .text.Default_Handler
                0x08000650        0x4 build/startup_stm32h750xx.o
                0x08000650                RTC_Alarm_IRQHandler
                0x08000650                HASH_RNG_IRQHandler
                0x08000650                EXTI2_IRQHandler
                0x08000650                TIM8_CC_IRQHandler
                0x08000650                HRTIM1_Master_IRQHandler
                0x08000650                DebugMon_Handler
                0x08000650                UART8_IRQHandler
                0x08000650                SPI4_IRQHandler
                0x08000650                TIM1_CC_IRQHandler
                0x08000650                BDMA_Channel6_IRQHandler
                0x08000650                DMA2_Stream5_IRQHandler
                0x08000650                HRTIM1_FLT_IRQHandler
                0x08000650                JPEG_IRQHandler
                0x08000650                DMA1_Stream5_IRQHandler
                0x08000650                BDMA_Channel1_IRQHandler
                0x08000650                HRTIM1_TIMD_IRQHandler
                0x08000650                TAMP_STAMP_IRQHandler
                0x08000650                PendSV_Handler
                0x08000650                NMI_Handler
                0x08000650                EXTI3_IRQHandler
                0x08000650                LPTIM4_IRQHandler
                0x08000650                TIM8_TRG_COM_TIM14_IRQHandler
                0x08000650                LPTIM2_IRQHandler
                0x08000650                DFSDM1_FLT1_IRQHandler
                0x08000650                DMAMUX2_OVR_IRQHandler
                0x08000650                TIM8_UP_TIM13_IRQHandler
                0x08000650                I2C3_ER_IRQHandler
                0x08000650                DFSDM1_FLT2_IRQHandler
                0x08000650                MDMA_IRQHandler
                0x08000650                LPTIM3_IRQHandler
                0x08000650                HSEM1_IRQHandler
                0x08000650                EXTI0_IRQHandler
                0x08000650                FPU_IRQHandler
                0x08000650                OTG_HS_WKUP_IRQHandler
                0x08000650                FDCAN1_IT1_IRQHandler
                0x08000650                UsageFault_Handler
                0x08000650                LTDC_ER_IRQHandler
                0x08000650                HRTIM1_TIME_IRQHandler
                0x08000650                TIM6_DAC_IRQHandler
                0x08000650                DCMI_IRQHandler
                0x08000650                HRTIM1_TIMC_IRQHandler
                0x08000650                SAI2_IRQHandler
                0x08000650                DFSDM1_FLT3_IRQHandler
                0x08000650                USART6_IRQHandler
                0x08000650                TIM17_IRQHandler
                0x08000650                USART3_IRQHandler
                0x08000650                CRYP_IRQHandler
                0x08000650                BDMA_Channel7_IRQHandler
                0x08000650                LPTIM5_IRQHandler
                0x08000650                UART5_IRQHandler
                0x08000650                ADC3_IRQHandler
                0x08000650                DMA2_Stream0_IRQHandler
                0x08000650                TIM4_IRQHandler
                0x08000650                BDMA_Channel2_IRQHandler
                0x08000650                DMAMUX1_OVR_IRQHandler
                0x08000650                TIM16_IRQHandler
                0x08000650                UART4_IRQHandler
                0x08000650                BDMA_Channel5_IRQHandler
                0x08000650                TIM3_IRQHandler
                0x08000650                RCC_IRQHandler
                0x08000650                TIM8_BRK_TIM12_IRQHandler
                0x08000650                TIM1_TRG_COM_IRQHandler
                0x08000650                Default_Handler
                0x08000650                ECC_IRQHandler
                0x08000650                CEC_IRQHandler
                0x08000650                EXTI15_10_IRQHandler
                0x08000650                BDMA_Channel0_IRQHandler
                0x08000650                ADC_IRQHandler
                0x08000650                DMA1_Stream7_IRQHandler
                0x08000650                HRTIM1_TIMA_IRQHandler
                0x08000650                SPI5_IRQHandler
                0x08000650                TIM7_IRQHandler
                0x08000650                SDMMC1_IRQHandler
                0x08000650                TIM5_IRQHandler
                0x08000650                DMA2_Stream7_IRQHandler
                0x08000650                TIM15_IRQHandler
                0x08000650                PVD_AVD_IRQHandler
                0x08000650                EXTI9_5_IRQHandler
                0x08000650                RTC_WKUP_IRQHandler
                0x08000650                LTDC_IRQHandler
                0x08000650                SAI3_IRQHandler
                0x08000650                ETH_WKUP_IRQHandler
                0x08000650                SPDIF_RX_IRQHandler
                0x08000650                SPI2_IRQHandler
                0x08000650                MemManage_Handler
                0x08000650                SVC_Handler
                0x08000650                CRS_IRQHandler
                0x08000650                EXTI4_IRQHandler
                0x08000650                HRTIM1_TIMB_IRQHandler
                0x08000650                FDCAN2_IT1_IRQHandler
                0x08000650                ETH_IRQHandler
                0x08000650                TIM1_UP_IRQHandler
                0x08000650                BDMA_Channel4_IRQHandler
                0x08000650                WWDG_IRQHandler
                0x08000650                SPI6_IRQHandler
                0x08000650                I2C4_EV_IRQHandler
                0x08000650                MDIOS_IRQHandler
                0x08000650                FDCAN2_IT0_IRQHandler
                0x08000650                LPUART1_IRQHandler
                0x08000650                FDCAN1_IT0_IRQHandler
                0x08000650                TIM2_IRQHandler
                0x08000650                OTG_FS_WKUP_IRQHandler
                0x08000650                DMA2D_IRQHandler
                0x08000650                TIM1_BRK_IRQHandler
                0x08000650                EXTI1_IRQHandler
                0x08000650                SDMMC2_IRQHandler
                0x08000650                OTG_FS_EP1_OUT_IRQHandler
                0x08000650                BDMA_Channel3_IRQHandler
                0x08000650                UART7_IRQHandler
                0x08000650                MDIOS_WKUP_IRQHandler
                0x08000650                USART2_IRQHandler
                0x08000650                DFSDM1_FLT0_IRQHandler
                0x08000650                SAI4_IRQHandler
                0x08000650                I2C2_ER_IRQHandler
                0x08000650                DMA2_Stream1_IRQHandler
                0x08000650                FLASH_IRQHandler
                0x08000650                DMA2_Stream4_IRQHandler
                0x08000650                BusFault_Handler
                0x08000650                USART1_IRQHandler
                0x08000650                OTG_FS_IRQHandler
                0x08000650                SPI3_IRQHandler
                0x08000650                WAKEUP_PIN_IRQHandler
                0x08000650                OTG_FS_EP1_IN_IRQHandler
                0x08000650                I2C1_ER_IRQHandler
                0x08000650                FMC_IRQHandler
                0x08000650                FDCAN_CAL_IRQHandler
                0x08000650                SWPMI1_IRQHandler
                0x08000650                COMP1_IRQHandler
                0x08000650                LPTIM1_IRQHandler
                0x08000650                I2C4_ER_IRQHandler
                0x08000650                DMA2_Stream6_IRQHandler
                0x08000650                SAI1_IRQHandler
 .text.Reset_Handler
                0x08000654       0x44 build/startup_stm32h750xx.o
                0x08000654                Reset_Handler
 .text._ZN7daisysp10OscillatorD2Ev
                0x08000698        0x4 build/oscillator.o
                0x08000698                daisysp::Oscillator::~Oscillator()
                0x08000698                daisysp::Oscillator::~Oscillator()
 .text._ZN5daisy6SwitchD2Ev
                0x0800069c        0x4 build/oscillator.o
                0x0800069c                daisy::Switch::~Switch()
                0x0800069c                daisy::Switch::~Switch()
 .text._ZN5daisy9DaisySeedD2Ev
                0x080006a0        0x4 build/oscillator.o
                0x080006a0                daisy::DaisySeed::~DaisySeed()
                0x080006a0                daisy::DaisySeed::~DaisySeed()
 .text._ZL13AudioCallbackPKfPfj
                0x080006a4       0xec build/oscillator.o
 .text.startup.main
                0x08000790       0xe4 build/oscillator.o
                0x08000790                main
 .text.startup._GLOBAL__sub_I_button1
                0x08000874       0x48 build/oscillator.o
 .text._ZN5daisy9DaisySeed9ConfigureEv
                0x080008bc        0x4 ../../libDaisy/build\libdaisy.a(daisy_seed.o)
                0x080008bc                daisy::DaisySeed::Configure()
 .text._ZN5daisy9DaisySeed6GetPinEh
                0x080008c0       0x2c ../../libDaisy/build\libdaisy.a(daisy_seed.o)
                0x080008c0                daisy::DaisySeed::GetPin(unsigned char)
 .text._ZN5daisy9DaisySeed10StartAudioEPFvPKfPfjE
                0x080008ec        0x8 ../../libDaisy/build\libdaisy.a(daisy_seed.o)
                0x080008ec                daisy::DaisySeed::StartAudio(void (*)(float const*, float*, unsigned int))
 .text._ZN5daisy9DaisySeed15AudioSampleRateEv
                0x080008f4        0x8 ../../libDaisy/build\libdaisy.a(daisy_seed.o)
                0x080008f4                daisy::DaisySeed::AudioSampleRate()
 .text._ZN5daisy9DaisySeed17SetAudioBlockSizeEj
                0x080008fc       0x38 ../../libDaisy/build\libdaisy.a(daisy_seed.o)
                0x080008fc                daisy::DaisySeed::SetAudioBlockSize(unsigned int)
 .text._ZN5daisy9DaisySeed6SetLedEb
                0x08000934        0x8 ../../libDaisy/build\libdaisy.a(daisy_seed.o)
                0x08000934                daisy::DaisySeed::SetLed(bool)
 .text._ZN5daisy9DaisySeed14ConfigureAudioEv
                0x0800093c       0xd0 ../../libDaisy/build\libdaisy.a(daisy_seed.o)
                0x0800093c                daisy::DaisySeed::ConfigureAudio()
 .text._ZN5daisy9DaisySeed4InitEb
                0x08000a0c       0xf0 ../../libDaisy/build\libdaisy.a(daisy_seed.o)
                0x08000a0c                daisy::DaisySeed::Init(bool)
 .text._ZN5daisy6Ak45564InitE12dsy_gpio_pin
                0x08000afc       0x44 ../../libDaisy/build\libdaisy.a(codec_ak4556.o)
                0x08000afc                daisy::Ak4556::Init(dsy_gpio_pin)
 .text._ZN5daisy6Wm873120WriteControlRegisterEht
                0x08000b40       0x3c ../../libDaisy/build\libdaisy.a(codec_wm8731.o)
                0x08000b40                daisy::Wm8731::WriteControlRegister(unsigned char, unsigned short)
 .text._ZN5daisy6Wm87314InitERKNS0_6ConfigENS_9I2CHandleE
                0x08000b7c      0x1bc ../../libDaisy/build\libdaisy.a(codec_wm8731.o)
                0x08000b7c                daisy::Wm8731::Init(daisy::Wm8731::Config const&, daisy::I2CHandle)
 .text._ZN11SdramHandle10DeviceInitEv
                0x08000d38       0x98 ../../libDaisy/build\libdaisy.a(sdram.o)
                0x08000d38                SdramHandle::DeviceInit()
 .text._ZN11SdramHandle4InitEv
                0x08000dd0       0x7c ../../libDaisy/build\libdaisy.a(sdram.o)
                0x08000dd0                SdramHandle::Init()
 .text.HAL_SDRAM_MspInit
                0x08000e4c      0x1a8 ../../libDaisy/build\libdaisy.a(sdram.o)
                0x08000e4c                HAL_SDRAM_MspInit
 .text._ZN5daisy11AudioHandle4Impl16InternalCallbackEPlS2_j
                0x08000ff4      0xbbc ../../libDaisy/build\libdaisy.a(audio.o)
                0x08000ff4                daisy::AudioHandle::Impl::InternalCallback(long*, long*, unsigned int)
 .text._ZN5daisy11AudioHandle4InitERKNS0_6ConfigENS_9SaiHandleE
                0x08001bb0       0x64 ../../libDaisy/build\libdaisy.a(audio.o)
                0x08001bb0                daisy::AudioHandle::Init(daisy::AudioHandle::Config const&, daisy::SaiHandle)
 .text._ZNK5daisy11AudioHandle9GetConfigEv
                0x08001c14        0x8 ../../libDaisy/build\libdaisy.a(audio.o)
                0x08001c14                daisy::AudioHandle::GetConfig() const
 .text._ZN5daisy11AudioHandle12SetBlockSizeEj
                0x08001c1c       0x1c ../../libDaisy/build\libdaisy.a(audio.o)
                0x08001c1c                daisy::AudioHandle::SetBlockSize(unsigned int)
 .text._ZN5daisy11AudioHandle13GetSampleRateEv
                0x08001c38        0x8 ../../libDaisy/build\libdaisy.a(audio.o)
                0x08001c38                daisy::AudioHandle::GetSampleRate()
 .text._ZN5daisy11AudioHandle5StartEPFvPKfPfjE
                0x08001c40       0x2c ../../libDaisy/build\libdaisy.a(audio.o)
                0x08001c40                daisy::AudioHandle::Start(void (*)(float const*, float*, unsigned int))
 .text.startup._GLOBAL__sub_I__ZN5daisy11AudioHandle4Impl4InitENS0_6ConfigENS_9SaiHandleE
                0x08001c6c       0x10 ../../libDaisy/build\libdaisy.a(audio.o)
 .text._ZN5daisy6Switch4InitE12dsy_gpio_pinf
                0x08001c7c       0x34 ../../libDaisy/build\libdaisy.a(switch.o)
                0x08001c7c                daisy::Switch::Init(dsy_gpio_pin, float)
 .text._ZN5daisy6Switch8DebounceEv
                0x08001cb0       0x5c ../../libDaisy/build\libdaisy.a(switch.o)
                0x08001cb0                daisy::Switch::Debounce()
 .text._ZN5daisy16AdcChannelConfig10InitSingleE12dsy_gpio_pin
                0x08001d0c       0x1c ../../libDaisy/build\libdaisy.a(adc.o)
                0x08001d0c                daisy::AdcChannelConfig::InitSingle(dsy_gpio_pin)
 .text._ZN5daisy9AdcHandle4InitEPNS_16AdcChannelConfigEjNS0_12OverSamplingE
                0x08001d28      0x3c8 ../../libDaisy/build\libdaisy.a(adc.o)
                0x08001d28                daisy::AdcHandle::Init(daisy::AdcChannelConfig*, unsigned int, daisy::AdcHandle::OverSampling)
 .text._ZN5daisy9AdcHandle5StartEv
                0x080020f0       0x2c ../../libDaisy/build\libdaisy.a(adc.o)
                0x080020f0                daisy::AdcHandle::Start()
 .text._ZNK5daisy9AdcHandle8GetFloatEh
                0x0800211c       0x20 ../../libDaisy/build\libdaisy.a(adc.o)
                0x0800211c                daisy::AdcHandle::GetFloat(unsigned char) const
 .text.HAL_ADC_MspInit
                0x0800213c       0x98 ../../libDaisy/build\libdaisy.a(adc.o)
                0x0800213c                HAL_ADC_MspInit
 .text.DMA1_Stream2_IRQHandler
                0x080021d4        0xc ../../libDaisy/build\libdaisy.a(adc.o)
                0x080021d4                DMA1_Stream2_IRQHandler
 .text.HAL_ADC_ConvCpltCallback
                0x080021e0      0x148 ../../libDaisy/build\libdaisy.a(adc.o)
                0x080021e0                HAL_ADC_ConvCpltCallback
 .text.HAL_ADC_ErrorCallback
                0x08002328        0x4 ../../libDaisy/build\libdaisy.a(adc.o)
                0x08002328                HAL_ADC_ErrorCallback
 .text.dsy_gpio_init
                0x0800232c      0x1b8 ../../libDaisy/build\libdaisy.a(gpio.o)
                0x0800232c                dsy_gpio_init
 .text.dsy_gpio_read
                0x080024e4       0x1c ../../libDaisy/build\libdaisy.a(gpio.o)
                0x080024e4                dsy_gpio_read
 .text.dsy_gpio_write
                0x08002500       0x24 ../../libDaisy/build\libdaisy.a(gpio.o)
                0x08002500                dsy_gpio_write
 .text._ZN5daisy9I2CHandle4Impl8InitPinsEv
                0x08002524       0x58 ../../libDaisy/build\libdaisy.a(i2c.o)
                0x08002524                daisy::I2CHandle::Impl::InitPins()
 .text.HAL_I2C_MspInit
                0x0800257c      0x1b4 ../../libDaisy/build\libdaisy.a(i2c.o)
                0x0800257c                HAL_I2C_MspInit
 .text.dsy_i2c_global_init
                0x08002730       0x78 ../../libDaisy/build\libdaisy.a(i2c.o)
                0x08002730                dsy_i2c_global_init
 .text.DMA1_Stream6_IRQHandler
                0x080027a8       0x34 ../../libDaisy/build\libdaisy.a(i2c.o)
                0x080027a8                DMA1_Stream6_IRQHandler
 .text.I2C1_EV_IRQHandler
                0x080027dc        0xc ../../libDaisy/build\libdaisy.a(i2c.o)
                0x080027dc                I2C1_EV_IRQHandler
 .text.I2C2_EV_IRQHandler
                0x080027e8        0xc ../../libDaisy/build\libdaisy.a(i2c.o)
                0x080027e8                I2C2_EV_IRQHandler
 .text.I2C3_EV_IRQHandler
                0x080027f4        0xc ../../libDaisy/build\libdaisy.a(i2c.o)
                0x080027f4                I2C3_EV_IRQHandler
 .text._ZN5daisy9I2CHandle4InitERKNS0_6ConfigE
                0x08002800      0x12c ../../libDaisy/build\libdaisy.a(i2c.o)
                0x08002800                daisy::I2CHandle::Init(daisy::I2CHandle::Config const&)
 .text._ZN5daisy9I2CHandle16TransmitBlockingEtPhtm
                0x0800292c       0x50 ../../libDaisy/build\libdaisy.a(i2c.o)
                0x0800292c                daisy::I2CHandle::TransmitBlocking(unsigned short, unsigned char*, unsigned short, unsigned long)
 .text.startup._GLOBAL__sub_I__ZN5daisy9I2CHandle4Impl10GlobalInitEv
                0x0800297c       0x18 ../../libDaisy/build\libdaisy.a(i2c.o)
 .text._ZN5daisy10QSPIHandle4Impl11WriteEnableEv
                0x08002994       0x8c ../../libDaisy/build\libdaisy.a(qspi.o)
                0x08002994                daisy::QSPIHandle::Impl::WriteEnable()
 .text._ZN5daisy10QSPIHandle4Impl17DummyCyclesConfigENS0_6Config6DeviceE
                0x08002a20      0x118 ../../libDaisy/build\libdaisy.a(qspi.o)
                0x08002a20                daisy::QSPIHandle::Impl::DummyCyclesConfig(daisy::QSPIHandle::Config::Device)
 .text._ZN5daisy10QSPIHandle4Impl10QuadEnableEv
                0x08002b38      0x158 ../../libDaisy/build\libdaisy.a(qspi.o)
                0x08002b38                daisy::QSPIHandle::Impl::QuadEnable()
 .text._ZN5daisy10QSPIHandle4InitERKNS0_6ConfigE
                0x08002c90      0x198 ../../libDaisy/build\libdaisy.a(qspi.o)
                0x08002c90                daisy::QSPIHandle::Init(daisy::QSPIHandle::Config const&)
 .text.HAL_QSPI_MspInit
                0x08002e28      0x11c ../../libDaisy/build\libdaisy.a(qspi.o)
                0x08002e28                HAL_QSPI_MspInit
 .text.HAL_QSPI_MspDeInit
                0x08002f44       0x54 ../../libDaisy/build\libdaisy.a(qspi.o)
                0x08002f44                HAL_QSPI_MspDeInit
 .text.QUADSPI_IRQHandler
                0x08002f98        0xc ../../libDaisy/build\libdaisy.a(qspi.o)
                0x08002f98                QUADSPI_IRQHandler
 .text.startup._GLOBAL__sub_I__ZN5daisy10QSPIHandle4Impl4InitERKNS0_6ConfigE
                0x08002fa4       0x28 ../../libDaisy/build\libdaisy.a(qspi.o)
 .text._ZN5daisy9SaiHandle4Impl7InitDmaENS1_15PeripheralBlockE
                0x08002fcc       0xa0 ../../libDaisy/build\libdaisy.a(sai.o)
                0x08002fcc                daisy::SaiHandle::Impl::InitDma(daisy::SaiHandle::Impl::PeripheralBlock)
 .text._ZN5daisy9SaiHandle4Impl8InitPinsEv
                0x0800306c       0xa8 ../../libDaisy/build\libdaisy.a(sai.o)
                0x0800306c                daisy::SaiHandle::Impl::InitPins()
 .text.HAL_SAI_MspInit
                0x08003114      0x164 ../../libDaisy/build\libdaisy.a(sai.o)
                0x08003114                HAL_SAI_MspInit
 .text.DMA1_Stream0_IRQHandler
                0x08003278        0xc ../../libDaisy/build\libdaisy.a(sai.o)
                0x08003278                DMA1_Stream0_IRQHandler
 .text.DMA1_Stream1_IRQHandler
                0x08003284        0xc ../../libDaisy/build\libdaisy.a(sai.o)
                0x08003284                DMA1_Stream1_IRQHandler
 .text.DMA1_Stream3_IRQHandler
                0x08003290        0xc ../../libDaisy/build\libdaisy.a(sai.o)
                0x08003290                DMA1_Stream3_IRQHandler
 .text.DMA1_Stream4_IRQHandler
                0x0800329c        0xc ../../libDaisy/build\libdaisy.a(sai.o)
                0x0800329c                DMA1_Stream4_IRQHandler
 .text.HAL_SAI_RxHalfCpltCallback
                0x080032a8       0x78 ../../libDaisy/build\libdaisy.a(sai.o)
                0x080032a8                HAL_SAI_RxHalfCpltCallback
 .text.HAL_SAI_RxCpltCallback
                0x08003320       0x70 ../../libDaisy/build\libdaisy.a(sai.o)
                0x08003320                HAL_SAI_RxCpltCallback
 .text._ZN5daisy9SaiHandle4InitERKNS0_6ConfigE
                0x08003390      0x1f0 ../../libDaisy/build\libdaisy.a(sai.o)
                0x08003390                daisy::SaiHandle::Init(daisy::SaiHandle::Config const&)
 .text._ZNK5daisy9SaiHandle9GetConfigEv
                0x08003580        0x4 ../../libDaisy/build\libdaisy.a(sai.o)
                0x08003580                daisy::SaiHandle::GetConfig() const
 .text._ZN5daisy9SaiHandle8StartDmaEPlS1_jPFvS1_S1_jE
                0x08003584       0xbc ../../libDaisy/build\libdaisy.a(sai.o)
                0x08003584                daisy::SaiHandle::StartDma(long*, long*, unsigned int, void (*)(long*, long*, unsigned int))
 .text._ZN5daisy9SaiHandle13GetSampleRateEv
                0x08003640       0x24 ../../libDaisy/build\libdaisy.a(sai.o)
                0x08003640                daisy::SaiHandle::GetSampleRate()
 .text._ZNK5daisy9SaiHandle9GetOffsetEv
                0x08003664        0x8 ../../libDaisy/build\libdaisy.a(sai.o)
                0x08003664                daisy::SaiHandle::GetOffset() const
 .text._ZN5daisy11TimerHandleD2Ev
                0x0800366c        0x4 ../../libDaisy/build\libdaisy.a(system.o)
                0x0800366c                daisy::TimerHandle::~TimerHandle()
                0x0800366c                daisy::TimerHandle::~TimerHandle()
 .text.SysTick_Handler
                0x08003670       0x10 ../../libDaisy/build\libdaisy.a(system.o)
                0x08003670                SysTick_Handler
 .text.OTG_HS_EP1_OUT_IRQHandler
                0x08003680       0x24 ../../libDaisy/build\libdaisy.a(system.o)
                0x08003680                OTG_HS_EP1_OUT_IRQHandler
 .text.OTG_HS_EP1_IN_IRQHandler
                0x080036a4       0x24 ../../libDaisy/build\libdaisy.a(system.o)
                0x080036a4                OTG_HS_EP1_IN_IRQHandler
 .text.OTG_HS_IRQHandler
                0x080036c8       0x24 ../../libDaisy/build\libdaisy.a(system.o)
                0x080036c8                OTG_HS_IRQHandler
 .text.HardFault_Handler
                0x080036ec       0xe0 ../../libDaisy/build\libdaisy.a(system.o)
                0x080036ec                HardFault_Handler
 .text._ZN5daisy6System6GetNowEv
                0x080037cc        0x4 ../../libDaisy/build\libdaisy.a(system.o)
                0x080037cc                daisy::System::GetNow()
 .text._ZN5daisy6System5DelayEm
                0x080037d0        0x4 ../../libDaisy/build\libdaisy.a(system.o)
                0x080037d0                daisy::System::Delay(unsigned long)
 .text._ZN5daisy6System15ConfigureClocksEv
                0x080037d4      0x194 ../../libDaisy/build\libdaisy.a(system.o)
                0x080037d4                daisy::System::ConfigureClocks()
 .text._ZN5daisy6System4InitERKNS0_6ConfigE
                0x08003968      0x12c ../../libDaisy/build\libdaisy.a(system.o)
                0x08003968                daisy::System::Init(daisy::System::Config const&)
 .text._ZN5daisy6System12GetPClk1FreqEv
                0x08003a94        0x4 ../../libDaisy/build\libdaisy.a(system.o)
                0x08003a94                daisy::System::GetPClk1Freq()
 .text._ZN5daisy6System22GetProgramMemoryRegionEv
                0x08003a98       0x78 ../../libDaisy/build\libdaisy.a(system.o)
                0x08003a98                daisy::System::GetProgramMemoryRegion()
 .text.startup._GLOBAL__sub_I_SysTick_Handler
                0x08003b10       0x1c ../../libDaisy/build\libdaisy.a(system.o)
 .text.SystemInit
                0x08003b2c       0x9c ../../libDaisy/build\libdaisy.a(system_stm32h7xx.o)
                0x08003b2c                SystemInit
 .text.HAL_PCD_SetupStageCallback
                0x08003bc8        0xc ../../libDaisy/build\libdaisy.a(usbd_conf.o)
                0x08003bc8                HAL_PCD_SetupStageCallback
 .text.HAL_PCD_DataOutStageCallback
                0x08003bd4       0x14 ../../libDaisy/build\libdaisy.a(usbd_conf.o)
                0x08003bd4                HAL_PCD_DataOutStageCallback
 .text.HAL_PCD_DataInStageCallback
                0x08003be8       0x14 ../../libDaisy/build\libdaisy.a(usbd_conf.o)
                0x08003be8                HAL_PCD_DataInStageCallback
 .text.HAL_PCD_SOFCallback
                0x08003bfc        0x8 ../../libDaisy/build\libdaisy.a(usbd_conf.o)
                0x08003bfc                HAL_PCD_SOFCallback
 .text.HAL_PCD_ResetCallback
                0x08003c04       0x24 ../../libDaisy/build\libdaisy.a(usbd_conf.o)
                0x08003c04                HAL_PCD_ResetCallback
 .text.HAL_PCD_SuspendCallback
                0x08003c28       0x30 ../../libDaisy/build\libdaisy.a(usbd_conf.o)
                0x08003c28                HAL_PCD_SuspendCallback
 .text.HAL_PCD_ResumeCallback
                0x08003c58        0x8 ../../libDaisy/build\libdaisy.a(usbd_conf.o)
                0x08003c58                HAL_PCD_ResumeCallback
 .text.HAL_PCD_ISOOUTIncompleteCallback
                0x08003c60        0x8 ../../libDaisy/build\libdaisy.a(usbd_conf.o)
                0x08003c60                HAL_PCD_ISOOUTIncompleteCallback
 .text.HAL_PCD_ISOINIncompleteCallback
                0x08003c68        0x8 ../../libDaisy/build\libdaisy.a(usbd_conf.o)
                0x08003c68                HAL_PCD_ISOINIncompleteCallback
 .text.HAL_PCD_ConnectCallback
                0x08003c70        0x8 ../../libDaisy/build\libdaisy.a(usbd_conf.o)
                0x08003c70                HAL_PCD_ConnectCallback
 .text.HAL_PCD_DisconnectCallback
                0x08003c78        0x8 ../../libDaisy/build\libdaisy.a(usbd_conf.o)
                0x08003c78                HAL_PCD_DisconnectCallback
 .text.USBD_LL_OpenEP
                0x08003c80       0x24 ../../libDaisy/build\libdaisy.a(usbd_conf.o)
                0x08003c80                USBD_LL_OpenEP
 .text.USBD_LL_StallEP
                0x08003ca4       0x1c ../../libDaisy/build\libdaisy.a(usbd_conf.o)
                0x08003ca4                USBD_LL_StallEP
 .text.USBD_LL_ClearStallEP
                0x08003cc0       0x1c ../../libDaisy/build\libdaisy.a(usbd_conf.o)
                0x08003cc0                USBD_LL_ClearStallEP
 .text.USBD_LL_IsStallEP
                0x08003cdc       0x28 ../../libDaisy/build\libdaisy.a(usbd_conf.o)
                0x08003cdc                USBD_LL_IsStallEP
 .text.USBD_LL_SetUSBAddress
                0x08003d04       0x1c ../../libDaisy/build\libdaisy.a(usbd_conf.o)
                0x08003d04                USBD_LL_SetUSBAddress
 .text.USBD_LL_Transmit
                0x08003d20       0x1c ../../libDaisy/build\libdaisy.a(usbd_conf.o)
                0x08003d20                USBD_LL_Transmit
 .text.USBD_LL_PrepareReceive
                0x08003d3c       0x1c ../../libDaisy/build\libdaisy.a(usbd_conf.o)
                0x08003d3c                USBD_LL_PrepareReceive
 .text.HAL_HCD_SOF_Callback
                0x08003d58        0x8 ../../libDaisy/build\libdaisy.a(usbh_conf.o)
                0x08003d58                HAL_HCD_SOF_Callback
 .text.HAL_HCD_Connect_Callback
                0x08003d60        0x8 ../../libDaisy/build\libdaisy.a(usbh_conf.o)
                0x08003d60                HAL_HCD_Connect_Callback
 .text.HAL_HCD_Disconnect_Callback
                0x08003d68        0x8 ../../libDaisy/build\libdaisy.a(usbh_conf.o)
                0x08003d68                HAL_HCD_Disconnect_Callback
 .text.HAL_HCD_HC_NotifyURBChange_Callback
                0x08003d70        0x4 ../../libDaisy/build\libdaisy.a(usbh_conf.o)
                0x08003d70                HAL_HCD_HC_NotifyURBChange_Callback
 .text.HAL_HCD_PortEnabled_Callback
                0x08003d74        0x8 ../../libDaisy/build\libdaisy.a(usbh_conf.o)
                0x08003d74                HAL_HCD_PortEnabled_Callback
 .text.HAL_HCD_PortDisabled_Callback
                0x08003d7c        0x8 ../../libDaisy/build\libdaisy.a(usbh_conf.o)
                0x08003d7c                HAL_HCD_PortDisabled_Callback
 .text.USBH_LL_Stop
                0x08003d84       0x1c ../../libDaisy/build\libdaisy.a(usbh_conf.o)
                0x08003d84                USBH_LL_Stop
 .text.dsy_hal_map_get_port
                0x08003da0       0x10 ../../libDaisy/build\libdaisy.a(hal_map.o)
                0x08003da0                dsy_hal_map_get_port
 .text.dsy_hal_map_get_pin
                0x08003db0       0x10 ../../libDaisy/build\libdaisy.a(hal_map.o)
                0x08003db0                dsy_hal_map_get_pin
 .text.dsy_hal_map_gpio_clk_enable
                0x08003dc0      0x150 ../../libDaisy/build\libdaisy.a(hal_map.o)
                0x08003dc0                dsy_hal_map_gpio_clk_enable
 .text.HAL_MspInit
                0x08003f10        0x4 ../../libDaisy/build\libdaisy.a(stm32h7xx_hal.o)
                0x08003f10                HAL_MspInit
 .text.HAL_InitTick
                0x08003f14       0x4c ../../libDaisy/build\libdaisy.a(stm32h7xx_hal.o)
                0x08003f14                HAL_InitTick
 .text.HAL_Init
                0x08003f60       0x60 ../../libDaisy/build\libdaisy.a(stm32h7xx_hal.o)
                0x08003f60                HAL_Init
 .text.HAL_IncTick
                0x08003fc0       0x18 ../../libDaisy/build\libdaisy.a(stm32h7xx_hal.o)
                0x08003fc0                HAL_IncTick
 .text.HAL_GetTick
                0x08003fd8        0xc ../../libDaisy/build\libdaisy.a(stm32h7xx_hal.o)
                0x08003fd8                HAL_GetTick
 .text.HAL_Delay
                0x08003fe4       0x24 ../../libDaisy/build\libdaisy.a(stm32h7xx_hal.o)
                0x08003fe4                HAL_Delay
 .text.HAL_GetREVID
                0x08004008        0xc ../../libDaisy/build\libdaisy.a(stm32h7xx_hal.o)
                0x08004008                HAL_GetREVID
 .text.HAL_ADC_ConvHalfCpltCallback
                0x08004014        0x4 ../../libDaisy/build\libdaisy.a(stm32h7xx_hal_adc.o)
                0x08004014                HAL_ADC_ConvHalfCpltCallback
 .text.ADC_DMAHalfConvCplt
                0x08004018        0xc ../../libDaisy/build\libdaisy.a(stm32h7xx_hal_adc.o)
                0x08004018                ADC_DMAHalfConvCplt
 .text.ADC_DMAConvCplt
                0x08004024       0x6c ../../libDaisy/build\libdaisy.a(stm32h7xx_hal_adc.o)
                0x08004024                ADC_DMAConvCplt
 .text.ADC_DMAError
                0x08004090       0x1c ../../libDaisy/build\libdaisy.a(stm32h7xx_hal_adc.o)
                0x08004090                ADC_DMAError
 .text.HAL_ADC_ConfigChannel
                0x080040ac      0x3fc ../../libDaisy/build\libdaisy.a(stm32h7xx_hal_adc.o)
                0x080040ac                HAL_ADC_ConfigChannel
 .text.ADC_Enable
                0x080044a8       0xac ../../libDaisy/build\libdaisy.a(stm32h7xx_hal_adc.o)
                0x080044a8                ADC_Enable
 .text.HAL_ADC_Start_DMA
                0x08004554      0x114 ../../libDaisy/build\libdaisy.a(stm32h7xx_hal_adc.o)
                0x08004554                HAL_ADC_Start_DMA
 .text.ADC_Disable
                0x08004668       0x68 ../../libDaisy/build\libdaisy.a(stm32h7xx_hal_adc.o)
                0x08004668                ADC_Disable
 .text.ADC_ConfigureBoostMode
                0x080046d0      0x184 ../../libDaisy/build\libdaisy.a(stm32h7xx_hal_adc.o)
                0x080046d0                ADC_ConfigureBoostMode
 .text.HAL_ADC_Init
                0x08004854      0x218 ../../libDaisy/build\libdaisy.a(stm32h7xx_hal_adc.o)
                0x08004854                HAL_ADC_Init
 .text.HAL_ADCEx_Calibration_Start
                0x08004a6c       0xa4 ../../libDaisy/build\libdaisy.a(stm32h7xx_hal_adc_ex.o)
                0x08004a6c                HAL_ADCEx_Calibration_Start
 .text.HAL_ADCEx_MultiModeConfigChannel
                0x08004b10       0xc4 ../../libDaisy/build\libdaisy.a(stm32h7xx_hal_adc_ex.o)
                0x08004b10                HAL_ADCEx_MultiModeConfigChannel
 .text.HAL_NVIC_SetPriorityGrouping
                0x08004bd4       0x24 ../../libDaisy/build\libdaisy.a(stm32h7xx_hal_cortex.o)
                0x08004bd4                HAL_NVIC_SetPriorityGrouping
 .text.HAL_NVIC_SetPriority
                0x08004bf8       0x7c ../../libDaisy/build\libdaisy.a(stm32h7xx_hal_cortex.o)
                0x08004bf8                HAL_NVIC_SetPriority
 .text.HAL_NVIC_EnableIRQ
                0x08004c74       0x1c ../../libDaisy/build\libdaisy.a(stm32h7xx_hal_cortex.o)
                0x08004c74                HAL_NVIC_EnableIRQ
 .text.HAL_NVIC_DisableIRQ
                0x08004c90       0x28 ../../libDaisy/build\libdaisy.a(stm32h7xx_hal_cortex.o)
                0x08004c90                HAL_NVIC_DisableIRQ
 .text.HAL_SYSTICK_Config
                0x08004cb8       0x2c ../../libDaisy/build\libdaisy.a(stm32h7xx_hal_cortex.o)
                0x08004cb8                HAL_SYSTICK_Config
 .text.HAL_MPU_Disable
                0x08004ce4       0x1c ../../libDaisy/build\libdaisy.a(stm32h7xx_hal_cortex.o)
                0x08004ce4                HAL_MPU_Disable
 .text.HAL_MPU_Enable
                0x08004d00       0x20 ../../libDaisy/build\libdaisy.a(stm32h7xx_hal_cortex.o)
                0x08004d00                HAL_MPU_Enable
 .text.HAL_MPU_ConfigRegion
                0x08004d20       0x64 ../../libDaisy/build\libdaisy.a(stm32h7xx_hal_cortex.o)
                0x08004d20                HAL_MPU_ConfigRegion
 .text.HAL_SYSTICK_Callback
                0x08004d84        0x4 ../../libDaisy/build\libdaisy.a(stm32h7xx_hal_cortex.o)
                0x08004d84                HAL_SYSTICK_Callback
 .text.HAL_SYSTICK_IRQHandler
                0x08004d88        0x8 ../../libDaisy/build\libdaisy.a(stm32h7xx_hal_cortex.o)
                0x08004d88                HAL_SYSTICK_IRQHandler
 .text.DMA_CalcBaseAndBitshift
                0x08004d90       0xf4 ../../libDaisy/build\libdaisy.a(stm32h7xx_hal_dma.o)
 .text.DMA_CalcDMAMUXChannelBaseAndMask
                0x08004e84       0xd8 ../../libDaisy/build\libdaisy.a(stm32h7xx_hal_dma.o)
 .text.HAL_DMA_Init
                0x08004f5c      0x37c ../../libDaisy/build\libdaisy.a(stm32h7xx_hal_dma.o)
                0x08004f5c                HAL_DMA_Init
 .text.HAL_DMA_Start_IT
                0x080052d8      0x240 ../../libDaisy/build\libdaisy.a(stm32h7xx_hal_dma.o)
                0x080052d8                HAL_DMA_Start_IT
 .text.HAL_DMA_Abort_IT
                0x08005518      0x134 ../../libDaisy/build\libdaisy.a(stm32h7xx_hal_dma.o)
                0x08005518                HAL_DMA_Abort_IT
 .text.HAL_DMA_IRQHandler
                0x0800564c      0x6a0 ../../libDaisy/build\libdaisy.a(stm32h7xx_hal_dma.o)
                0x0800564c                HAL_DMA_IRQHandler
 .text.HAL_DMA_GetError
                0x08005cec        0x4 ../../libDaisy/build\libdaisy.a(stm32h7xx_hal_dma.o)
                0x08005cec                HAL_DMA_GetError
 .text.HAL_GPIO_Init
                0x08005cf0      0x280 ../../libDaisy/build\libdaisy.a(stm32h7xx_hal_gpio.o)
                0x08005cf0                HAL_GPIO_Init
 .text.HAL_GPIO_DeInit
                0x08005f70      0x190 ../../libDaisy/build\libdaisy.a(stm32h7xx_hal_gpio.o)
                0x08005f70                HAL_GPIO_DeInit
 .text.HAL_GPIO_ReadPin
                0x08006100        0xc ../../libDaisy/build\libdaisy.a(stm32h7xx_hal_gpio.o)
                0x08006100                HAL_GPIO_ReadPin
 .text.HAL_GPIO_WritePin
                0x0800610c        0x8 ../../libDaisy/build\libdaisy.a(stm32h7xx_hal_gpio.o)
                0x0800610c                HAL_GPIO_WritePin
 .text.HAL_HCD_IRQHandler
                0x08006114      0x780 ../../libDaisy/build\libdaisy.a(stm32h7xx_hal_hcd.o)
                0x08006114                HAL_HCD_IRQHandler
 .text.HAL_HCD_Stop
                0x08006894       0x28 ../../libDaisy/build\libdaisy.a(stm32h7xx_hal_hcd.o)
                0x08006894                HAL_HCD_Stop
 .text.I2C_WaitOnTXISFlagUntilTimeout
                0x080068bc       0xb8 ../../libDaisy/build\libdaisy.a(stm32h7xx_hal_i2c.o)
 .text.I2C_WaitOnSTOPFlagUntilTimeout
                0x08006974       0xac ../../libDaisy/build\libdaisy.a(stm32h7xx_hal_i2c.o)
 .text.HAL_I2C_Init
                0x08006a20       0xac ../../libDaisy/build\libdaisy.a(stm32h7xx_hal_i2c.o)
                0x08006a20                HAL_I2C_Init
 .text.HAL_I2C_Master_Transmit
                0x08006acc      0x1a8 ../../libDaisy/build\libdaisy.a(stm32h7xx_hal_i2c.o)
                0x08006acc                HAL_I2C_Master_Transmit
 .text.HAL_I2C_Slave_Transmit
                0x08006c74      0x1c8 ../../libDaisy/build\libdaisy.a(stm32h7xx_hal_i2c.o)
                0x08006c74                HAL_I2C_Slave_Transmit
 .text.HAL_I2C_EV_IRQHandler
                0x08006e3c       0x10 ../../libDaisy/build\libdaisy.a(stm32h7xx_hal_i2c.o)
                0x08006e3c                HAL_I2C_EV_IRQHandler
 .text.HAL_I2C_GetState
                0x08006e4c        0x8 ../../libDaisy/build\libdaisy.a(stm32h7xx_hal_i2c.o)
                0x08006e4c                HAL_I2C_GetState
 .text.HAL_I2CEx_ConfigAnalogFilter
                0x08006e54       0x54 ../../libDaisy/build\libdaisy.a(stm32h7xx_hal_i2c_ex.o)
                0x08006e54                HAL_I2CEx_ConfigAnalogFilter
 .text.HAL_I2CEx_ConfigDigitalFilter
                0x08006ea8       0x58 ../../libDaisy/build\libdaisy.a(stm32h7xx_hal_i2c_ex.o)
                0x08006ea8                HAL_I2CEx_ConfigDigitalFilter
 .text.HAL_PCD_IRQHandler
                0x08006f00      0x69c ../../libDaisy/build\libdaisy.a(stm32h7xx_hal_pcd.o)
                0x08006f00                HAL_PCD_IRQHandler
 .text.HAL_PCD_SetAddress
                0x0800759c       0x2c ../../libDaisy/build\libdaisy.a(stm32h7xx_hal_pcd.o)
                0x0800759c                HAL_PCD_SetAddress
 .text.HAL_PCD_EP_Open
                0x080075c8       0x7c ../../libDaisy/build\libdaisy.a(stm32h7xx_hal_pcd.o)
                0x080075c8                HAL_PCD_EP_Open
 .text.HAL_PCD_EP_Receive
                0x08007644       0x50 ../../libDaisy/build\libdaisy.a(stm32h7xx_hal_pcd.o)
                0x08007644                HAL_PCD_EP_Receive
 .text.HAL_PCD_EP_Transmit
                0x08007694       0x50 ../../libDaisy/build\libdaisy.a(stm32h7xx_hal_pcd.o)
                0x08007694                HAL_PCD_EP_Transmit
 .text.HAL_PCD_EP_SetStall
                0x080076e4       0x88 ../../libDaisy/build\libdaisy.a(stm32h7xx_hal_pcd.o)
                0x080076e4                HAL_PCD_EP_SetStall
 .text.HAL_PCD_EP_ClrStall
                0x0800776c       0x78 ../../libDaisy/build\libdaisy.a(stm32h7xx_hal_pcd.o)
                0x0800776c                HAL_PCD_EP_ClrStall
 .text.HAL_PCDEx_LPM_Callback
                0x080077e4        0x4 ../../libDaisy/build\libdaisy.a(stm32h7xx_hal_pcd_ex.o)
                0x080077e4                HAL_PCDEx_LPM_Callback
 .text.HAL_PWREx_ConfigSupply
                0x080077e8       0x4c ../../libDaisy/build\libdaisy.a(stm32h7xx_hal_pwr_ex.o)
                0x080077e8                HAL_PWREx_ConfigSupply
 .text.HAL_PWREx_EnableUSBVoltageDetector
                0x08007834       0x10 ../../libDaisy/build\libdaisy.a(stm32h7xx_hal_pwr_ex.o)
                0x08007834                HAL_PWREx_EnableUSBVoltageDetector
 .text.QSPI_Config
                0x08007844      0x174 ../../libDaisy/build\libdaisy.a(stm32h7xx_hal_qspi.o)
 .text.HAL_QSPI_Init
                0x080079b8       0xd8 ../../libDaisy/build\libdaisy.a(stm32h7xx_hal_qspi.o)
                0x080079b8                HAL_QSPI_Init
 .text.HAL_QSPI_DeInit
                0x08007a90       0x3c ../../libDaisy/build\libdaisy.a(stm32h7xx_hal_qspi.o)
                0x08007a90                HAL_QSPI_DeInit
 .text.HAL_QSPI_Command
                0x08007acc       0xd4 ../../libDaisy/build\libdaisy.a(stm32h7xx_hal_qspi.o)
                0x08007acc                HAL_QSPI_Command
 .text.HAL_QSPI_Transmit
                0x08007ba0       0xfc ../../libDaisy/build\libdaisy.a(stm32h7xx_hal_qspi.o)
                0x08007ba0                HAL_QSPI_Transmit
 .text.HAL_QSPI_Receive
                0x08007c9c      0x108 ../../libDaisy/build\libdaisy.a(stm32h7xx_hal_qspi.o)
                0x08007c9c                HAL_QSPI_Receive
 .text.HAL_QSPI_AutoPolling
                0x08007da4       0xf0 ../../libDaisy/build\libdaisy.a(stm32h7xx_hal_qspi.o)
                0x08007da4                HAL_QSPI_AutoPolling
 .text.HAL_QSPI_MemoryMapped
                0x08007e94       0xc0 ../../libDaisy/build\libdaisy.a(stm32h7xx_hal_qspi.o)
                0x08007e94                HAL_QSPI_MemoryMapped
 .text.HAL_QSPI_ErrorCallback
                0x08007f54        0x4 ../../libDaisy/build\libdaisy.a(stm32h7xx_hal_qspi.o)
                0x08007f54                HAL_QSPI_ErrorCallback
 .text.QSPI_DMAAbortCplt
                0x08007f58       0x38 ../../libDaisy/build\libdaisy.a(stm32h7xx_hal_qspi.o)
 .text.HAL_QSPI_AbortCpltCallback
                0x08007f90        0x4 ../../libDaisy/build\libdaisy.a(stm32h7xx_hal_qspi.o)
                0x08007f90                HAL_QSPI_AbortCpltCallback
 .text.HAL_QSPI_CmdCpltCallback
                0x08007f94        0x4 ../../libDaisy/build\libdaisy.a(stm32h7xx_hal_qspi.o)
                0x08007f94                HAL_QSPI_CmdCpltCallback
 .text.HAL_QSPI_RxCpltCallback
                0x08007f98        0x4 ../../libDaisy/build\libdaisy.a(stm32h7xx_hal_qspi.o)
                0x08007f98                HAL_QSPI_RxCpltCallback
 .text.HAL_QSPI_TxCpltCallback
                0x08007f9c        0x4 ../../libDaisy/build\libdaisy.a(stm32h7xx_hal_qspi.o)
                0x08007f9c                HAL_QSPI_TxCpltCallback
 .text.HAL_QSPI_FifoThresholdCallback
                0x08007fa0        0x4 ../../libDaisy/build\libdaisy.a(stm32h7xx_hal_qspi.o)
                0x08007fa0                HAL_QSPI_FifoThresholdCallback
 .text.HAL_QSPI_StatusMatchCallback
                0x08007fa4        0x4 ../../libDaisy/build\libdaisy.a(stm32h7xx_hal_qspi.o)
                0x08007fa4                HAL_QSPI_StatusMatchCallback
 .text.HAL_QSPI_TimeOutCallback
                0x08007fa8        0x4 ../../libDaisy/build\libdaisy.a(stm32h7xx_hal_qspi.o)
                0x08007fa8                HAL_QSPI_TimeOutCallback
 .text.HAL_QSPI_IRQHandler
                0x08007fac      0x210 ../../libDaisy/build\libdaisy.a(stm32h7xx_hal_qspi.o)
                0x08007fac                HAL_QSPI_IRQHandler
 .text.HAL_RCC_OscConfig
                0x080081bc      0x51c ../../libDaisy/build\libdaisy.a(stm32h7xx_hal_rcc.o)
                0x080081bc                HAL_RCC_OscConfig
 .text.HAL_RCC_GetSysClockFreq
                0x080086d8      0x140 ../../libDaisy/build\libdaisy.a(stm32h7xx_hal_rcc.o)
                0x080086d8                HAL_RCC_GetSysClockFreq
 .text.HAL_RCC_ClockConfig
                0x08008818      0x234 ../../libDaisy/build\libdaisy.a(stm32h7xx_hal_rcc.o)
                0x08008818                HAL_RCC_ClockConfig
 .text.HAL_RCC_GetHCLKFreq
                0x08008a4c       0x2c ../../libDaisy/build\libdaisy.a(stm32h7xx_hal_rcc.o)
                0x08008a4c                HAL_RCC_GetHCLKFreq
 .text.HAL_RCC_GetPCLK1Freq
                0x08008a78       0x38 ../../libDaisy/build\libdaisy.a(stm32h7xx_hal_rcc.o)
                0x08008a78                HAL_RCC_GetPCLK1Freq
 .text.RCCEx_PLL2_Config
                0x08008ab0       0xf4 ../../libDaisy/build\libdaisy.a(stm32h7xx_hal_rcc_ex.o)
 .text.RCCEx_PLL3_Config
                0x08008ba4       0xf4 ../../libDaisy/build\libdaisy.a(stm32h7xx_hal_rcc_ex.o)
 .text.HAL_RCCEx_PeriphCLKConfig
                0x08008c98      0xa7c ../../libDaisy/build\libdaisy.a(stm32h7xx_hal_rcc_ex.o)
                0x08008c98                HAL_RCCEx_PeriphCLKConfig
 .text.HAL_RCCEx_GetPLL2ClockFreq
                0x08009714      0x17c ../../libDaisy/build\libdaisy.a(stm32h7xx_hal_rcc_ex.o)
                0x08009714                HAL_RCCEx_GetPLL2ClockFreq
 .text.HAL_RCCEx_GetPLL3ClockFreq
                0x08009890      0x17c ../../libDaisy/build\libdaisy.a(stm32h7xx_hal_rcc_ex.o)
                0x08009890                HAL_RCCEx_GetPLL3ClockFreq
 .text.HAL_RCCEx_GetPLL1ClockFreq
                0x08009a0c      0x17c ../../libDaisy/build\libdaisy.a(stm32h7xx_hal_rcc_ex.o)
                0x08009a0c                HAL_RCCEx_GetPLL1ClockFreq
 .text.HAL_RCCEx_GetPeriphCLKFreq
                0x08009b88      0x198 ../../libDaisy/build\libdaisy.a(stm32h7xx_hal_rcc_ex.o)
                0x08009b88                HAL_RCCEx_GetPeriphCLKFreq
 .text.HAL_RCCEx_GetD1SysClockFreq
                0x08009d20       0x2c ../../libDaisy/build\libdaisy.a(stm32h7xx_hal_rcc_ex.o)
                0x08009d20                HAL_RCCEx_GetD1SysClockFreq
 .text.HAL_SAI_Init.part.0
                0x08009d4c      0x348 ../../libDaisy/build\libdaisy.a(stm32h7xx_hal_sai.o)
 .text.HAL_SAI_InitProtocol
                0x0800a094      0x178 ../../libDaisy/build\libdaisy.a(stm32h7xx_hal_sai.o)
                0x0800a094                HAL_SAI_InitProtocol
 .text.HAL_SAI_Transmit_DMA
                0x0800a20c      0x124 ../../libDaisy/build\libdaisy.a(stm32h7xx_hal_sai.o)
                0x0800a20c                HAL_SAI_Transmit_DMA
 .text.HAL_SAI_Receive_DMA
                0x0800a330       0xd0 ../../libDaisy/build\libdaisy.a(stm32h7xx_hal_sai.o)
                0x0800a330                HAL_SAI_Receive_DMA
 .text.HAL_SAI_TxCpltCallback
                0x0800a400        0x4 ../../libDaisy/build\libdaisy.a(stm32h7xx_hal_sai.o)
                0x0800a400                HAL_SAI_TxCpltCallback
 .text.SAI_DMATxCplt
                0x0800a404       0x64 ../../libDaisy/build\libdaisy.a(stm32h7xx_hal_sai.o)
 .text.HAL_SAI_TxHalfCpltCallback
                0x0800a468        0x4 ../../libDaisy/build\libdaisy.a(stm32h7xx_hal_sai.o)
                0x0800a468                HAL_SAI_TxHalfCpltCallback
 .text.SAI_DMATxHalfCplt
                0x0800a46c        0xc ../../libDaisy/build\libdaisy.a(stm32h7xx_hal_sai.o)
 .text.SAI_DMARxCplt
                0x0800a478       0x64 ../../libDaisy/build\libdaisy.a(stm32h7xx_hal_sai.o)
 .text.SAI_DMARxHalfCplt
                0x0800a4dc        0xc ../../libDaisy/build\libdaisy.a(stm32h7xx_hal_sai.o)
 .text.HAL_SAI_ErrorCallback
                0x0800a4e8        0x4 ../../libDaisy/build\libdaisy.a(stm32h7xx_hal_sai.o)
                0x0800a4e8                HAL_SAI_ErrorCallback
 .text.SAI_DMAError
                0x0800a4ec       0x6c ../../libDaisy/build\libdaisy.a(stm32h7xx_hal_sai.o)
 .text.HAL_SDRAM_Init
                0x0800a558       0x54 ../../libDaisy/build\libdaisy.a(stm32h7xx_hal_sdram.o)
                0x0800a558                HAL_SDRAM_Init
 .text.HAL_SDRAM_SendCommand
                0x0800a5ac       0x40 ../../libDaisy/build\libdaisy.a(stm32h7xx_hal_sdram.o)
                0x0800a5ac                HAL_SDRAM_SendCommand
 .text.HAL_SDRAM_ProgramRefreshRate
                0x0800a5ec       0x30 ../../libDaisy/build\libdaisy.a(stm32h7xx_hal_sdram.o)
                0x0800a5ec                HAL_SDRAM_ProgramRefreshRate
 .text.FMC_SDRAM_Init
                0x0800a61c       0x7c ../../libDaisy/build\libdaisy.a(stm32h7xx_ll_fmc.o)
                0x0800a61c                FMC_SDRAM_Init
 .text.FMC_SDRAM_Timing_Init
                0x0800a698       0x98 ../../libDaisy/build\libdaisy.a(stm32h7xx_ll_fmc.o)
                0x0800a698                FMC_SDRAM_Timing_Init
 .text.FMC_SDRAM_SendCommand
                0x0800a730       0x28 ../../libDaisy/build\libdaisy.a(stm32h7xx_ll_fmc.o)
                0x0800a730                FMC_SDRAM_SendCommand
 .text.FMC_SDRAM_ProgramRefreshRate
                0x0800a758       0x1c ../../libDaisy/build\libdaisy.a(stm32h7xx_ll_fmc.o)
                0x0800a758                FMC_SDRAM_ProgramRefreshRate
 .text.USB_SetTurnaroundTime
                0x0800a774       0xf4 ../../libDaisy/build\libdaisy.a(stm32h7xx_ll_usb.o)
                0x0800a774                USB_SetTurnaroundTime
 .text.USB_FlushTxFifo
                0x0800a868       0x24 ../../libDaisy/build\libdaisy.a(stm32h7xx_ll_usb.o)
                0x0800a868                USB_FlushTxFifo
 .text.USB_GetDevSpeed
                0x0800a88c       0x18 ../../libDaisy/build\libdaisy.a(stm32h7xx_ll_usb.o)
                0x0800a88c                USB_GetDevSpeed
 .text.USB_ActivateEndpoint
                0x0800a8a4       0x90 ../../libDaisy/build\libdaisy.a(stm32h7xx_ll_usb.o)
                0x0800a8a4                USB_ActivateEndpoint
 .text.USB_EPStartXfer
                0x0800a934      0x230 ../../libDaisy/build\libdaisy.a(stm32h7xx_ll_usb.o)
                0x0800a934                USB_EPStartXfer
 .text.USB_EP0StartXfer
                0x0800ab64      0x174 ../../libDaisy/build\libdaisy.a(stm32h7xx_ll_usb.o)
                0x0800ab64                USB_EP0StartXfer
 .text.USB_WritePacket
                0x0800acd8       0x2c ../../libDaisy/build\libdaisy.a(stm32h7xx_ll_usb.o)
                0x0800acd8                USB_WritePacket
 .text.USB_ReadPacket
                0x0800ad04       0x20 ../../libDaisy/build\libdaisy.a(stm32h7xx_ll_usb.o)
                0x0800ad04                USB_ReadPacket
 .text.USB_EPSetStall
                0x0800ad24       0x68 ../../libDaisy/build\libdaisy.a(stm32h7xx_ll_usb.o)
                0x0800ad24                USB_EPSetStall
 .text.USB_EPClearStall
                0x0800ad8c       0x58 ../../libDaisy/build\libdaisy.a(stm32h7xx_ll_usb.o)
                0x0800ad8c                USB_EPClearStall
 .text.USB_SetDevAddress
                0x0800ade4       0x24 ../../libDaisy/build\libdaisy.a(stm32h7xx_ll_usb.o)
                0x0800ade4                USB_SetDevAddress
 .text.USB_ReadInterrupts
                0x0800ae08        0x8 ../../libDaisy/build\libdaisy.a(stm32h7xx_ll_usb.o)
                0x0800ae08                USB_ReadInterrupts
 .text.USB_ReadDevAllOutEpInterrupt
                0x0800ae10       0x10 ../../libDaisy/build\libdaisy.a(stm32h7xx_ll_usb.o)
                0x0800ae10                USB_ReadDevAllOutEpInterrupt
 .text.USB_ReadDevAllInEpInterrupt
                0x0800ae20       0x10 ../../libDaisy/build\libdaisy.a(stm32h7xx_ll_usb.o)
                0x0800ae20                USB_ReadDevAllInEpInterrupt
 .text.USB_ReadDevOutEPInterrupt
                0x0800ae30       0x14 ../../libDaisy/build\libdaisy.a(stm32h7xx_ll_usb.o)
                0x0800ae30                USB_ReadDevOutEPInterrupt
 .text.USB_ReadDevInEPInterrupt
                0x0800ae44       0x20 ../../libDaisy/build\libdaisy.a(stm32h7xx_ll_usb.o)
                0x0800ae44                USB_ReadDevInEPInterrupt
 .text.USB_GetMode
                0x0800ae64        0x8 ../../libDaisy/build\libdaisy.a(stm32h7xx_ll_usb.o)
                0x0800ae64                USB_GetMode
 .text.USB_ActivateSetup
                0x0800ae6c       0x38 ../../libDaisy/build\libdaisy.a(stm32h7xx_ll_usb.o)
                0x0800ae6c                USB_ActivateSetup
 .text.USB_EP0_OutStart
                0x0800aea4       0x58 ../../libDaisy/build\libdaisy.a(stm32h7xx_ll_usb.o)
                0x0800aea4                USB_EP0_OutStart
 .text.USB_InitFSLSPClkSel
                0x0800aefc       0x44 ../../libDaisy/build\libdaisy.a(stm32h7xx_ll_usb.o)
                0x0800aefc                USB_InitFSLSPClkSel
 .text.USB_HC_ReadInterrupt
                0x0800af40        0x8 ../../libDaisy/build\libdaisy.a(stm32h7xx_ll_usb.o)
                0x0800af40                USB_HC_ReadInterrupt
 .text.USB_HC_Halt
                0x0800af48       0xb4 ../../libDaisy/build\libdaisy.a(stm32h7xx_ll_usb.o)
                0x0800af48                USB_HC_Halt
 .text.USB_StopHost
                0x0800affc      0x184 ../../libDaisy/build\libdaisy.a(stm32h7xx_ll_usb.o)
                0x0800affc                USB_StopHost
 .text.USBD_SetClassConfig
                0x0800b180       0x14 ../../libDaisy/build\libdaisy.a(usbd_core.o)
                0x0800b180                USBD_SetClassConfig
 .text.USBD_ClrClassConfig
                0x0800b194       0x10 ../../libDaisy/build\libdaisy.a(usbd_core.o)
                0x0800b194                USBD_ClrClassConfig
 .text.USBD_LL_SetupStage
                0x0800b1a4       0x5c ../../libDaisy/build\libdaisy.a(usbd_core.o)
                0x0800b1a4                USBD_LL_SetupStage
 .text.USBD_LL_DataOutStage
                0x0800b200       0x7c ../../libDaisy/build\libdaisy.a(usbd_core.o)
                0x0800b200                USBD_LL_DataOutStage
 .text.USBD_LL_DataInStage
                0x0800b27c       0xcc ../../libDaisy/build\libdaisy.a(usbd_core.o)
                0x0800b27c                USBD_LL_DataInStage
 .text.USBD_LL_Reset
                0x0800b348       0x50 ../../libDaisy/build\libdaisy.a(usbd_core.o)
                0x0800b348                USBD_LL_Reset
 .text.USBD_LL_SetSpeed
                0x0800b398        0x8 ../../libDaisy/build\libdaisy.a(usbd_core.o)
                0x0800b398                USBD_LL_SetSpeed
 .text.USBD_LL_Suspend
                0x0800b3a0       0x14 ../../libDaisy/build\libdaisy.a(usbd_core.o)
                0x0800b3a0                USBD_LL_Suspend
 .text.USBD_LL_Resume
                0x0800b3b4       0x10 ../../libDaisy/build\libdaisy.a(usbd_core.o)
                0x0800b3b4                USBD_LL_Resume
 .text.USBD_LL_SOF
                0x0800b3c4       0x1c ../../libDaisy/build\libdaisy.a(usbd_core.o)
                0x0800b3c4                USBD_LL_SOF
 .text.USBD_LL_IsoINIncomplete
                0x0800b3e0        0x4 ../../libDaisy/build\libdaisy.a(usbd_core.o)
                0x0800b3e0                USBD_LL_IsoINIncomplete
 .text.USBD_LL_IsoOUTIncomplete
                0x0800b3e4        0x4 ../../libDaisy/build\libdaisy.a(usbd_core.o)
                0x0800b3e4                USBD_LL_IsoOUTIncomplete
 .text.USBD_LL_DevConnected
                0x0800b3e8        0x4 ../../libDaisy/build\libdaisy.a(usbd_core.o)
                0x0800b3e8                USBD_LL_DevConnected
 .text.USBD_LL_DevDisconnected
                0x0800b3ec       0x18 ../../libDaisy/build\libdaisy.a(usbd_core.o)
                0x0800b3ec                USBD_LL_DevDisconnected
 .text.USBD_StdDevReq
                0x0800b404      0x304 ../../libDaisy/build\libdaisy.a(usbd_ctlreq.o)
                0x0800b404                USBD_StdDevReq
 .text.USBD_StdItfReq
                0x0800b708       0x68 ../../libDaisy/build\libdaisy.a(usbd_ctlreq.o)
                0x0800b708                USBD_StdItfReq
 .text.USBD_StdEPReq
                0x0800b770      0x13c ../../libDaisy/build\libdaisy.a(usbd_ctlreq.o)
                0x0800b770                USBD_StdEPReq
 .text.USBD_ParseSetupRequest
                0x0800b8ac       0x28 ../../libDaisy/build\libdaisy.a(usbd_ctlreq.o)
                0x0800b8ac                USBD_ParseSetupRequest
 .text.USBD_CtlSendData
                0x0800b8d4       0x1c ../../libDaisy/build\libdaisy.a(usbd_ioreq.o)
                0x0800b8d4                USBD_CtlSendData
 .text.USBD_CtlContinueSendData
                0x0800b8f0       0x14 ../../libDaisy/build\libdaisy.a(usbd_ioreq.o)
                0x0800b8f0                USBD_CtlContinueSendData
 .text.USBD_CtlContinueRx
                0x0800b904       0x14 ../../libDaisy/build\libdaisy.a(usbd_ioreq.o)
                0x0800b904                USBD_CtlContinueRx
 .text.USBD_CtlSendStatus
                0x0800b918       0x18 ../../libDaisy/build\libdaisy.a(usbd_ioreq.o)
                0x0800b918                USBD_CtlSendStatus
 .text.USBD_CtlReceiveStatus
                0x0800b930       0x18 ../../libDaisy/build\libdaisy.a(usbd_ioreq.o)
                0x0800b930                USBD_CtlReceiveStatus
 .text.USBH_LL_IncTimer
                0x0800b948       0x20 ../../libDaisy/build\libdaisy.a(usbh_core.o)
                0x0800b948                USBH_LL_IncTimer
 .text.USBH_LL_PortEnabled
                0x0800b968        0x8 ../../libDaisy/build\libdaisy.a(usbh_core.o)
                0x0800b968                USBH_LL_PortEnabled
 .text.USBH_LL_PortDisabled
                0x0800b970        0x8 ../../libDaisy/build\libdaisy.a(usbh_core.o)
                0x0800b970                USBH_LL_PortDisabled
 .text.USBH_LL_Connect
                0x0800b978       0x18 ../../libDaisy/build\libdaisy.a(usbh_core.o)
                0x0800b978                USBH_LL_Connect
 .text.USBH_LL_Disconnect
                0x0800b990       0x2c ../../libDaisy/build\libdaisy.a(usbh_core.o)
                0x0800b990                USBH_LL_Disconnect
 .text.USBH_FreePipe
                0x0800b9bc       0x18 ../../libDaisy/build\libdaisy.a(usbh_pipes.o)
                0x0800b9bc                USBH_FreePipe
 .text._ZN5daisy6Random4InitEv
                0x0800b9d4       0x3c ../../libDaisy/build\libdaisy.a(rng.o)
                0x0800b9d4                daisy::Random::Init()
 .text._ZN5daisy9SpiHandle4Impl7InitDmaEv
                0x0800ba10       0xec ../../libDaisy/build\libdaisy.a(spi.o)
                0x0800ba10                daisy::SpiHandle::Impl::InitDma()
 .text._ZN5daisy9SpiHandle4Impl10StartDmaTxEPhjPFvPvEPFvS3_NS0_6ResultEES3_
                0x0800bafc       0xc8 ../../libDaisy/build\libdaisy.a(spi.o)
                0x0800bafc                daisy::SpiHandle::Impl::StartDmaTx(unsigned char*, unsigned int, void (*)(void*), void (*)(void*, daisy::SpiHandle::Result), void*)
 .text._ZN5daisy9SpiHandle4Impl10StartDmaRxEPhjPFvPvEPFvS3_NS0_6ResultEES3_
                0x0800bbc4       0xc8 ../../libDaisy/build\libdaisy.a(spi.o)
                0x0800bbc4                daisy::SpiHandle::Impl::StartDmaRx(unsigned char*, unsigned int, void (*)(void*), void (*)(void*, daisy::SpiHandle::Result), void*)
 .text._ZN5daisy9SpiHandle4Impl12StartDmaRxTxEPhS2_jPFvPvEPFvS3_NS0_6ResultEES3_
                0x0800bc8c       0xcc ../../libDaisy/build\libdaisy.a(spi.o)
                0x0800bc8c                daisy::SpiHandle::Impl::StartDmaRxTx(unsigned char*, unsigned char*, unsigned int, void (*)(void*), void (*)(void*, daisy::SpiHandle::Result), void*)
 .text._ZN5daisy9SpiHandle4Impl8InitPinsEv
                0x0800bd58      0x274 ../../libDaisy/build\libdaisy.a(spi.o)
                0x0800bd58                daisy::SpiHandle::Impl::InitPins()
 .text.HAL_SPI_MspInit
                0x0800bfcc      0x1a8 ../../libDaisy/build\libdaisy.a(spi.o)
                0x0800bfcc                HAL_SPI_MspInit
 .text.dsy_spi_global_init
                0x0800c174       0x80 ../../libDaisy/build\libdaisy.a(spi.o)
                0x0800c174                dsy_spi_global_init
 .text.SPI1_IRQHandler
                0x0800c1f4        0xc ../../libDaisy/build\libdaisy.a(spi.o)
                0x0800c1f4                SPI1_IRQHandler
 .text.DMA2_Stream2_IRQHandler
                0x0800c200       0x34 ../../libDaisy/build\libdaisy.a(spi.o)
                0x0800c200                DMA2_Stream2_IRQHandler
 .text.DMA2_Stream3_IRQHandler
                0x0800c234       0x38 ../../libDaisy/build\libdaisy.a(spi.o)
                0x0800c234                DMA2_Stream3_IRQHandler
 .text.HAL_SPI_TxCpltCallback
                0x0800c26c       0xc4 ../../libDaisy/build\libdaisy.a(spi.o)
                0x0800c26c                HAL_SPI_TxCpltCallback
 .text.HAL_SPI_RxCpltCallback
                0x0800c330       0xc4 ../../libDaisy/build\libdaisy.a(spi.o)
                0x0800c330                HAL_SPI_RxCpltCallback
 .text.HAL_SPI_TxRxCpltCallback
                0x0800c3f4       0xc4 ../../libDaisy/build\libdaisy.a(spi.o)
                0x0800c3f4                HAL_SPI_TxRxCpltCallback
 .text.HAL_SPI_ErrorCallback
                0x0800c4b8       0xc8 ../../libDaisy/build\libdaisy.a(spi.o)
                0x0800c4b8                HAL_SPI_ErrorCallback
 .text.startup._GLOBAL__sub_I__Z19MapInstanceToHandleP11SPI_TypeDef
                0x0800c580      0x1b0 ../../libDaisy/build\libdaisy.a(spi.o)
 .text.HAL_TIM_Base_MspInit
                0x0800c730       0xcc ../../libDaisy/build\libdaisy.a(tim.o)
                0x0800c730                HAL_TIM_Base_MspInit
 .text._ZN5daisy11TimerHandle4InitERKNS0_6ConfigE
                0x0800c7fc       0xc4 ../../libDaisy/build\libdaisy.a(tim.o)
                0x0800c7fc                daisy::TimerHandle::Init(daisy::TimerHandle::Config const&)
 .text._ZN5daisy11TimerHandle5StartEv
                0x0800c8c0       0x14 ../../libDaisy/build\libdaisy.a(tim.o)
                0x0800c8c0                daisy::TimerHandle::Start()
 .text.dsy_dma_init
                0x0800c8d4       0xf0 ../../libDaisy/build\libdaisy.a(dma.o)
                0x0800c8d4                dsy_dma_init
 .text.HAL_MDMA_Abort_IT
                0x0800c9c4       0x2c ../../libDaisy/build\libdaisy.a(stm32h7xx_hal_mdma.o)
                0x0800c9c4                HAL_MDMA_Abort_IT
 .text.SPI_CloseTransfer
                0x0800c9f0       0xb8 ../../libDaisy/build\libdaisy.a(stm32h7xx_hal_spi.o)
 .text.HAL_SPI_Init
                0x0800caa8      0x15c ../../libDaisy/build\libdaisy.a(stm32h7xx_hal_spi.o)
                0x0800caa8                HAL_SPI_Init
 .text.HAL_SPI_Transmit_DMA
                0x0800cc04      0x170 ../../libDaisy/build\libdaisy.a(stm32h7xx_hal_spi.o)
                0x0800cc04                HAL_SPI_Transmit_DMA
 .text.HAL_SPI_TransmitReceive_DMA
                0x0800cd74      0x218 ../../libDaisy/build\libdaisy.a(stm32h7xx_hal_spi.o)
                0x0800cd74                HAL_SPI_TransmitReceive_DMA
 .text.HAL_SPI_Receive_DMA
                0x0800cf8c      0x1b4 ../../libDaisy/build\libdaisy.a(stm32h7xx_hal_spi.o)
                0x0800cf8c                HAL_SPI_Receive_DMA
 .text.SPI_DMATransmitCplt
                0x0800d140       0x28 ../../libDaisy/build\libdaisy.a(stm32h7xx_hal_spi.o)
 .text.SPI_DMAReceiveCplt
                0x0800d168       0x28 ../../libDaisy/build\libdaisy.a(stm32h7xx_hal_spi.o)
 .text.SPI_DMATransmitReceiveCplt
                0x0800d190       0x28 ../../libDaisy/build\libdaisy.a(stm32h7xx_hal_spi.o)
 .text.HAL_SPI_TxHalfCpltCallback
                0x0800d1b8        0x4 ../../libDaisy/build\libdaisy.a(stm32h7xx_hal_spi.o)
                0x0800d1b8                HAL_SPI_TxHalfCpltCallback
 .text.SPI_DMAHalfTransmitCplt
                0x0800d1bc        0xc ../../libDaisy/build\libdaisy.a(stm32h7xx_hal_spi.o)
 .text.HAL_SPI_RxHalfCpltCallback
                0x0800d1c8        0x4 ../../libDaisy/build\libdaisy.a(stm32h7xx_hal_spi.o)
                0x0800d1c8                HAL_SPI_RxHalfCpltCallback
 .text.SPI_DMAHalfReceiveCplt
                0x0800d1cc        0xc ../../libDaisy/build\libdaisy.a(stm32h7xx_hal_spi.o)
 .text.HAL_SPI_TxRxHalfCpltCallback
                0x0800d1d8        0x4 ../../libDaisy/build\libdaisy.a(stm32h7xx_hal_spi.o)
                0x0800d1d8                HAL_SPI_TxRxHalfCpltCallback
 .text.SPI_DMAHalfTransmitReceiveCplt
                0x0800d1dc        0xc ../../libDaisy/build\libdaisy.a(stm32h7xx_hal_spi.o)
 .text.SPI_DMAError
                0x0800d1e8       0xd8 ../../libDaisy/build\libdaisy.a(stm32h7xx_hal_spi.o)
 .text.HAL_SPI_IRQHandler
                0x0800d2c0      0x23c ../../libDaisy/build\libdaisy.a(stm32h7xx_hal_spi.o)
                0x0800d2c0                HAL_SPI_IRQHandler
 .text.SPI_DMAAbortOnError
                0x0800d4fc       0x1c ../../libDaisy/build\libdaisy.a(stm32h7xx_hal_spi.o)
 .text.HAL_SPI_GetState
                0x0800d518        0x8 ../../libDaisy/build\libdaisy.a(stm32h7xx_hal_spi.o)
                0x0800d518                HAL_SPI_GetState
 .text.HAL_TIM_Base_Init
                0x0800d520      0x140 ../../libDaisy/build\libdaisy.a(stm32h7xx_hal_tim.o)
                0x0800d520                HAL_TIM_Base_Init
 .text.HAL_TIM_Base_Start
                0x0800d660       0x34 ../../libDaisy/build\libdaisy.a(stm32h7xx_hal_tim.o)
                0x0800d660                HAL_TIM_Base_Start
 .text.HAL_TIM_ConfigClockSource
                0x0800d694      0x17c ../../libDaisy/build\libdaisy.a(stm32h7xx_hal_tim.o)
                0x0800d694                HAL_TIM_ConfigClockSource
 .text.HAL_TIMEx_MasterConfigSynchronization
                0x0800d810       0x64 ../../libDaisy/build\libdaisy.a(stm32h7xx_hal_tim_ex.o)
                0x0800d810                HAL_TIMEx_MasterConfigSynchronization
 .text._ZN7daisysp10Oscillator7ProcessEv
                0x0800d874      0x3c4 ../../DaisySP/build\libdaisysp.a(oscillator.o)
                0x0800d874                daisysp::Oscillator::Process()
 .text._ZN7daisysp10Oscillator12CalcPhaseIncEf
                0x0800dc38       0x18 ../../DaisySP/build\libdaisysp.a(oscillator.o)
                0x0800dc38                daisysp::Oscillator::CalcPhaseInc(float)
 .text.__aeabi_atexit
                0x0800dc50        0xa c:/users/ethan/documents/daisytoolchain-0.3.2/windows/bin/../lib/gcc/arm-none-eabi/10.2.1/../../../../arm-none-eabi/lib/thumb/v7e-m+dp/hard\libstdc++_nano.a(atexit_arm.o)
                0x0800dc50                __aeabi_atexit
 *fill*         0x0800dc5a        0x6 
 .text.sinf     0x0800dc60      0x20c c:/users/ethan/documents/daisytoolchain-0.3.2/windows/bin/../lib/gcc/arm-none-eabi/10.2.1/../../../../arm-none-eabi/lib/thumb/v7e-m+dp/hard\libm.a(lib_a-sinf.o)
                0x0800dc60                sinf
 .text.fmodf    0x0800de6c       0x54 c:/users/ethan/documents/daisytoolchain-0.3.2/windows/bin/../lib/gcc/arm-none-eabi/10.2.1/../../../../arm-none-eabi/lib/thumb/v7e-m+dp/hard\libm.a(lib_a-wf_fmod.o)
                0x0800de6c                fmodf
 .text.__ieee754_fmodf
                0x0800dec0      0x120 c:/users/ethan/documents/daisytoolchain-0.3.2/windows/bin/../lib/gcc/arm-none-eabi/10.2.1/../../../../arm-none-eabi/lib/thumb/v7e-m+dp/hard\libm.a(lib_a-ef_fmod.o)
                0x0800dec0                __ieee754_fmodf
 .text.with_errnof
                0x0800dfe0       0x18 c:/users/ethan/documents/daisytoolchain-0.3.2/windows/bin/../lib/gcc/arm-none-eabi/10.2.1/../../../../arm-none-eabi/lib/thumb/v7e-m+dp/hard\libm.a(lib_a-math_errf.o)
 .text.__math_invalidf
                0x0800dff8       0x20 c:/users/ethan/documents/daisytoolchain-0.3.2/windows/bin/../lib/gcc/arm-none-eabi/10.2.1/../../../../arm-none-eabi/lib/thumb/v7e-m+dp/hard\libm.a(lib_a-math_errf.o)
                0x0800dff8                __math_invalidf
 .text.__cxa_atexit
                0x0800e018       0x1c c:/users/ethan/documents/daisytoolchain-0.3.2/windows/bin/../lib/gcc/arm-none-eabi/10.2.1/../../../../arm-none-eabi/lib/thumb/v7e-m+dp/hard\libc_nano.a(lib_a-cxa_atexit.o)
                0x0800e018                __cxa_atexit
 .text.__errno  0x0800e034        0xc c:/users/ethan/documents/daisytoolchain-0.3.2/windows/bin/../lib/gcc/arm-none-eabi/10.2.1/../../../../arm-none-eabi/lib/thumb/v7e-m+dp/hard\libc_nano.a(lib_a-errno.o)
                0x0800e034                __errno
 .text.__libc_init_array
                0x0800e040       0x48 c:/users/ethan/documents/daisytoolchain-0.3.2/windows/bin/../lib/gcc/arm-none-eabi/10.2.1/../../../../arm-none-eabi/lib/thumb/v7e-m+dp/hard\libc_nano.a(lib_a-init.o)
                0x0800e040                __libc_init_array
 .text.memcpy   0x0800e088       0x1c c:/users/ethan/documents/daisytoolchain-0.3.2/windows/bin/../lib/gcc/arm-none-eabi/10.2.1/../../../../arm-none-eabi/lib/thumb/v7e-m+dp/hard\libc_nano.a(lib_a-memcpy-stub.o)
                0x0800e088                memcpy
 .text.memset   0x0800e0a4       0x10 c:/users/ethan/documents/daisytoolchain-0.3.2/windows/bin/../lib/gcc/arm-none-eabi/10.2.1/../../../../arm-none-eabi/lib/thumb/v7e-m+dp/hard\libc_nano.a(lib_a-memset.o)
                0x0800e0a4                memset
 *(.rodata)
 .rodata        0x0800e0b4       0x10 ../../libDaisy/build\libdaisy.a(i2c.o)
 .rodata        0x0800e0c4       0x10 ../../libDaisy/build\libdaisy.a(tim.o)
 *(.rodata*)
 .rodata._ZL8seedgpio
                0x0800e0d4       0x3e ../../libDaisy/build\libdaisy.a(daisy_seed.o)
 *fill*         0x0800e112        0x2 
 .rodata._ZL16dsy_adc_rank_map
                0x0800e114       0x40 ../../libDaisy/build\libdaisy.a(adc.o)
 .rodata.CSWTCH.35
                0x0800e154        0x3 ../../libDaisy/build\libdaisy.a(sai.o)
 *fill*         0x0800e157        0x1 
 .rodata.CSWTCH.36
                0x0800e158        0xc ../../libDaisy/build\libdaisy.a(sai.o)
 .rodata.CSWTCH.44
                0x0800e164       0x14 ../../libDaisy/build\libdaisy.a(sai.o)
 .rodata.D1CorePrescTable
                0x0800e178       0x10 ../../libDaisy/build\libdaisy.a(system_stm32h7xx.o)
                0x0800e178                D1CorePrescTable
 .rodata.CSWTCH.24
                0x0800e188        0x4 ../../libDaisy/build\libdaisy.a(usbd_conf.o)
 .rodata.CSWTCH.19
                0x0800e18c        0x4 ../../libDaisy/build\libdaisy.a(usbh_conf.o)
 .rodata.gpio_hal_pin_map
                0x0800e190       0x20 ../../libDaisy/build\libdaisy.a(hal_map.o)
 .rodata.gpio_hal_port_map
                0x0800e1b0       0x30 ../../libDaisy/build\libdaisy.a(hal_map.o)
 .rodata.flagBitshiftOffset.0
                0x0800e1e0        0x8 ../../libDaisy/build\libdaisy.a(stm32h7xx_hal_dma.o)
 .rodata._ZL13pins_none_spi
                0x0800e1e8        0x3 ../../libDaisy/build\libdaisy.a(spi.o)
 *fill*         0x0800e1eb        0x1 
 .rodata._ZL16pins_periphs_spi
                0x0800e1ec       0x60 ../../libDaisy/build\libdaisy.a(spi.o)
 .rodata.Zero   0x0800e24c        0x8 c:/users/ethan/documents/daisytoolchain-0.3.2/windows/bin/../lib/gcc/arm-none-eabi/10.2.1/../../../../arm-none-eabi/lib/thumb/v7e-m+dp/hard\libm.a(lib_a-ef_fmod.o)
 .rodata.__inv_pio4
                0x0800e254       0x60 c:/users/ethan/documents/daisytoolchain-0.3.2/windows/bin/../lib/gcc/arm-none-eabi/10.2.1/../../../../arm-none-eabi/lib/thumb/v7e-m+dp/hard\libm.a(lib_a-sincosf_data.o)
                0x0800e254                __inv_pio4
 *fill*         0x0800e2b4        0x4 
 .rodata.__sincosf_table
                0x0800e2b8       0xe0 c:/users/ethan/documents/daisytoolchain-0.3.2/windows/bin/../lib/gcc/arm-none-eabi/10.2.1/../../../../arm-none-eabi/lib/thumb/v7e-m+dp/hard\libm.a(lib_a-sincosf_data.o)
                0x0800e2b8                __sincosf_table
 .rodata.__sf_fake_stderr
                0x0800e398       0x20 c:/users/ethan/documents/daisytoolchain-0.3.2/windows/bin/../lib/gcc/arm-none-eabi/10.2.1/../../../../arm-none-eabi/lib/thumb/v7e-m+dp/hard\libc_nano.a(lib_a-findfp.o)
                0x0800e398                __sf_fake_stderr
 .rodata.__sf_fake_stdin
                0x0800e3b8       0x20 c:/users/ethan/documents/daisytoolchain-0.3.2/windows/bin/../lib/gcc/arm-none-eabi/10.2.1/../../../../arm-none-eabi/lib/thumb/v7e-m+dp/hard\libc_nano.a(lib_a-findfp.o)
                0x0800e3b8                __sf_fake_stdin
 .rodata.__sf_fake_stdout
                0x0800e3d8       0x20 c:/users/ethan/documents/daisytoolchain-0.3.2/windows/bin/../lib/gcc/arm-none-eabi/10.2.1/../../../../arm-none-eabi/lib/thumb/v7e-m+dp/hard\libc_nano.a(lib_a-findfp.o)
                0x0800e3d8                __sf_fake_stdout
 *(.glue_7)
 .glue_7        0x0800e3f8        0x0 linker stubs
 *(.glue_7t)
 .glue_7t       0x0800e3f8        0x0 linker stubs
 *(.init)
 .init          0x0800e3f8        0x4 c:/users/ethan/documents/daisytoolchain-0.3.2/windows/bin/../lib/gcc/arm-none-eabi/10.2.1/thumb/v7e-m+dp/hard/crti.o
                0x0800e3f8                _init
 .init          0x0800e3fc        0x8 c:/users/ethan/documents/daisytoolchain-0.3.2/windows/bin/../lib/gcc/arm-none-eabi/10.2.1/thumb/v7e-m+dp/hard/crtn.o
 *(.fini)
 .fini          0x0800e404        0x4 c:/users/ethan/documents/daisytoolchain-0.3.2/windows/bin/../lib/gcc/arm-none-eabi/10.2.1/thumb/v7e-m+dp/hard/crti.o
                0x0800e404                _fini
 .fini          0x0800e408        0x8 c:/users/ethan/documents/daisytoolchain-0.3.2/windows/bin/../lib/gcc/arm-none-eabi/10.2.1/thumb/v7e-m+dp/hard/crtn.o
                0x0800e410                . = ALIGN (0x4)
                0x0800e410                _etext = .

.eh_frame       0x0800e410        0x0
 .eh_frame      0x0800e410        0x0 c:/users/ethan/documents/daisytoolchain-0.3.2/windows/bin/../lib/gcc/arm-none-eabi/10.2.1/thumb/v7e-m+dp/hard/crtbegin.o

.vfp11_veneer   0x0800e410        0x0
 .vfp11_veneer  0x0800e410        0x0 linker stubs

.v4_bx          0x0800e410        0x0
 .v4_bx         0x0800e410        0x0 linker stubs

.iplt           0x0800e410        0x0
 .iplt          0x0800e410        0x0 c:/users/ethan/documents/daisytoolchain-0.3.2/windows/bin/../lib/gcc/arm-none-eabi/10.2.1/thumb/v7e-m+dp/hard/crtbegin.o

.rel.dyn        0x0800e410        0x0
 .rel.iplt      0x0800e410        0x0 c:/users/ethan/documents/daisytoolchain-0.3.2/windows/bin/../lib/gcc/arm-none-eabi/10.2.1/thumb/v7e-m+dp/hard/crtbegin.o

.ARM.extab      0x0800e410        0x0
                0x0800e410                . = ALIGN (0x4)
 *(.ARM.extab)
 *(.gnu.linkonce.armextab.*)
                0x0800e410                . = ALIGN (0x4)

.exidx          0x0800e410        0x0
                0x0800e410                . = ALIGN (0x4)
                [!provide]                PROVIDE (__exidx_start = .)
 *(.ARM.exidx*)
                0x0800e410                . = ALIGN (0x4)
                [!provide]                PROVIDE (__exidx_end = .)

.ARM.attributes
                0x0800e410       0x2e
 *(.ARM.attributes)
 .ARM.attributes
                0x0800e410       0x1e c:/users/ethan/documents/daisytoolchain-0.3.2/windows/bin/../lib/gcc/arm-none-eabi/10.2.1/thumb/v7e-m+dp/hard/crti.o
 .ARM.attributes
                0x0800e42e       0x32 c:/users/ethan/documents/daisytoolchain-0.3.2/windows/bin/../lib/gcc/arm-none-eabi/10.2.1/thumb/v7e-m+dp/hard/crtbegin.o
 .ARM.attributes
                0x0800e460       0x32 build/startup_stm32h750xx.o
 .ARM.attributes
                0x0800e492       0x32 build/oscillator.o
 .ARM.attributes
                0x0800e4c4       0x32 ../../libDaisy/build\libdaisy.a(daisy_seed.o)
 .ARM.attributes
                0x0800e4f6       0x32 ../../libDaisy/build\libdaisy.a(codec_ak4556.o)
 .ARM.attributes
                0x0800e528       0x32 ../../libDaisy/build\libdaisy.a(codec_wm8731.o)
 .ARM.attributes
                0x0800e55a       0x32 ../../libDaisy/build\libdaisy.a(sdram.o)
 .ARM.attributes
                0x0800e58c       0x32 ../../libDaisy/build\libdaisy.a(audio.o)
 .ARM.attributes
                0x0800e5be       0x32 ../../libDaisy/build\libdaisy.a(switch.o)
 .ARM.attributes
                0x0800e5f0       0x32 ../../libDaisy/build\libdaisy.a(adc.o)
 .ARM.attributes
                0x0800e622       0x32 ../../libDaisy/build\libdaisy.a(gpio.o)
 .ARM.attributes
                0x0800e654       0x32 ../../libDaisy/build\libdaisy.a(i2c.o)
 .ARM.attributes
                0x0800e686       0x32 ../../libDaisy/build\libdaisy.a(qspi.o)
 .ARM.attributes
                0x0800e6b8       0x32 ../../libDaisy/build\libdaisy.a(sai.o)
 .ARM.attributes
                0x0800e6ea       0x32 ../../libDaisy/build\libdaisy.a(system.o)
 .ARM.attributes
                0x0800e71c       0x32 ../../libDaisy/build\libdaisy.a(system_stm32h7xx.o)
 .ARM.attributes
                0x0800e74e       0x32 ../../libDaisy/build\libdaisy.a(usbd_conf.o)
 .ARM.attributes
                0x0800e780       0x32 ../../libDaisy/build\libdaisy.a(usbh_conf.o)
 .ARM.attributes
                0x0800e7b2       0x32 ../../libDaisy/build\libdaisy.a(hal_map.o)
 .ARM.attributes
                0x0800e7e4       0x32 ../../libDaisy/build\libdaisy.a(stm32h7xx_hal.o)
 .ARM.attributes
                0x0800e816       0x32 ../../libDaisy/build\libdaisy.a(stm32h7xx_hal_adc.o)
 .ARM.attributes
                0x0800e848       0x32 ../../libDaisy/build\libdaisy.a(stm32h7xx_hal_adc_ex.o)
 .ARM.attributes
                0x0800e87a       0x32 ../../libDaisy/build\libdaisy.a(stm32h7xx_hal_cortex.o)
 .ARM.attributes
                0x0800e8ac       0x32 ../../libDaisy/build\libdaisy.a(stm32h7xx_hal_dma.o)
 .ARM.attributes
                0x0800e8de       0x32 ../../libDaisy/build\libdaisy.a(stm32h7xx_hal_gpio.o)
 .ARM.attributes
                0x0800e910       0x32 ../../libDaisy/build\libdaisy.a(stm32h7xx_hal_hcd.o)
 .ARM.attributes
                0x0800e942       0x32 ../../libDaisy/build\libdaisy.a(stm32h7xx_hal_i2c.o)
 .ARM.attributes
                0x0800e974       0x32 ../../libDaisy/build\libdaisy.a(stm32h7xx_hal_i2c_ex.o)
 .ARM.attributes
                0x0800e9a6       0x32 ../../libDaisy/build\libdaisy.a(stm32h7xx_hal_pcd.o)
 .ARM.attributes
                0x0800e9d8       0x32 ../../libDaisy/build\libdaisy.a(stm32h7xx_hal_pcd_ex.o)
 .ARM.attributes
                0x0800ea0a       0x32 ../../libDaisy/build\libdaisy.a(stm32h7xx_hal_pwr_ex.o)
 .ARM.attributes
                0x0800ea3c       0x32 ../../libDaisy/build\libdaisy.a(stm32h7xx_hal_qspi.o)
 .ARM.attributes
                0x0800ea6e       0x32 ../../libDaisy/build\libdaisy.a(stm32h7xx_hal_rcc.o)
 .ARM.attributes
                0x0800eaa0       0x32 ../../libDaisy/build\libdaisy.a(stm32h7xx_hal_rcc_ex.o)
 .ARM.attributes
                0x0800ead2       0x32 ../../libDaisy/build\libdaisy.a(stm32h7xx_hal_sai.o)
 .ARM.attributes
                0x0800eb04       0x32 ../../libDaisy/build\libdaisy.a(stm32h7xx_hal_sdram.o)
 .ARM.attributes
                0x0800eb36       0x32 ../../libDaisy/build\libdaisy.a(stm32h7xx_ll_fmc.o)
 .ARM.attributes
                0x0800eb68       0x32 ../../libDaisy/build\libdaisy.a(stm32h7xx_ll_usb.o)
 .ARM.attributes
                0x0800eb9a       0x32 ../../libDaisy/build\libdaisy.a(usbd_core.o)
 .ARM.attributes
                0x0800ebcc       0x32 ../../libDaisy/build\libdaisy.a(usbd_ctlreq.o)
 .ARM.attributes
                0x0800ebfe       0x32 ../../libDaisy/build\libdaisy.a(usbd_ioreq.o)
 .ARM.attributes
                0x0800ec30       0x32 ../../libDaisy/build\libdaisy.a(usbh_core.o)
 .ARM.attributes
                0x0800ec62       0x32 ../../libDaisy/build\libdaisy.a(usbh_pipes.o)
 .ARM.attributes
                0x0800ec94       0x32 ../../libDaisy/build\libdaisy.a(rng.o)
 .ARM.attributes
                0x0800ecc6       0x32 ../../libDaisy/build\libdaisy.a(spi.o)
 .ARM.attributes
                0x0800ecf8       0x32 ../../libDaisy/build\libdaisy.a(tim.o)
 .ARM.attributes
                0x0800ed2a       0x32 ../../libDaisy/build\libdaisy.a(dma.o)
 .ARM.attributes
                0x0800ed5c       0x32 ../../libDaisy/build\libdaisy.a(stm32h7xx_hal_mdma.o)
 .ARM.attributes
                0x0800ed8e       0x32 ../../libDaisy/build\libdaisy.a(stm32h7xx_hal_spi.o)
 .ARM.attributes
                0x0800edc0       0x32 ../../libDaisy/build\libdaisy.a(stm32h7xx_hal_tim.o)
 .ARM.attributes
                0x0800edf2       0x32 ../../libDaisy/build\libdaisy.a(stm32h7xx_hal_tim_ex.o)
 .ARM.attributes
                0x0800ee24       0x32 ../../DaisySP/build\libdaisysp.a(oscillator.o)
 .ARM.attributes
                0x0800ee56       0x32 c:/users/ethan/documents/daisytoolchain-0.3.2/windows/bin/../lib/gcc/arm-none-eabi/10.2.1/../../../../arm-none-eabi/lib/thumb/v7e-m+dp/hard\libstdc++_nano.a(atexit_arm.o)
 .ARM.attributes
                0x0800ee88       0x32 c:/users/ethan/documents/daisytoolchain-0.3.2/windows/bin/../lib/gcc/arm-none-eabi/10.2.1/../../../../arm-none-eabi/lib/thumb/v7e-m+dp/hard\libm.a(lib_a-sinf.o)
 .ARM.attributes
                0x0800eeba       0x32 c:/users/ethan/documents/daisytoolchain-0.3.2/windows/bin/../lib/gcc/arm-none-eabi/10.2.1/../../../../arm-none-eabi/lib/thumb/v7e-m+dp/hard\libm.a(lib_a-wf_fmod.o)
 .ARM.attributes
                0x0800eeec       0x32 c:/users/ethan/documents/daisytoolchain-0.3.2/windows/bin/../lib/gcc/arm-none-eabi/10.2.1/../../../../arm-none-eabi/lib/thumb/v7e-m+dp/hard\libm.a(lib_a-ef_fmod.o)
 .ARM.attributes
                0x0800ef1e       0x32 c:/users/ethan/documents/daisytoolchain-0.3.2/windows/bin/../lib/gcc/arm-none-eabi/10.2.1/../../../../arm-none-eabi/lib/thumb/v7e-m+dp/hard\libm.a(lib_a-math_errf.o)
 .ARM.attributes
                0x0800ef50       0x30 c:/users/ethan/documents/daisytoolchain-0.3.2/windows/bin/../lib/gcc/arm-none-eabi/10.2.1/../../../../arm-none-eabi/lib/thumb/v7e-m+dp/hard\libm.a(lib_a-s_lib_ver.o)
 .ARM.attributes
                0x0800ef80       0x30 c:/users/ethan/documents/daisytoolchain-0.3.2/windows/bin/../lib/gcc/arm-none-eabi/10.2.1/../../../../arm-none-eabi/lib/thumb/v7e-m+dp/hard\libm.a(lib_a-sincosf_data.o)
 .ARM.attributes
                0x0800efb0       0x32 c:/users/ethan/documents/daisytoolchain-0.3.2/windows/bin/../lib/gcc/arm-none-eabi/10.2.1/../../../../arm-none-eabi/lib/thumb/v7e-m+dp/hard\libc_nano.a(lib_a-cxa_atexit.o)
 .ARM.attributes
                0x0800efe2       0x32 c:/users/ethan/documents/daisytoolchain-0.3.2/windows/bin/../lib/gcc/arm-none-eabi/10.2.1/../../../../arm-none-eabi/lib/thumb/v7e-m+dp/hard\libc_nano.a(lib_a-errno.o)
 .ARM.attributes
                0x0800f014       0x30 c:/users/ethan/documents/daisytoolchain-0.3.2/windows/bin/../lib/gcc/arm-none-eabi/10.2.1/../../../../arm-none-eabi/lib/thumb/v7e-m+dp/hard\libc_nano.a(lib_a-impure.o)
 .ARM.attributes
                0x0800f044       0x32 c:/users/ethan/documents/daisytoolchain-0.3.2/windows/bin/../lib/gcc/arm-none-eabi/10.2.1/../../../../arm-none-eabi/lib/thumb/v7e-m+dp/hard\libc_nano.a(lib_a-init.o)
 .ARM.attributes
                0x0800f076       0x32 c:/users/ethan/documents/daisytoolchain-0.3.2/windows/bin/../lib/gcc/arm-none-eabi/10.2.1/../../../../arm-none-eabi/lib/thumb/v7e-m+dp/hard\libc_nano.a(lib_a-memcpy-stub.o)
 .ARM.attributes
                0x0800f0a8       0x32 c:/users/ethan/documents/daisytoolchain-0.3.2/windows/bin/../lib/gcc/arm-none-eabi/10.2.1/../../../../arm-none-eabi/lib/thumb/v7e-m+dp/hard\libc_nano.a(lib_a-memset.o)
 .ARM.attributes
                0x0800f0da       0x32 c:/users/ethan/documents/daisytoolchain-0.3.2/windows/bin/../lib/gcc/arm-none-eabi/10.2.1/../../../../arm-none-eabi/lib/thumb/v7e-m+dp/hard\libc_nano.a(lib_a-findfp.o)
 .ARM.attributes
                0x0800f10c       0x1e c:/users/ethan/documents/daisytoolchain-0.3.2/windows/bin/../lib/gcc/arm-none-eabi/10.2.1/thumb/v7e-m+dp/hard\libgcc.a(_arm_addsubdf3.o)
 .ARM.attributes
                0x0800f12a       0x1e c:/users/ethan/documents/daisytoolchain-0.3.2/windows/bin/../lib/gcc/arm-none-eabi/10.2.1/thumb/v7e-m+dp/hard/crtn.o

.preinit_array  0x0800e410        0x0
                0x0800e410                PROVIDE (__preinit_array_start = .)
 *(.preinit_array*)
                0x0800e410                PROVIDE (__preinit_array_end = .)

.init_array     0x0800e410       0x1c
                0x0800e410                PROVIDE (__init_array_start = .)
 *(SORT_BY_NAME(.init_array.*))
 *(.init_array*)
 .init_array    0x0800e410        0x4 c:/users/ethan/documents/daisytoolchain-0.3.2/windows/bin/../lib/gcc/arm-none-eabi/10.2.1/thumb/v7e-m+dp/hard/crtbegin.o
 .init_array    0x0800e414        0x4 build/oscillator.o
 .init_array    0x0800e418        0x4 ../../libDaisy/build\libdaisy.a(audio.o)
 .init_array    0x0800e41c        0x4 ../../libDaisy/build\libdaisy.a(i2c.o)
 .init_array    0x0800e420        0x4 ../../libDaisy/build\libdaisy.a(qspi.o)
 .init_array    0x0800e424        0x4 ../../libDaisy/build\libdaisy.a(system.o)
 .init_array    0x0800e428        0x4 ../../libDaisy/build\libdaisy.a(spi.o)
                0x0800e42c                PROVIDE (__init_array_end = .)

.fini_array     0x0800e42c        0x4
                [!provide]                PROVIDE (__fini_array_start = .)
 *(.fini_array*)
 .fini_array    0x0800e42c        0x4 c:/users/ethan/documents/daisytoolchain-0.3.2/windows/bin/../lib/gcc/arm-none-eabi/10.2.1/thumb/v7e-m+dp/hard/crtbegin.o
 *(SORT_BY_NAME(.fini_array.*))
                [!provide]                PROVIDE (__fini_array_end = .)

.data           0x24000000      0x1f4 load address 0x0800e430
                0x24000000                . = ALIGN (0x4)
                0x24000000                _sdata = .
                [!provide]                PROVIDE (__data_start__ = _sdata)
 *(.data)
 .data          0x24000000        0x4 c:/users/ethan/documents/daisytoolchain-0.3.2/windows/bin/../lib/gcc/arm-none-eabi/10.2.1/thumb/v7e-m+dp/hard/crtbegin.o
                0x24000000                __dso_handle
 *(.data*)
 .data._ZN5daisy9I2CHandle4Impl21queued_dma_transfers_E
                0x24000004       0x48 ../../libDaisy/build\libdaisy.a(i2c.o)
                0x24000004                daisy::I2CHandle::Impl::queued_dma_transfers_
 .data.SystemCoreClock
                0x2400004c        0x4 ../../libDaisy/build\libdaisy.a(system_stm32h7xx.o)
                0x2400004c                SystemCoreClock
 .data.SystemD2Clock
                0x24000050        0x4 ../../libDaisy/build\libdaisy.a(system_stm32h7xx.o)
                0x24000050                SystemD2Clock
 .data.uwTickFreq
                0x24000054        0x1 ../../libDaisy/build\libdaisy.a(stm32h7xx_hal.o)
 *fill*         0x24000055        0x3 
 .data.uwTickPrio
                0x24000058        0x4 ../../libDaisy/build\libdaisy.a(stm32h7xx_hal.o)
 .data._ZL13spi1_pins_nss
                0x2400005c        0x9 ../../libDaisy/build\libdaisy.a(spi.o)
 *fill*         0x24000065        0x3 
 .data._ZL13spi2_pins_nss
                0x24000068        0x9 ../../libDaisy/build\libdaisy.a(spi.o)
 *fill*         0x24000071        0x3 
 .data._ZL13spi3_pins_nss
                0x24000074        0x9 ../../libDaisy/build\libdaisy.a(spi.o)
 *fill*         0x2400007d        0x3 
 .data._ZL13spi6_pins_nss
                0x24000080        0x9 ../../libDaisy/build\libdaisy.a(spi.o)
 *fill*         0x24000089        0x3 
 .data._ZL14spi1_pins_miso
                0x2400008c        0x9 ../../libDaisy/build\libdaisy.a(spi.o)
 *fill*         0x24000095        0x3 
 .data._ZL14spi1_pins_mosi
                0x24000098        0x9 ../../libDaisy/build\libdaisy.a(spi.o)
 *fill*         0x240000a1        0x3 
 .data._ZL14spi1_pins_sclk
                0x240000a4        0x9 ../../libDaisy/build\libdaisy.a(spi.o)
 *fill*         0x240000ad        0x3 
 .data._ZL14spi2_pins_miso
                0x240000b0        0x9 ../../libDaisy/build\libdaisy.a(spi.o)
 *fill*         0x240000b9        0x3 
 .data._ZL14spi2_pins_mosi
                0x240000bc        0x9 ../../libDaisy/build\libdaisy.a(spi.o)
 *fill*         0x240000c5        0x3 
 .data._ZL14spi2_pins_sclk
                0x240000c8        0x9 ../../libDaisy/build\libdaisy.a(spi.o)
 *fill*         0x240000d1        0x3 
 .data._ZL14spi3_pins_miso
                0x240000d4        0x9 ../../libDaisy/build\libdaisy.a(spi.o)
 *fill*         0x240000dd        0x3 
 .data._ZL14spi3_pins_mosi
                0x240000e0        0x9 ../../libDaisy/build\libdaisy.a(spi.o)
 *fill*         0x240000e9        0x3 
 .data._ZL14spi3_pins_sclk
                0x240000ec        0x9 ../../libDaisy/build\libdaisy.a(spi.o)
 *fill*         0x240000f5        0x3 
 .data._ZL14spi6_pins_miso
                0x240000f8        0x9 ../../libDaisy/build\libdaisy.a(spi.o)
 *fill*         0x24000101        0x3 
 .data._ZL14spi6_pins_mosi
                0x24000104        0x9 ../../libDaisy/build\libdaisy.a(spi.o)
 *fill*         0x2400010d        0x3 
 .data._ZL14spi6_pins_sclk
                0x24000110        0x9 ../../libDaisy/build\libdaisy.a(spi.o)
 *fill*         0x24000119        0x3 
 .data._ZN5daisy9SpiHandle4Impl21queued_dma_transfers_E
                0x2400011c       0x70 ../../libDaisy/build\libdaisy.a(spi.o)
                0x2400011c                daisy::SpiHandle::Impl::queued_dma_transfers_
 .data.__fdlib_version
                0x2400018c        0x1 c:/users/ethan/documents/daisytoolchain-0.3.2/windows/bin/../lib/gcc/arm-none-eabi/10.2.1/../../../../arm-none-eabi/lib/thumb/v7e-m+dp/hard\libm.a(lib_a-s_lib_ver.o)
                0x2400018c                __fdlib_version
 *fill*         0x2400018d        0x3 
 .data._impure_ptr
                0x24000190        0x4 c:/users/ethan/documents/daisytoolchain-0.3.2/windows/bin/../lib/gcc/arm-none-eabi/10.2.1/../../../../arm-none-eabi/lib/thumb/v7e-m+dp/hard\libc_nano.a(lib_a-impure.o)
                0x24000190                _impure_ptr
 .data.impure_data