Archive member included to satisfy reference by file (symbol)

../../libDaisy/build\libdaisy.a(daisy_seed.o)
                              build/Testbed.o (daisy::DaisySeed::Configure())
../../libDaisy/build\libdaisy.a(codec_ak4556.o)
                              ../../libDaisy/build\libdaisy.a(daisy_seed.o) (daisy::Ak4556::Init(dsy_gpio_pin))
../../libDaisy/build\libdaisy.a(codec_wm8731.o)
                              ../../libDaisy/build\libdaisy.a(daisy_seed.o) (daisy::Wm8731::Init(daisy::Wm8731::Config const&, daisy::I2CHandle))
../../libDaisy/build\libdaisy.a(sdram.o)
                              ../../libDaisy/build\libdaisy.a(daisy_seed.o) (SdramHandle::Init())
../../libDaisy/build\libdaisy.a(audio.o)
                              ../../libDaisy/build\libdaisy.a(daisy_seed.o) (daisy::AudioHandle::Init(daisy::AudioHandle::Config const&, daisy::SaiHandle))
../../libDaisy/build\libdaisy.a(switch.o)
                              build/Testbed.o (daisy::Switch::Init(dsy_gpio_pin, float, daisy::Switch::Type, daisy::Switch::Polarity, daisy::Switch::Pull))
../../libDaisy/build\libdaisy.a(adc.o)
                              build/Testbed.o (daisy::AdcChannelConfig::InitSingle(dsy_gpio_pin))
../../libDaisy/build\libdaisy.a(gpio.o)
                              build/Testbed.o (daisy::GPIO::Init(daisy::Pin, daisy::GPIO::Mode, daisy::GPIO::Pull, daisy::GPIO::Speed))
../../libDaisy/build\libdaisy.a(i2c.o)
                              ../../libDaisy/build\libdaisy.a(daisy_seed.o) (daisy::I2CHandle::Init(daisy::I2CHandle::Config const&))
../../libDaisy/build\libdaisy.a(qspi.o)
                              ../../libDaisy/build\libdaisy.a(daisy_seed.o) (daisy::QSPIHandle::Init(daisy::QSPIHandle::Config const&))
../../libDaisy/build\libdaisy.a(sai.o)
                              ../../libDaisy/build\libdaisy.a(daisy_seed.o) (daisy::SaiHandle::Init(daisy::SaiHandle::Config const&))
../../libDaisy/build\libdaisy.a(system.o)
                              ../../libDaisy/build\libdaisy.a(daisy_seed.o) (daisy::System::DeInit())
../../libDaisy/build\libdaisy.a(system_stm32h7xx.o)
                              build/startup_stm32h750xx.o (SystemInit)
../../libDaisy/build\libdaisy.a(usbd_conf.o)
                              ../../libDaisy/build\libdaisy.a(system.o) (hpcd_USB_OTG_HS)
../../libDaisy/build\libdaisy.a(usbh_conf.o)
                              ../../libDaisy/build\libdaisy.a(system.o) (hhcd_USB_OTG_HS)
../../libDaisy/build\libdaisy.a(hal_map.o)
                              ../../libDaisy/build\libdaisy.a(gpio.o) (dsy_hal_map_get_port)
../../libDaisy/build\libdaisy.a(stm32h7xx_hal.o)
                              ../../libDaisy/build\libdaisy.a(system.o) (HAL_Init)
../../libDaisy/build\libdaisy.a(stm32h7xx_hal_adc.o)
                              ../../libDaisy/build\libdaisy.a(adc.o) (HAL_ADC_ConfigChannel)
../../libDaisy/build\libdaisy.a(stm32h7xx_hal_adc_ex.o)
                              ../../libDaisy/build\libdaisy.a(adc.o) (HAL_ADCEx_Calibration_Start)
../../libDaisy/build\libdaisy.a(stm32h7xx_hal_cortex.o)
                              ../../libDaisy/build\libdaisy.a(stm32h7xx_hal.o) (HAL_NVIC_SetPriorityGrouping)
../../libDaisy/build\libdaisy.a(stm32h7xx_hal_dma.o)
                              ../../libDaisy/build\libdaisy.a(adc.o) (HAL_DMA_Init)
../../libDaisy/build\libdaisy.a(stm32h7xx_hal_gpio.o)
                              ../../libDaisy/build\libdaisy.a(sdram.o) (HAL_GPIO_Init)
../../libDaisy/build\libdaisy.a(stm32h7xx_hal_hcd.o)
                              ../../libDaisy/build\libdaisy.a(usbh_conf.o) (HAL_HCD_HC_Init)
../../libDaisy/build\libdaisy.a(stm32h7xx_hal_i2c.o)
                              ../../libDaisy/build\libdaisy.a(i2c.o) (HAL_I2C_Init)
../../libDaisy/build\libdaisy.a(stm32h7xx_hal_i2c_ex.o)
                              ../../libDaisy/build\libdaisy.a(i2c.o) (HAL_I2CEx_ConfigAnalogFilter)
../../libDaisy/build\libdaisy.a(stm32h7xx_hal_pcd.o)
                              ../../libDaisy/build\libdaisy.a(usbd_conf.o) (HAL_PCD_Init)
../../libDaisy/build\libdaisy.a(stm32h7xx_hal_pcd_ex.o)
                              ../../libDaisy/build\libdaisy.a(usbd_conf.o) (HAL_PCDEx_SetTxFiFo)
../../libDaisy/build\libdaisy.a(stm32h7xx_hal_pwr_ex.o)
                              ../../libDaisy/build\libdaisy.a(system.o) (HAL_PWREx_ConfigSupply)
../../libDaisy/build\libdaisy.a(stm32h7xx_hal_qspi.o)
                              ../../libDaisy/build\libdaisy.a(qspi.o) (HAL_QSPI_Init)
../../libDaisy/build\libdaisy.a(stm32h7xx_hal_rcc.o)
                              ../../libDaisy/build\libdaisy.a(system.o) (HAL_RCC_OscConfig)
../../libDaisy/build\libdaisy.a(stm32h7xx_hal_rcc_ex.o)
                              ../../libDaisy/build\libdaisy.a(system.o) (HAL_RCCEx_PeriphCLKConfig)
../../libDaisy/build\libdaisy.a(stm32h7xx_hal_sai.o)
                              ../../libDaisy/build\libdaisy.a(sai.o) (HAL_SAI_InitProtocol)
../../libDaisy/build\libdaisy.a(stm32h7xx_hal_sdram.o)
[...]
Memory Configuration

Name             Origin             Length             Attributes
FLASH            0x08000000         0x00020000         xr
DTCMRAM          0x20000000         0x00020000         xrw
SRAM             0x24000000         0x00080000         xrw
RAM_D2           0x30000000         0x00048000         xrw
RAM_D3           0x38000000         0x00010000         xrw
ITCMRAM          0x00000000         0x00010000         xrw
SDRAM            0xc0000000         0x04000000         xrw
QSPIFLASH        0x90000000         0x00800000         xr
*default*        0x00000000         0xffffffff

Linker script and memory map

LOAD c:/users/ethan/documents/daisytoolchain-0.3.2/windows/bin/../lib/gcc/arm-none-eabi/10.2.1/thumb/v7e-m+dp/hard/crti.o
LOAD c:/users/ethan/documents/daisytoolchain-0.3.2/windows/bin/../lib/gcc/arm-none-eabi/10.2.1/thumb/v7e-m+dp/hard/crtbegin.o
LOAD c:/users/ethan/documents/daisytoolchain-0.3.2/windows/bin/../lib/gcc/arm-none-eabi/10.2.1/../../../../arm-none-eabi/lib/thumb/v7e-m+dp/hard/crt0.o
LOAD build/startup_stm32h750xx.o
LOAD build/Testbed.o
LOAD ../../libDaisy/build\libdaisy.a
LOAD c:/users/ethan/documents/daisytoolchain-0.3.2/windows/bin/../lib/gcc/arm-none-eabi/10.2.1/../../../../arm-none-eabi/lib/thumb/v7e-m+dp/hard\libnosys.a
LOAD ../../DaisySP/build\libdaisysp.a
LOAD c:/users/ethan/documents/daisytoolchain-0.3.2/windows/bin/../lib/gcc/arm-none-eabi/10.2.1/../../../../arm-none-eabi/lib/thumb/v7e-m+dp/hard\libstdc++_nano.a
LOAD c:/users/ethan/documents/daisytoolchain-0.3.2/windows/bin/../lib/gcc/arm-none-eabi/10.2.1/../../../../arm-none-eabi/lib/thumb/v7e-m+dp/hard\libm.a
LOAD c:/users/ethan/documents/daisytoolchain-0.3.2/windows/bin/../lib/gcc/arm-none-eabi/10.2.1/../../../../arm-none-eabi/lib/thumb/v7e-m+dp/hard\libc_nano.a
START GROUP
LOAD c:/users/ethan/documents/daisytoolchain-0.3.2/windows/bin/../lib/gcc/arm-none-eabi/10.2.1/thumb/v7e-m+dp/hard\libgcc.a
LOAD c:/users/ethan/documents/daisytoolchain-0.3.2/windows/bin/../lib/gcc/arm-none-eabi/10.2.1/../../../../arm-none-eabi/lib/thumb/v7e-m+dp/hard\libc_nano.a
END GROUP
START GROUP
LOAD c:/users/ethan/documents/daisytoolchain-0.3.2/windows/bin/../lib/gcc/arm-none-eabi/10.2.1/thumb/v7e-m+dp/hard\libgcc.a
LOAD c:/users/ethan/documents/daisytoolchain-0.3.2/windows/bin/../lib/gcc/arm-none-eabi/10.2.1/../../../../arm-none-eabi/lib/thumb/v7e-m+dp/hard\libc_nano.a
LOAD c:/users/ethan/documents/daisytoolchain-0.3.2/windows/bin/../lib/gcc/arm-none-eabi/10.2.1/../../../../arm-none-eabi/lib/thumb/v7e-m+dp/hard\libnosys.a
END GROUP
START GROUP
LOAD c:/users/ethan/documents/daisytoolchain-0.3.2/windows/bin/../lib/gcc/arm-none-eabi/10.2.1/thumb/v7e-m+dp/hard\libgcc.a
LOAD c:/users/ethan/documents/daisytoolchain-0.3.2/windows/bin/../lib/gcc/arm-none-eabi/10.2.1/../../../../arm-none-eabi/lib/thumb/v7e-m+dp/hard\libc_nano.a
LOAD c:/users/ethan/documents/daisytoolchain-0.3.2/windows/bin/../lib/gcc/arm-none-eabi/10.2.1/../../../../arm-none-eabi/lib/thumb/v7e-m+dp/hard\libnosys.a
END GROUP
LOAD c:/users/ethan/documents/daisytoolchain-0.3.2/windows/bin/../lib/gcc/arm-none-eabi/10.2.1/thumb/v7e-m+dp/hard/crtend.o
LOAD c:/users/ethan/documents/daisytoolchain-0.3.2/windows/bin/../lib/gcc/arm-none-eabi/10.2.1/thumb/v7e-m+dp/hard/crtn.o
                0x20020000                _estack = 0x20020000

.isr_vector     0x08000000      0x298
                0x08000000                . = ALIGN (0x4)
 *(.isr_vector)
 .isr_vector    0x08000000      0x298 build/startup_stm32h750xx.o
                0x08000000                g_pfnVectors
                0x08000298                . = ALIGN (0x4)

.text           0x08000298    0x10b88
                0x08000298                . = ALIGN (0x4)
                0x08000298                _stext = .
 *(.text)
 .text          0x08000298       0x40 c:/users/ethan/documents/daisytoolchain-0.3.2/windows/bin/../lib/gcc/arm-none-eabi/10.2.1/thumb/v7e-m+dp/hard/crtbegin.o
 .text          0x080002d8      0x378 c:/users/ethan/documents/daisytoolchain-0.3.2/windows/bin/../lib/gcc/arm-none-eabi/10.2.1/thumb/v7e-m+dp/hard\libgcc.a(_arm_addsubdf3.o)
                0x080002d8                __aeabi_drsub
                0x080002e0                __aeabi_dsub
                0x080002e0                __subdf3
                0x080002e4                __aeabi_dadd
                0x080002e4                __adddf3
                0x0800055c                __floatunsidf
                0x0800055c                __aeabi_ui2d
                0x0800057c                __floatsidf
                0x0800057c                __aeabi_i2d
                0x080005a0                __aeabi_f2d
                0x080005a0                __extendsfdf2
                0x080005e4                __floatundidf
                0x080005e4                __aeabi_ul2d
                0x080005f4                __floatdidf
                0x080005f4                __aeabi_l2d
 *(.text*)
 .text.Default_Handler
                0x08000650        0x4 build/startup_stm32h750xx.o
                0x08000650                RTC_Alarm_IRQHandler
                0x08000650                HASH_RNG_IRQHandler
                0x08000650                EXTI2_IRQHandler
                0x08000650                TIM8_CC_IRQHandler
                0x08000650                HRTIM1_Master_IRQHandler
                0x08000650                DebugMon_Handler
                0x08000650                UART8_IRQHandler
                0x08000650                SPI4_IRQHandler
                0x08000650                TIM1_CC_IRQHandler
                0x08000650                BDMA_Channel6_IRQHandler
                0x08000650                DMA2_Stream5_IRQHandler
                0x08000650                HRTIM1_FLT_IRQHandler
                0x08000650                JPEG_IRQHandler
                0x08000650                DMA1_Stream5_IRQHandler
                0x08000650                BDMA_Channel1_IRQHandler
                0x08000650                HRTIM1_TIMD_IRQHandler
                0x08000650                TAMP_STAMP_IRQHandler
                0x08000650                PendSV_Handler
                0x08000650                NMI_Handler
                0x08000650                EXTI3_IRQHandler
                0x08000650                LPTIM4_IRQHandler
                0x08000650                TIM8_TRG_COM_TIM14_IRQHandler
                0x08000650                LPTIM2_IRQHandler
                0x08000650                DFSDM1_FLT1_IRQHandler
                0x08000650                DMAMUX2_OVR_IRQHandler
                0x08000650                TIM8_UP_TIM13_IRQHandler
                0x08000650                I2C3_ER_IRQHandler
                0x08000650                DFSDM1_FLT2_IRQHandler
                0x08000650                MDMA_IRQHandler
                0x08000650                LPTIM3_IRQHandler
                0x08000650                HSEM1_IRQHandler
                0x08000650                EXTI0_IRQHandler
                0x08000650                FPU_IRQHandler
                0x08000650                OTG_HS_WKUP_IRQHandler
                0x08000650                FDCAN1_IT1_IRQHandler
                0x08000650                UsageFault_Handler
                0x08000650                LTDC_ER_IRQHandler
                0x08000650                HRTIM1_TIME_IRQHandler
                0x08000650                TIM6_DAC_IRQHandler
                0x08000650                DCMI_IRQHandler
                0x08000650                HRTIM1_TIMC_IRQHandler
                0x08000650                SAI2_IRQHandler
                0x08000650                DFSDM1_FLT3_IRQHandler
                0x08000650                USART6_IRQHandler
                0x08000650                TIM17_IRQHandler
                0x08000650                USART3_IRQHandler
                0x08000650                CRYP_IRQHandler
                0x08000650                BDMA_Channel7_IRQHandler
                0x08000650                LPTIM5_IRQHandler
                0x08000650                UART5_IRQHandler
                0x08000650                ADC3_IRQHandler
                0x08000650                DMA2_Stream0_IRQHandler
                0x08000650                TIM4_IRQHandler
                0x08000650                BDMA_Channel2_IRQHandler
                0x08000650                DMAMUX1_OVR_IRQHandler
                0x08000650                TIM16_IRQHandler
                0x08000650                UART4_IRQHandler
                0x08000650                BDMA_Channel5_IRQHandler
                0x08000650                TIM3_IRQHandler
                0x08000650                RCC_IRQHandler
                0x08000650                TIM8_BRK_TIM12_IRQHandler
                0x08000650                TIM1_TRG_COM_IRQHandler
                0x08000650                Default_Handler
                0x08000650                ECC_IRQHandler
                0x08000650                CEC_IRQHandler
                0x08000650                EXTI15_10_IRQHandler
                0x08000650                BDMA_Channel0_IRQHandler
                0x08000650                ADC_IRQHandler
                0x08000650                DMA1_Stream7_IRQHandler
                0x08000650                HRTIM1_TIMA_IRQHandler
                0x08000650                SPI5_IRQHandler
                0x08000650                TIM7_IRQHandler
                0x08000650                SDMMC1_IRQHandler
                0x08000650                TIM5_IRQHandler
                0x08000650                DMA2_Stream7_IRQHandler
                0x08000650                TIM15_IRQHandler
                0x08000650                PVD_AVD_IRQHandler
                0x08000650                EXTI9_5_IRQHandler
                0x08000650                RTC_WKUP_IRQHandler
                0x08000650                LTDC_IRQHandler
                0x08000650                SAI3_IRQHandler
                0x08000650                ETH_WKUP_IRQHandler
                0x08000650                SPDIF_RX_IRQHandler
                0x08000650                SPI2_IRQHandler
                0x08000650                MemManage_Handler
                0x08000650                SVC_Handler
                0x08000650                CRS_IRQHandler
                0x08000650                EXTI4_IRQHandler
                0x08000650                HRTIM1_TIMB_IRQHandler
                0x08000650                FDCAN2_IT1_IRQHandler
                0x08000650                ETH_IRQHandler
                0x08000650                TIM1_UP_IRQHandler
                0x08000650                BDMA_Channel4_IRQHandler
                0x08000650                WWDG_IRQHandler
                0x08000650                SPI6_IRQHandler
                0x08000650                I2C4_EV_IRQHandler
                0x08000650                MDIOS_IRQHandler
                0x08000650                FDCAN2_IT0_IRQHandler
                0x08000650                LPUART1_IRQHandler
                0x08000650                FDCAN1_IT0_IRQHandler
                0x08000650                TIM2_IRQHandler
                0x08000650                OTG_FS_WKUP_IRQHandler
                0x08000650                DMA2D_IRQHandler
                0x08000650                TIM1_BRK_IRQHandler
                0x08000650                EXTI1_IRQHandler
                0x08000650                SDMMC2_IRQHandler
                0x08000650                OTG_FS_EP1_OUT_IRQHandler
                0x08000650                BDMA_Channel3_IRQHandler
                0x08000650                UART7_IRQHandler
                0x08000650                MDIOS_WKUP_IRQHandler
                0x08000650                USART2_IRQHandler
                0x08000650                DFSDM1_FLT0_IRQHandler
                0x08000650                SAI4_IRQHandler
                0x08000650                I2C2_ER_IRQHandler
                0x08000650                DMA2_Stream1_IRQHandler
                0x08000650                FLASH_IRQHandler
                0x08000650                DMA2_Stream4_IRQHandler
                0x08000650                BusFault_Handler
                0x08000650                USART1_IRQHandler
                0x08000650                OTG_FS_IRQHandler
                0x08000650                SPI3_IRQHandler
                0x08000650                WAKEUP_PIN_IRQHandler
                0x08000650                OTG_FS_EP1_IN_IRQHandler
                0x08000650                I2C1_ER_IRQHandler
                0x08000650                FMC_IRQHandler
                0x08000650                FDCAN_CAL_IRQHandler
                0x08000650                SWPMI1_IRQHandler
                0x08000650                COMP1_IRQHandler
                0x08000650                LPTIM1_IRQHandler
                0x08000650                I2C4_ER_IRQHandler
                0x08000650                DMA2_Stream6_IRQHandler
                0x08000650                SAI1_IRQHandler
 .text.Reset_Handler
                0x08000654       0x44 build/startup_stm32h750xx.o
                0x08000654                Reset_Handler
 .text._ZN7daisysp5AdEnvD2Ev
                0x08000698        0x4 build/Testbed.o
                0x08000698                daisysp::AdEnv::~AdEnv()
                0x08000698                daisysp::AdEnv::~AdEnv()
 .text._ZN7daisysp10OscillatorD2Ev
                0x0800069c        0x4 build/Testbed.o
                0x0800069c                daisysp::Oscillator::~Oscillator()
                0x0800069c                daisysp::Oscillator::~Oscillator()
 .text._ZN7daisysp5MetroD2Ev
                0x080006a0        0x4 build/Testbed.o
                0x080006a0                daisysp::Metro::~Metro()
                0x080006a0                daisysp::Metro::~Metro()
 .text._ZN5daisy6SwitchD2Ev
                0x080006a4        0x4 build/Testbed.o
                0x080006a4                daisy::Switch::~Switch()
                0x080006a4                daisy::Switch::~Switch()
 .text._ZN5daisy9DaisySeedD2Ev
                0x080006a8        0x4 build/Testbed.o
                0x080006a8                daisy::DaisySeed::~DaisySeed()
                0x080006a8                daisy::DaisySeed::~DaisySeed()
 .text.__tcf_0  0x080006ac        0x4 build/Testbed.o
 .text._ZL13AudioCallbackPKfPfj
                0x080006b0      0x270 build/Testbed.o
 .text.startup.main
                0x08000920      0x220 build/Testbed.o
                0x08000920                main
 .text.startup._GLOBAL__sub_I_wf1
                0x08000b40       0xa0 build/Testbed.o
 .text._ZN5daisy9DaisySeed9ConfigureEv
                0x08000be0        0x4 ../../libDaisy/build\libdaisy.a(daisy_seed.o)
                0x08000be0                daisy::DaisySeed::Configure()
 .text._ZN5daisy9DaisySeed6GetPinEh
                0x08000be4       0x2c ../../libDaisy/build\libdaisy.a(daisy_seed.o)
                0x08000be4                daisy::DaisySeed::GetPin(unsigned char)
 .text._ZN5daisy9DaisySeed10StartAudioEPFvPKfPfjE
                0x08000c10        0x8 ../../libDaisy/build\libdaisy.a(daisy_seed.o)
                0x08000c10                daisy::DaisySeed::StartAudio(void (*)(float const*, float*, unsigned int))
 .text._ZN5daisy9DaisySeed15AudioSampleRateEv
                0x08000c18        0x8 ../../libDaisy/build\libdaisy.a(daisy_seed.o)
                0x08000c18                daisy::DaisySeed::AudioSampleRate()
 .text._ZN5daisy9DaisySeed17SetAudioBlockSizeEj
                0x08000c20       0x38 ../../libDaisy/build\libdaisy.a(daisy_seed.o)
                0x08000c20                daisy::DaisySeed::SetAudioBlockSize(unsigned int)
 .text._ZN5daisy9DaisySeed14ConfigureAudioEv
                0x08000c58       0xd0 ../../libDaisy/build\libdaisy.a(daisy_seed.o)
                0x08000c58                daisy::DaisySeed::ConfigureAudio()
 .text._ZN5daisy9DaisySeed4InitEb
                0x08000d28       0xf0 ../../libDaisy/build\libdaisy.a(daisy_seed.o)
                0x08000d28                daisy::DaisySeed::Init(bool)
 .text._ZN5daisy6Ak45564InitE12dsy_gpio_pin
                0x08000e18       0x44 ../../libDaisy/build\libdaisy.a(codec_ak4556.o)
                0x08000e18                daisy::Ak4556::Init(dsy_gpio_pin)
 .text._ZN5daisy6Wm873120WriteControlRegisterEht
                0x08000e5c       0x3c ../../libDaisy/build\libdaisy.a(codec_wm8731.o)
                0x08000e5c                daisy::Wm8731::WriteControlRegister(unsigned char, unsigned short)
 .text._ZN5daisy6Wm87314InitERKNS0_6ConfigENS_9I2CHandleE
                0x08000e98      0x1bc ../../libDaisy/build\libdaisy.a(codec_wm8731.o)
                0x08000e98                daisy::Wm8731::Init(daisy::Wm8731::Config const&, daisy::I2CHandle)
 .text._ZN11SdramHandle10DeviceInitEv
                0x08001054       0x98 ../../libDaisy/build\libdaisy.a(sdram.o)
                0x08001054                SdramHandle::DeviceInit()
 .text._ZN11SdramHandle4InitEv
                0x080010ec       0x7c ../../libDaisy/build\libdaisy.a(sdram.o)
                0x080010ec                SdramHandle::Init()
 .text.HAL_SDRAM_MspInit
                0x08001168      0x1a8 ../../libDaisy/build\libdaisy.a(sdram.o)
                0x08001168                HAL_SDRAM_MspInit
 .text._ZN5daisy11AudioHandle4Impl16InternalCallbackEPlS2_j
                0x08001310      0xbbc ../../libDaisy/build\libdaisy.a(audio.o)
                0x08001310                daisy::AudioHandle::Impl::InternalCallback(long*, long*, unsigned int)
 .text._ZN5daisy11AudioHandle4InitERKNS0_6ConfigENS_9SaiHandleE
                0x08001ecc       0x64 ../../libDaisy/build\libdaisy.a(audio.o)
                0x08001ecc                daisy::AudioHandle::Init(daisy::AudioHandle::Config const&, daisy::SaiHandle)
 .text._ZNK5daisy11AudioHandle9GetConfigEv
                0x08001f30        0x8 ../../libDaisy/build\libdaisy.a(audio.o)
                0x08001f30                daisy::AudioHandle::GetConfig() const
 .text._ZN5daisy11AudioHandle12SetBlockSizeEj
                0x08001f38       0x1c ../../libDaisy/build\libdaisy.a(audio.o)
                0x08001f38                daisy::AudioHandle::SetBlockSize(unsigned int)
 .text._ZN5daisy11AudioHandle13GetSampleRateEv
                0x08001f54        0x8 ../../libDaisy/build\libdaisy.a(audio.o)
                0x08001f54                daisy::AudioHandle::GetSampleRate()
 .text._ZN5daisy11AudioHandle5StartEPFvPKfPfjE
                0x08001f5c       0x2c ../../libDaisy/build\libdaisy.a(audio.o)
                0x08001f5c                daisy::AudioHandle::Start(void (*)(float const*, float*, unsigned int))
 .text.startup._GLOBAL__sub_I__ZN5daisy11AudioHandle4Impl4InitENS0_6ConfigENS_9SaiHandleE
                0x08001f88       0x10 ../../libDaisy/build\libdaisy.a(audio.o)
 .text._ZN5daisy6Switch4InitE12dsy_gpio_pinfNS0_4TypeENS0_8PolarityENS0_4PullE
                0x08001f98       0x6c ../../libDaisy/build\libdaisy.a(switch.o)
                0x08001f98                daisy::Switch::Init(dsy_gpio_pin, float, daisy::Switch::Type, daisy::Switch::Polarity, daisy::Switch::Pull)
 .text._ZN5daisy6Switch4InitE12dsy_gpio_pinf
                0x08002004       0x34 ../../libDaisy/build\libdaisy.a(switch.o)
                0x08002004                daisy::Switch::Init(dsy_gpio_pin, float)
 .text._ZN5daisy6Switch8DebounceEv
                0x08002038       0x5c ../../libDaisy/build\libdaisy.a(switch.o)
                0x08002038                daisy::Switch::Debounce()
 .text._ZN5daisy16AdcChannelConfig10InitSingleE12dsy_gpio_pin
                0x08002094       0x1c ../../libDaisy/build\libdaisy.a(adc.o)
                0x08002094                daisy::AdcChannelConfig::InitSingle(dsy_gpio_pin)
 .text._ZN5daisy9AdcHandle4InitEPNS_16AdcChannelConfigEjNS0_12OverSamplingE
                0x080020b0      0x3c8 ../../libDaisy/build\libdaisy.a(adc.o)
                0x080020b0                daisy::AdcHandle::Init(daisy::AdcChannelConfig*, unsigned int, daisy::AdcHandle::OverSampling)
 .text._ZN5daisy9AdcHandle5StartEv
                0x08002478       0x2c ../../libDaisy/build\libdaisy.a(adc.o)
                0x08002478                daisy::AdcHandle::Start()
 .text._ZNK5daisy9AdcHandle8GetFloatEh
                0x080024a4       0x20 ../../libDaisy/build\libdaisy.a(adc.o)
                0x080024a4                daisy::AdcHandle::GetFloat(unsigned char) const
 .text.HAL_ADC_MspInit
                0x080024c4       0x98 ../../libDaisy/build\libdaisy.a(adc.o)
                0x080024c4                HAL_ADC_MspInit
 .text.DMA1_Stream2_IRQHandler
                0x0800255c        0xc ../../libDaisy/build\libdaisy.a(adc.o)
                0x0800255c                DMA1_Stream2_IRQHandler
 .text.HAL_ADC_ConvCpltCallback
                0x08002568      0x148 ../../libDaisy/build\libdaisy.a(adc.o)
                0x08002568                HAL_ADC_ConvCpltCallback
 .text.HAL_ADC_ErrorCallback
                0x080026b0        0x4 ../../libDaisy/build\libdaisy.a(adc.o)
                0x080026b0                HAL_ADC_ErrorCallback
 .text._ZN5daisy4GPIO4InitENS_3PinENS0_4ModeENS0_4PullENS0_5SpeedE
                0x080026b4      0x1cc ../../libDaisy/build\libdaisy.a(gpio.o)
                0x080026b4                daisy::GPIO::Init(daisy::Pin, daisy::GPIO::Mode, daisy::GPIO::Pull, daisy::GPIO::Speed)
 .text._ZN5daisy4GPIO5WriteEb
                0x08002880       0x14 ../../libDaisy/build\libdaisy.a(gpio.o)
                0x08002880                daisy::GPIO::Write(bool)
 .text.dsy_gpio_init
                0x08002894      0x1b8 ../../libDaisy/build\libdaisy.a(gpio.o)
                0x08002894                dsy_gpio_init
 .text.dsy_gpio_read
                0x08002a4c       0x1c ../../libDaisy/build\libdaisy.a(gpio.o)
                0x08002a4c                dsy_gpio_read
 .text.dsy_gpio_write
                0x08002a68       0x24 ../../libDaisy/build\libdaisy.a(gpio.o)
                0x08002a68                dsy_gpio_write
 .text._ZN5daisy9I2CHandle4Impl8InitPinsEv
                0x08002a8c       0x58 ../../libDaisy/build\libdaisy.a(i2c.o)
                0x08002a8c                daisy::I2CHandle::Impl::InitPins()
 .text.HAL_I2C_MspInit
                0x08002ae4      0x1b4 ../../libDaisy/build\libdaisy.a(i2c.o)
                0x08002ae4                HAL_I2C_MspInit
 .text.dsy_i2c_global_init
                0x08002c98       0x78 ../../libDaisy/build\libdaisy.a(i2c.o)
                0x08002c98                dsy_i2c_global_init
 .text.DMA1_Stream6_IRQHandler
                0x08002d10       0x34 ../../libDaisy/build\libdaisy.a(i2c.o)
                0x08002d10                DMA1_Stream6_IRQHandler
 .text.I2C1_EV_IRQHandler
                0x08002d44        0xc ../../libDaisy/build\libdaisy.a(i2c.o)
                0x08002d44                I2C1_EV_IRQHandler
 .text.I2C2_EV_IRQHandler
                0x08002d50        0xc ../../libDaisy/build\libdaisy.a(i2c.o)
                0x08002d50                I2C2_EV_IRQHandler
 .text.I2C3_EV_IRQHandler
                0x08002d5c        0xc ../../libDaisy/build\libdaisy.a(i2c.o)
                0x08002d5c                I2C3_EV_IRQHandler
 .text._ZN5daisy9I2CHandle4InitERKNS0_6ConfigE
                0x08002d68      0x12c ../../libDaisy/build\libdaisy.a(i2c.o)
                0x08002d68                daisy::I2CHandle::Init(daisy::I2CHandle::Config const&)
 .text._ZN5daisy9I2CHandle16TransmitBlockingEtPhtm
                0x08002e94       0x50 ../../libDaisy/build\libdaisy.a(i2c.o)
                0x08002e94                daisy::I2CHandle::TransmitBlocking(unsigned short, unsigned char*, unsigned short, unsigned long)
 .text.startup._GLOBAL__sub_I__ZN5daisy9I2CHandle4Impl10GlobalInitEv
                0x08002ee4       0x18 ../../libDaisy/build\libdaisy.a(i2c.o)
 .text._ZN5daisy10QSPIHandle4Impl11WriteEnableEv
                0x08002efc       0x8c ../../libDaisy/build\libdaisy.a(qspi.o)
                0x08002efc                daisy::QSPIHandle::Impl::WriteEnable()
 .text._ZN5daisy10QSPIHandle4Impl17DummyCyclesConfigENS0_6Config6DeviceE
                0x08002f88      0x118 ../../libDaisy/build\libdaisy.a(qspi.o)
                0x08002f88                daisy::QSPIHandle::Impl::DummyCyclesConfig(daisy::QSPIHandle::Config::Device)
 .text._ZN5daisy10QSPIHandle4Impl10QuadEnableEv
                0x080030a0      0x158 ../../libDaisy/build\libdaisy.a(qspi.o)
                0x080030a0                daisy::QSPIHandle::Impl::QuadEnable()
 .text._ZN5daisy10QSPIHandle4InitERKNS0_6ConfigE
                0x080031f8      0x198 ../../libDaisy/build\libdaisy.a(qspi.o)
                0x080031f8                daisy::QSPIHandle::Init(daisy::QSPIHandle::Config const&)
 .text.HAL_QSPI_MspInit
                0x08003390      0x11c ../../libDaisy/build\libdaisy.a(qspi.o)
                0x08003390                HAL_QSPI_MspInit
 .text.HAL_QSPI_MspDeInit
                0x080034ac       0x54 ../../libDaisy/build\libdaisy.a(qspi.o)
                0x080034ac                HAL_QSPI_MspDeInit
 .text.QUADSPI_IRQHandler
                0x08003500        0xc ../../libDaisy/build\libdaisy.a(qspi.o)
                0x08003500                QUADSPI_IRQHandler
 .text.startup._GLOBAL__sub_I__ZN5daisy10QSPIHandle4Impl4InitERKNS0_6ConfigE
                0x0800350c       0x28 ../../libDaisy/build\libdaisy.a(qspi.o)
 .text._ZN5daisy9SaiHandle4Impl7InitDmaENS1_15PeripheralBlockE
                0x08003534       0xa0 ../../libDaisy/build\libdaisy.a(sai.o)
                0x08003534                daisy::SaiHandle::Impl::InitDma(daisy::SaiHandle::Impl::PeripheralBlock)
 .text._ZN5daisy9SaiHandle4Impl8InitPinsEv
                0x080035d4       0xa8 ../../libDaisy/build\libdaisy.a(sai.o)
                0x080035d4                daisy::SaiHandle::Impl::InitPins()
 .text.HAL_SAI_MspInit
                0x0800367c      0x164 ../../libDaisy/build\libdaisy.a(sai.o)
                0x0800367c                HAL_SAI_MspInit
 .text.DMA1_Stream0_IRQHandler
                0x080037e0        0xc ../../libDaisy/build\libdaisy.a(sai.o)
                0x080037e0                DMA1_Stream0_IRQHandler
 .text.DMA1_Stream1_IRQHandler
                0x080037ec        0xc ../../libDaisy/build\libdaisy.a(sai.o)
                0x080037ec                DMA1_Stream1_IRQHandler
 .text.DMA1_Stream3_IRQHandler
                0x080037f8        0xc ../../libDaisy/build\libdaisy.a(sai.o)
                0x080037f8                DMA1_Stream3_IRQHandler
 .text.DMA1_Stream4_IRQHandler
                0x08003804        0xc ../../libDaisy/build\libdaisy.a(sai.o)
                0x08003804                DMA1_Stream4_IRQHandler
 .text.HAL_SAI_RxHalfCpltCallback
                0x08003810       0x78 ../../libDaisy/build\libdaisy.a(sai.o)
                0x08003810                HAL_SAI_RxHalfCpltCallback
 .text.HAL_SAI_RxCpltCallback
                0x08003888       0x70 ../../libDaisy/build\libdaisy.a(sai.o)
                0x08003888                HAL_SAI_RxCpltCallback
 .text._ZN5daisy9SaiHandle4InitERKNS0_6ConfigE
                0x080038f8      0x1f0 ../../libDaisy/build\libdaisy.a(sai.o)
                0x080038f8                daisy::SaiHandle::Init(daisy::SaiHandle::Config const&)
 .text._ZNK5daisy9SaiHandle9GetConfigEv
                0x08003ae8        0x4 ../../libDaisy/build\libdaisy.a(sai.o)
                0x08003ae8                daisy::SaiHandle::GetConfig() const
 .text._ZN5daisy9SaiHandle8StartDmaEPlS1_jPFvS1_S1_jE
                0x08003aec       0xbc ../../libDaisy/build\libdaisy.a(sai.o)
                0x08003aec                daisy::SaiHandle::StartDma(long*, long*, unsigned int, void (*)(long*, long*, unsigned int))
 .text._ZN5daisy9SaiHandle13GetSampleRateEv
                0x08003ba8       0x24 ../../libDaisy/build\libdaisy.a(sai.o)
                0x08003ba8                daisy::SaiHandle::GetSampleRate()
 .text._ZNK5daisy9SaiHandle9GetOffsetEv
                0x08003bcc        0x8 ../../libDaisy/build\libdaisy.a(sai.o)
                0x08003bcc                daisy::SaiHandle::GetOffset() const
 .text._ZN5daisy11TimerHandleD2Ev
                0x08003bd4        0x4 ../../libDaisy/build\libdaisy.a(system.o)
                0x08003bd4                daisy::TimerHandle::~TimerHandle()
                0x08003bd4                daisy::TimerHandle::~TimerHandle()
 .text.SysTick_Handler
                0x08003bd8       0x10 ../../libDaisy/build\libdaisy.a(system.o)
                0x08003bd8                SysTick_Handler
 .text.OTG_HS_EP1_OUT_IRQHandler
                0x08003be8       0x24 ../../libDaisy/build\libdaisy.a(system.o)
                0x08003be8                OTG_HS_EP1_OUT_IRQHandler
 .text.OTG_HS_EP1_IN_IRQHandler
                0x08003c0c       0x24 ../../libDaisy/build\libdaisy.a(system.o)
                0x08003c0c                OTG_HS_EP1_IN_IRQHandler
 .text.OTG_HS_IRQHandler
                0x08003c30       0x24 ../../libDaisy/build\libdaisy.a(system.o)
                0x08003c30                OTG_HS_IRQHandler
 .text.HardFault_Handler
                0x08003c54       0xe0 ../../libDaisy/build\libdaisy.a(system.o)
                0x08003c54                HardFault_Handler
 .text._ZN5daisy6System6GetNowEv
                0x08003d34        0x4 ../../libDaisy/build\libdaisy.a(system.o)
                0x08003d34                daisy::System::GetNow()
 .text._ZN5daisy6System5DelayEm
                0x08003d38        0x4 ../../libDaisy/build\libdaisy.a(system.o)
                0x08003d38                daisy::System::Delay(unsigned long)
 .text._ZN5daisy6System15ConfigureClocksEv
                0x08003d3c      0x194 ../../libDaisy/build\libdaisy.a(system.o)
                0x08003d3c                daisy::System::ConfigureClocks()
 .text._ZN5daisy6System4InitERKNS0_6ConfigE
                0x08003ed0      0x12c ../../libDaisy/build\libdaisy.a(system.o)
                0x08003ed0                daisy::System::Init(daisy::System::Config const&)
 .text._ZN5daisy6System12GetPClk1FreqEv
                0x08003ffc        0x4 ../../libDaisy/build\libdaisy.a(system.o)
                0x08003ffc                daisy::System::GetPClk1Freq()
 .text._ZN5daisy6System22GetProgramMemoryRegionEv
                0x08004000       0x78 ../../libDaisy/build\libdaisy.a(system.o)
                0x08004000                daisy::System::GetProgramMemoryRegion()
 .text.startup._GLOBAL__sub_I_SysTick_Handler
                0x08004078       0x1c ../../libDaisy/build\libdaisy.a(system.o)
 .text.SystemInit
                0x08004094       0x9c ../../libDaisy/build\libdaisy.a(system_stm32h7xx.o)
                0x08004094                SystemInit
 .text.HAL_PCD_SetupStageCallback
                0x08004130        0xc ../../libDaisy/build\libdaisy.a(usbd_conf.o)
                0x08004130                HAL_PCD_SetupStageCallback
 .text.HAL_PCD_DataOutStageCallback
                0x0800413c       0x14 ../../libDaisy/build\libdaisy.a(usbd_conf.o)
                0x0800413c                HAL_PCD_DataOutStageCallback
 .text.HAL_PCD_DataInStageCallback
                0x08004150       0x14 ../../libDaisy/build\libdaisy.a(usbd_conf.o)
                0x08004150                HAL_PCD_DataInStageCallback
 .text.HAL_PCD_SOFCallback
                0x08004164        0x8 ../../libDaisy/build\libdaisy.a(usbd_conf.o)
                0x08004164                HAL_PCD_SOFCallback
 .text.HAL_PCD_ResetCallback
                0x0800416c       0x24 ../../libDaisy/build\libdaisy.a(usbd_conf.o)
                0x0800416c                HAL_PCD_ResetCallback
 .text.HAL_PCD_SuspendCallback
                0x08004190       0x30 ../../libDaisy/build\libdaisy.a(usbd_conf.o)
                0x08004190                HAL_PCD_SuspendCallback
 .text.HAL_PCD_ResumeCallback
                0x080041c0        0x8 ../../libDaisy/build\libdaisy.a(usbd_conf.o)
                0x080041c0                HAL_PCD_ResumeCallback
 .text.HAL_PCD_ISOOUTIncompleteCallback
                0x080041c8        0x8 ../../libDaisy/build\libdaisy.a(usbd_conf.o)
                0x080041c8                HAL_PCD_ISOOUTIncompleteCallback
 .text.HAL_PCD_ISOINIncompleteCallback
                0x080041d0        0x8 ../../libDaisy/build\libdaisy.a(usbd_conf.o)
                0x080041d0                HAL_PCD_ISOINIncompleteCallback
 .text.HAL_PCD_ConnectCallback
                0x080041d8        0x8 ../../libDaisy/build\libdaisy.a(usbd_conf.o)
                0x080041d8                HAL_PCD_ConnectCallback
 .text.HAL_PCD_DisconnectCallback
                0x080041e0        0x8 ../../libDaisy/build\libdaisy.a(usbd_conf.o)
                0x080041e0                HAL_PCD_DisconnectCallback
 .text.USBD_LL_OpenEP
                0x080041e8       0x24 ../../libDaisy/build\libdaisy.a(usbd_conf.o)
                0x080041e8                USBD_LL_OpenEP
 .text.USBD_LL_StallEP
                0x0800420c       0x1c ../../libDaisy/build\libdaisy.a(usbd_conf.o)
                0x0800420c                USBD_LL_StallEP
 .text.USBD_LL_ClearStallEP
                0x08004228       0x1c ../../libDaisy/build\libdaisy.a(usbd_conf.o)
                0x08004228                USBD_LL_ClearStallEP
 .text.USBD_LL_IsStallEP
                0x08004244       0x28 ../../libDaisy/build\libdaisy.a(usbd_conf.o)
                0x08004244                USBD_LL_IsStallEP
 .text.USBD_LL_SetUSBAddress
                0x0800426c       0x1c ../../libDaisy/build\libdaisy.a(usbd_conf.o)
                0x0800426c                USBD_LL_SetUSBAddress
 .text.USBD_LL_Transmit
                0x08004288       0x1c ../../libDaisy/build\libdaisy.a(usbd_conf.o)
                0x08004288                USBD_LL_Transmit
 .text.USBD_LL_PrepareReceive
                0x080042a4       0x1c ../../libDaisy/build\libdaisy.a(usbd_conf.o)
                0x080042a4                USBD_LL_PrepareReceive
 .text.HAL_HCD_SOF_Callback
                0x080042c0        0x8 ../../libDaisy/build\libdaisy.a(usbh_conf.o)
                0x080042c0                HAL_HCD_SOF_Callback
 .text.HAL_HCD_Connect_Callback
                0x080042c8        0x8 ../../libDaisy/build\libdaisy.a(usbh_conf.o)
                0x080042c8                HAL_HCD_Connect_Callback
 .text.HAL_HCD_Disconnect_Callback
                0x080042d0        0x8 ../../libDaisy/build\libdaisy.a(usbh_conf.o)
                0x080042d0                HAL_HCD_Disconnect_Callback
 .text.HAL_HCD_HC_NotifyURBChange_Callback
                0x080042d8        0x4 ../../libDaisy/build\libdaisy.a(usbh_conf.o)
                0x080042d8                HAL_HCD_HC_NotifyURBChange_Callback
 .text.HAL_HCD_PortEnabled_Callback
                0x080042dc        0x8 ../../libDaisy/build\libdaisy.a(usbh_conf.o)
                0x080042dc                HAL_HCD_PortEnabled_Callback
 .text.HAL_HCD_PortDisabled_Callback
                0x080042e4        0x8 ../../libDaisy/build\libdaisy.a(usbh_conf.o)
                0x080042e4                HAL_HCD_PortDisabled_Callback
 .text.USBH_LL_Stop
                0x080042ec       0x1c ../../libDaisy/build\libdaisy.a(usbh_conf.o)
                0x080042ec                USBH_LL_Stop
 .text.dsy_hal_map_get_port
                0x08004308       0x10 ../../libDaisy/build\libdaisy.a(hal_map.o)
                0x08004308                dsy_hal_map_get_port
 .text.dsy_hal_map_get_pin
                0x08004318       0x10 ../../libDaisy/build\libdaisy.a(hal_map.o)
                0x08004318                dsy_hal_map_get_pin
 .text.dsy_hal_map_gpio_clk_enable
                0x08004328      0x150 ../../libDaisy/build\libdaisy.a(hal_map.o)
                0x08004328                dsy_hal_map_gpio_clk_enable
 .text.HAL_MspInit
                0x08004478        0x4 ../../libDaisy/build\libdaisy.a(stm32h7xx_hal.o)
                0x08004478                HAL_MspInit
 .text.HAL_InitTick
                0x0800447c       0x4c ../../libDaisy/build\libdaisy.a(stm32h7xx_hal.o)
                0x0800447c                HAL_InitTick
 .text.HAL_Init
                0x080044c8       0x60 ../../libDaisy/build\libdaisy.a(stm32h7xx_hal.o)
                0x080044c8                HAL_Init
 .text.HAL_IncTick
                0x08004528       0x18 ../../libDaisy/build\libdaisy.a(stm32h7xx_hal.o)
                0x08004528                HAL_IncTick
 .text.HAL_GetTick
                0x08004540        0xc ../../libDaisy/build\libdaisy.a(stm32h7xx_hal.o)
                0x08004540                HAL_GetTick
 .text.HAL_Delay
                0x0800454c       0x24 ../../libDaisy/build\libdaisy.a(stm32h7xx_hal.o)
                0x0800454c                HAL_Delay
 .text.HAL_GetREVID
                0x08004570        0xc ../../libDaisy/build\libdaisy.a(stm32h7xx_hal.o)
                0x08004570                HAL_GetREVID
 .text.HAL_ADC_ConvHalfCpltCallback
                0x0800457c        0x4 ../../libDaisy/build\libdaisy.a(stm32h7xx_hal_adc.o)
                0x0800457c                HAL_ADC_ConvHalfCpltCallback
 .text.ADC_DMAHalfConvCplt
                0x08004580        0xc ../../libDaisy/build\libdaisy.a(stm32h7xx_hal_adc.o)
                0x08004580                ADC_DMAHalfConvCplt
 .text.ADC_DMAConvCplt
                0x0800458c       0x6c ../../libDaisy/build\libdaisy.a(stm32h7xx_hal_adc.o)
                0x0800458c                ADC_DMAConvCplt
 .text.ADC_DMAError
                0x080045f8       0x1c ../../libDaisy/build\libdaisy.a(stm32h7xx_hal_adc.o)
                0x080045f8                ADC_DMAError
 .text.HAL_ADC_ConfigChannel
                0x08004614      0x3fc ../../libDaisy/build\libdaisy.a(stm32h7xx_hal_adc.o)
                0x08004614                HAL_ADC_ConfigChannel
 .text.ADC_Enable
                0x08004a10       0xac ../../libDaisy/build\libdaisy.a(stm32h7xx_hal_adc.o)
                0x08004a10                ADC_Enable
 .text.HAL_ADC_Start_DMA
                0x08004abc      0x114 ../../libDaisy/build\libdaisy.a(stm32h7xx_hal_adc.o)
                0x08004abc                HAL_ADC_Start_DMA
 .text.ADC_Disable
                0x08004bd0       0x68 ../../libDaisy/build\libdaisy.a(stm32h7xx_hal_adc.o)
                0x08004bd0                ADC_Disable
 .text.ADC_ConfigureBoostMode
                0x08004c38      0x184 ../../libDaisy/build\libdaisy.a(stm32h7xx_hal_adc.o)
                0x08004c38                ADC_ConfigureBoostMode
 .text.HAL_ADC_Init
                0x08004dbc      0x218 ../../libDaisy/build\libdaisy.a(stm32h7xx_hal_adc.o)
                0x08004dbc                HAL_ADC_Init
 .text.HAL_ADCEx_Calibration_Start
                0x08004fd4       0xa4 ../../libDaisy/build\libdaisy.a(stm32h7xx_hal_adc_ex.o)
                0x08004fd4                HAL_ADCEx_Calibration_Start
 .text.HAL_ADCEx_MultiModeConfigChannel
                0x08005078       0xc4 ../../libDaisy/build\libdaisy.a(stm32h7xx_hal_adc_ex.o)
                0x08005078                HAL_ADCEx_MultiModeConfigChannel
 .text.HAL_NVIC_SetPriorityGrouping
                0x0800513c       0x24 ../../libDaisy/build\libdaisy.a(stm32h7xx_hal_cortex.o)
                0x0800513c                HAL_NVIC_SetPriorityGrouping
 .text.HAL_NVIC_SetPriority
                0x08005160       0x7c ../../libDaisy/build\libdaisy.a(stm32h7xx_hal_cortex.o)
                0x08005160                HAL_NVIC_SetPriority
 .text.HAL_NVIC_EnableIRQ
                0x080051dc       0x1c ../../libDaisy/build\libdaisy.a(stm32h7xx_hal_cortex.o)
                0x080051dc                HAL_NVIC_EnableIRQ
 .text.HAL_NVIC_DisableIRQ
                0x080051f8       0x28 ../../libDaisy/build\libdaisy.a(stm32h7xx_hal_cortex.o)
                0x080051f8                HAL_NVIC_DisableIRQ
 .text.HAL_SYSTICK_Config
                0x08005220       0x2c ../../libDaisy/build\libdaisy.a(stm32h7xx_hal_cortex.o)
                0x08005220                HAL_SYSTICK_Config
 .text.HAL_MPU_Disable
                0x0800524c       0x1c ../../libDaisy/build\libdaisy.a(stm32h7xx_hal_cortex.o)
                0x0800524c                HAL_MPU_Disable
 .text.HAL_MPU_Enable
                0x08005268       0x20 ../../libDaisy/build\libdaisy.a(stm32h7xx_hal_cortex.o)
                0x08005268                HAL_MPU_Enable
 .text.HAL_MPU_ConfigRegion
                0x08005288       0x64 ../../libDaisy/build\libdaisy.a(stm32h7xx_hal_cortex.o)
                0x08005288                HAL_MPU_ConfigRegion
 .text.HAL_SYSTICK_Callback
                0x080052ec        0x4 ../../libDaisy/build\libdaisy.a(stm32h7xx_hal_cortex.o)
                0x080052ec                HAL_SYSTICK_Callback
 .text.HAL_SYSTICK_IRQHandler
                0x080052f0        0x8 ../../libDaisy/build\libdaisy.a(stm32h7xx_hal_cortex.o)
                0x080052f0                HAL_SYSTICK_IRQHandler
 .text.DMA_CalcBaseAndBitshift
                0x080052f8       0xf4 ../../libDaisy/build\libdaisy.a(stm32h7xx_hal_dma.o)
 .text.DMA_CalcDMAMUXChannelBaseAndMask
                0x080053ec       0xd8 ../../libDaisy/build\libdaisy.a(stm32h7xx_hal_dma.o)
 .text.HAL_DMA_Init
                0x080054c4      0x37c ../../libDaisy/build\libdaisy.a(stm32h7xx_hal_dma.o)
                0x080054c4                HAL_DMA_Init
 .text.HAL_DMA_Start_IT
                0x08005840      0x240 ../../libDaisy/build\libdaisy.a(stm32h7xx_hal_dma.o)
                0x08005840                HAL_DMA_Start_IT
 .text.HAL_DMA_Abort_IT
                0x08005a80      0x134 ../../libDaisy/build\libdaisy.a(stm32h7xx_hal_dma.o)
                0x08005a80                HAL_DMA_Abort_IT
 .text.HAL_DMA_IRQHandler
                0x08005bb4      0x6a0 ../../libDaisy/build\libdaisy.a(stm32h7xx_hal_dma.o)
                0x08005bb4                HAL_DMA_IRQHandler
 .text.HAL_DMA_GetError
                0x08006254        0x4 ../../libDaisy/build\libdaisy.a(stm32h7xx_hal_dma.o)
                0x08006254                HAL_DMA_GetError
 .text.HAL_GPIO_Init
                0x08006258      0x280 ../../libDaisy/build\libdaisy.a(stm32h7xx_hal_gpio.o)
                0x08006258                HAL_GPIO_Init
 .text.HAL_GPIO_DeInit
                0x080064d8      0x190 ../../libDaisy/build\libdaisy.a(stm32h7xx_hal_gpio.o)
                0x080064d8                HAL_GPIO_DeInit
 .text.HAL_GPIO_ReadPin
                0x08006668        0xc ../../libDaisy/build\libdaisy.a(stm32h7xx_hal_gpio.o)
                0x08006668                HAL_GPIO_ReadPin
 .text.HAL_GPIO_WritePin
                0x08006674        0x8 ../../libDaisy/build\libdaisy.a(stm32h7xx_hal_gpio.o)
                0x08006674                HAL_GPIO_WritePin
 .text.HAL_HCD_IRQHandler
                0x0800667c      0x780 ../../libDaisy/build\libdaisy.a(stm32h7xx_hal_hcd.o)
                0x0800667c                HAL_HCD_IRQHandler
 .text.HAL_HCD_Stop
                0x08006dfc       0x28 ../../libDaisy/build\libdaisy.a(stm32h7xx_hal_hcd.o)
                0x08006dfc                HAL_HCD_Stop
 .text.I2C_WaitOnTXISFlagUntilTimeout
                0x08006e24       0xb8 ../../libDaisy/build\libdaisy.a(stm32h7xx_hal_i2c.o)
 .text.I2C_WaitOnSTOPFlagUntilTimeout
                0x08006edc       0xac ../../libDaisy/build\libdaisy.a(stm32h7xx_hal_i2c.o)
 .text.HAL_I2C_Init
                0x08006f88       0xac ../../libDaisy/build\libdaisy.a(stm32h7xx_hal_i2c.o)
                0x08006f88                HAL_I2C_Init
 .text.HAL_I2C_Master_Transmit
                0x08007034      0x1a8 ../../libDaisy/build\libdaisy.a(stm32h7xx_hal_i2c.o)
                0x08007034                HAL_I2C_Master_Transmit
 .text.HAL_I2C_Slave_Transmit
                0x080071dc      0x1c8 ../../libDaisy/build\libdaisy.a(stm32h7xx_hal_i2c.o)
                0x080071dc                HAL_I2C_Slave_Transmit
 .text.HAL_I2C_EV_IRQHandler
                0x080073a4       0x10 ../../libDaisy/build\libdaisy.a(stm32h7xx_hal_i2c.o)
                0x080073a4                HAL_I2C_EV_IRQHandler
 .text.HAL_I2C_GetState
                0x080073b4        0x8 ../../libDaisy/build\libdaisy.a(stm32h7xx_hal_i2c.o)
                0x080073b4                HAL_I2C_GetState
 .text.HAL_I2CEx_ConfigAnalogFilter
                0x080073bc       0x54 ../../libDaisy/build\libdaisy.a(stm32h7xx_hal_i2c_ex.o)
                0x080073bc                HAL_I2CEx_ConfigAnalogFilter
 .text.HAL_I2CEx_ConfigDigitalFilter
                0x08007410       0x58 ../../libDaisy/build\libdaisy.a(stm32h7xx_hal_i2c_ex.o)
                0x08007410                HAL_I2CEx_ConfigDigitalFilter
 .text.HAL_PCD_IRQHandler
                0x08007468      0x69c ../../libDaisy/build\libdaisy.a(stm32h7xx_hal_pcd.o)
                0x08007468                HAL_PCD_IRQHandler
 .text.HAL_PCD_SetAddress
                0x08007b04       0x2c ../../libDaisy/build\libdaisy.a(stm32h7xx_hal_pcd.o)
                0x08007b04                HAL_PCD_SetAddress
 .text.HAL_PCD_EP_Open
                0x08007b30       0x7c ../../libDaisy/build\libdaisy.a(stm32h7xx_hal_pcd.o)
                0x08007b30                HAL_PCD_EP_Open
 .text.HAL_PCD_EP_Receive
                0x08007bac       0x50 ../../libDaisy/build\libdaisy.a(stm32h7xx_hal_pcd.o)
                0x08007bac                HAL_PCD_EP_Receive
 .text.HAL_PCD_EP_Transmit
                0x08007bfc       0x50 ../../libDaisy/build\libdaisy.a(stm32h7xx_hal_pcd.o)
                0x08007bfc                HAL_PCD_EP_Transmit
 .text.HAL_PCD_EP_SetStall
                0x08007c4c       0x88 ../../libDaisy/build\libdaisy.a(stm32h7xx_hal_pcd.o)
                0x08007c4c                HAL_PCD_EP_SetStall
 .text.HAL_PCD_EP_ClrStall
                0x08007cd4       0x78 ../../libDaisy/build\libdaisy.a(stm32h7xx_hal_pcd.o)
                0x08007cd4                HAL_PCD_EP_ClrStall
 .text.HAL_PCDEx_LPM_Callback
                0x08007d4c        0x4 ../../libDaisy/build\libdaisy.a(stm32h7xx_hal_pcd_ex.o)
                0x08007d4c                HAL_PCDEx_LPM_Callback
 .text.HAL_PWREx_ConfigSupply
                0x08007d50       0x4c ../../libDaisy/build\libdaisy.a(stm32h7xx_hal_pwr_ex.o)
                0x08007d50                HAL_PWREx_ConfigSupply
 .text.HAL_PWREx_EnableUSBVoltageDetector
                0x08007d9c       0x10 ../../libDaisy/build\libdaisy.a(stm32h7xx_hal_pwr_ex.o)
                0x08007d9c                HAL_PWREx_EnableUSBVoltageDetector
 .text.QSPI_Config
                0x08007dac      0x174 ../../libDaisy/build\libdaisy.a(stm32h7xx_hal_qspi.o)
 .text.HAL_QSPI_Init
                0x08007f20       0xd8 ../../libDaisy/build\libdaisy.a(stm32h7xx_hal_qspi.o)
                0x08007f20                HAL_QSPI_Init
 .text.HAL_QSPI_DeInit
                0x08007ff8       0x3c ../../libDaisy/build\libdaisy.a(stm32h7xx_hal_qspi.o)
                0x08007ff8                HAL_QSPI_DeInit
 .text.HAL_QSPI_Command
                0x08008034       0xd4 ../../libDaisy/build\libdaisy.a(stm32h7xx_hal_qspi.o)
                0x08008034                HAL_QSPI_Command
 .text.HAL_QSPI_Transmit
                0x08008108       0xfc ../../libDaisy/build\libdaisy.a(stm32h7xx_hal_qspi.o)
                0x08008108                HAL_QSPI_Transmit
 .text.HAL_QSPI_Receive
                0x08008204      0x108 ../../libDaisy/build\libdaisy.a(stm32h7xx_hal_qspi.o)
                0x08008204                HAL_QSPI_Receive
 .text.HAL_QSPI_AutoPolling
                0x0800830c       0xf0 ../../libDaisy/build\libdaisy.a(stm32h7xx_hal_qspi.o)
                0x0800830c                HAL_QSPI_AutoPolling
 .text.HAL_QSPI_MemoryMapped
                0x080083fc       0xc0 ../../libDaisy/build\libdaisy.a(stm32h7xx_hal_qspi.o)
                0x080083fc                HAL_QSPI_MemoryMapped
 .text.HAL_QSPI_ErrorCallback
                0x080084bc        0x4 ../../libDaisy/build\libdaisy.a(stm32h7xx_hal_qspi.o)
                0x080084bc                HAL_QSPI_ErrorCallback
 .text.QSPI_DMAAbortCplt
                0x080084c0       0x38 ../../libDaisy/build\libdaisy.a(stm32h7xx_hal_qspi.o)
 .text.HAL_QSPI_AbortCpltCallback
                0x080084f8        0x4 ../../libDaisy/build\libdaisy.a(stm32h7xx_hal_qspi.o)
                0x080084f8                HAL_QSPI_AbortCpltCallback
 .text.HAL_QSPI_CmdCpltCallback
                0x080084fc        0x4 ../../libDaisy/build\libdaisy.a(stm32h7xx_hal_qspi.o)
                0x080084fc                HAL_QSPI_CmdCpltCallback
 .text.HAL_QSPI_RxCpltCallback
                0x08008500        0x4 ../../libDaisy/build\libdaisy.a(stm32h7xx_hal_qspi.o)
                0x08008500                HAL_QSPI_RxCpltCallback
 .text.HAL_QSPI_TxCpltCallback
                0x08008504        0x4 ../../libDaisy/build\libdaisy.a(stm32h7xx_hal_qspi.o)
                0x08008504                HAL_QSPI_TxCpltCallback
 .text.HAL_QSPI_FifoThresholdCallback
                0x08008508        0x4 ../../libDaisy/build\libdaisy.a(stm32h7xx_hal_qspi.o)
                0x08008508                HAL_QSPI_FifoThresholdCallback
 .text.HAL_QSPI_StatusMatchCallback
                0x0800850c        0x4 ../../libDaisy/build\libdaisy.a(stm32h7xx_hal_qspi.o)
                0x0800850c                HAL_QSPI_StatusMatchCallback
 .text.HAL_QSPI_TimeOutCallback
                0x08008510        0x4 ../../libDaisy/build\libdaisy.a(stm32h7xx_hal_qspi.o)
                0x08008510                HAL_QSPI_TimeOutCallback
 .text.HAL_QSPI_IRQHandler
                0x08008514      0x210 ../../libDaisy/build\libdaisy.a(stm32h7xx_hal_qspi.o)
                0x08008514                HAL_QSPI_IRQHandler
 .text.HAL_RCC_OscConfig
                0x08008724      0x51c ../../libDaisy/build\libdaisy.a(stm32h7xx_hal_rcc.o)
                0x08008724                HAL_RCC_OscConfig
 .text.HAL_RCC_GetSysClockFreq
                0x08008c40      0x140 ../../libDaisy/build\libdaisy.a(stm32h7xx_hal_rcc.o)
                0x08008c40                HAL_RCC_GetSysClockFreq
 .text.HAL_RCC_ClockConfig
                0x08008d80      0x234 ../../libDaisy/build\libdaisy.a(stm32h7xx_hal_rcc.o)
                0x08008d80                HAL_RCC_ClockConfig
 .text.HAL_RCC_GetHCLKFreq
                0x08008fb4       0x2c ../../libDaisy/build\libdaisy.a(stm32h7xx_hal_rcc.o)
                0x08008fb4                HAL_RCC_GetHCLKFreq
 .text.HAL_RCC_GetPCLK1Freq
                0x08008fe0       0x38 ../../libDaisy/build\libdaisy.a(stm32h7xx_hal_rcc.o)
                0x08008fe0                HAL_RCC_GetPCLK1Freq
 .text.RCCEx_PLL2_Config
                0x08009018       0xf4 ../../libDaisy/build\libdaisy.a(stm32h7xx_hal_rcc_ex.o)
 .text.RCCEx_PLL3_Config
                0x0800910c       0xf4 ../../libDaisy/build\libdaisy.a(stm32h7xx_hal_rcc_ex.o)
 .text.HAL_RCCEx_PeriphCLKConfig
                0x08009200      0xa7c ../../libDaisy/build\libdaisy.a(stm32h7xx_hal_rcc_ex.o)
                0x08009200                HAL_RCCEx_PeriphCLKConfig
 .text.HAL_RCCEx_GetPLL2ClockFreq
                0x08009c7c      0x17c ../../libDaisy/build\libdaisy.a(stm32h7xx_hal_rcc_ex.o)
                0x08009c7c                HAL_RCCEx_GetPLL2ClockFreq
 .text.HAL_RCCEx_GetPLL3ClockFreq
                0x08009df8      0x17c ../../libDaisy/build\libdaisy.a(stm32h7xx_hal_rcc_ex.o)
                0x08009df8                HAL_RCCEx_GetPLL3ClockFreq
 .text.HAL_RCCEx_GetPLL1ClockFreq
                0x08009f74      0x17c ../../libDaisy/build\libdaisy.a(stm32h7xx_hal_rcc_ex.o)
                0x08009f74                HAL_RCCEx_GetPLL1ClockFreq
 .text.HAL_RCCEx_GetPeriphCLKFreq
                0x0800a0f0      0x198 ../../libDaisy/build\libdaisy.a(stm32h7xx_hal_rcc_ex.o)
                0x0800a0f0                HAL_RCCEx_GetPeriphCLKFreq
 .text.HAL_RCCEx_GetD1SysClockFreq
                0x0800a288       0x2c ../../libDaisy/build\libdaisy.a(stm32h7xx_hal_rcc_ex.o)
                0x0800a288                HAL_RCCEx_GetD1SysClockFreq
 .text.HAL_SAI_Init.part.0
                0x0800a2b4      0x348 ../../libDaisy/build\libdaisy.a(stm32h7xx_hal_sai.o)
 .text.HAL_SAI_InitProtocol
                0x0800a5fc      0x178 ../../libDaisy/build\libdaisy.a(stm32h7xx_hal_sai.o)
                0x0800a5fc                HAL_SAI_InitProtocol
 .text.HAL_SAI_Transmit_DMA
                0x0800a774      0x124 ../../libDaisy/build\libdaisy.a(stm32h7xx_hal_sai.o)
                0x0800a774                HAL_SAI_Transmit_DMA
 .text.HAL_SAI_Receive_DMA
                0x0800a898       0xd0 ../../libDaisy/build\libdaisy.a(stm32h7xx_hal_sai.o)
                0x0800a898                HAL_SAI_Receive_DMA
 .text.HAL_SAI_TxCpltCallback
                0x0800a968        0x4 ../../libDaisy/build\libdaisy.a(stm32h7xx_hal_sai.o)
                0x0800a968                HAL_SAI_TxCpltCallback
 .text.SAI_DMATxCplt
                0x0800a96c       0x64 ../../libDaisy/build\libdaisy.a(stm32h7xx_hal_sai.o)
 .text.HAL_SAI_TxHalfCpltCallback
                0x0800a9d0        0x4 ../../libDaisy/build\libdaisy.a(stm32h7xx_hal_sai.o)
                0x0800a9d0                HAL_SAI_TxHalfCpltCallback
 .text.SAI_DMATxHalfCplt
                0x0800a9d4        0xc ../../libDaisy/build\libdaisy.a(stm32h7xx_hal_sai.o)
 .text.SAI_DMARxCplt
                0x0800a9e0       0x64 ../../libDaisy/build\libdaisy.a(stm32h7xx_hal_sai.o)
 .text.SAI_DMARxHalfCplt
                0x0800aa44        0xc ../../libDaisy/build\libdaisy.a(stm32h7xx_hal_sai.o)
 .text.HAL_SAI_ErrorCallback
                0x0800aa50        0x4 ../../libDaisy/build\libdaisy.a(stm32h7xx_hal_sai.o)
                0x0800aa50                HAL_SAI_ErrorCallback
 .text.SAI_DMAError
                0x0800aa54       0x6c ../../libDaisy/build\libdaisy.a(stm32h7xx_hal_sai.o)
 .text.HAL_SDRAM_Init
                0x0800aac0       0x54 ../../libDaisy/build\libdaisy.a(stm32h7xx_hal_sdram.o)
                0x0800aac0                HAL_SDRAM_Init
 .text.HAL_SDRAM_SendCommand
                0x0800ab14       0x40 ../../libDaisy/build\libdaisy.a(stm32h7xx_hal_sdram.o)
                0x0800ab14                HAL_SDRAM_SendCommand
 .text.HAL_SDRAM_ProgramRefreshRate
                0x0800ab54       0x30 ../../libDaisy/build\libdaisy.a(stm32h7xx_hal_sdram.o)
                0x0800ab54                HAL_SDRAM_ProgramRefreshRate
 .text.FMC_SDRAM_Init
                0x0800ab84       0x7c ../../libDaisy/build\libdaisy.a(stm32h7xx_ll_fmc.o)
                0x0800ab84                FMC_SDRAM_Init
 .text.FMC_SDRAM_Timing_Init
                0x0800ac00       0x98 ../../libDaisy/build\libdaisy.a(stm32h7xx_ll_fmc.o)
                0x0800ac00                FMC_SDRAM_Timing_Init
 .text.FMC_SDRAM_SendCommand
                0x0800ac98       0x28 ../../libDaisy/build\libdaisy.a(stm32h7xx_ll_fmc.o)
                0x0800ac98                FMC_SDRAM_SendCommand
 .text.FMC_SDRAM_ProgramRefreshRate
                0x0800acc0       0x1c ../../libDaisy/build\libdaisy.a(stm32h7xx_ll_fmc.o)
                0x0800acc0                FMC_SDRAM_ProgramRefreshRate
 .text.USB_SetTurnaroundTime
                0x0800acdc       0xf4 ../../libDaisy/build\libdaisy.a(stm32h7xx_ll_usb.o)
                0x0800acdc                USB_SetTurnaroundTime
 .text.USB_FlushTxFifo
                0x0800add0       0x24 ../../libDaisy/build\libdaisy.a(stm32h7xx_ll_usb.o)
                0x0800add0                USB_FlushTxFifo
 .text.USB_GetDevSpeed
                0x0800adf4       0x18 ../../libDaisy/build\libdaisy.a(stm32h7xx_ll_usb.o)
                0x0800adf4                USB_GetDevSpeed
 .text.USB_ActivateEndpoint
                0x0800ae0c       0x90 ../../libDaisy/build\libdaisy.a(stm32h7xx_ll_usb.o)
                0x0800ae0c                USB_ActivateEndpoint
 .text.USB_EPStartXfer
                0x0800ae9c      0x230 ../../libDaisy/build\libdaisy.a(stm32h7xx_ll_usb.o)
                0x0800ae9c                USB_EPStartXfer
 .text.USB_EP0StartXfer
                0x0800b0cc      0x174 ../../libDaisy/build\libdaisy.a(stm32h7xx_ll_usb.o)
                0x0800b0cc                USB_EP0StartXfer
 .text.USB_WritePacket
                0x0800b240       0x2c ../../libDaisy/build\libdaisy.a(stm32h7xx_ll_usb.o)
                0x0800b240                USB_WritePacket
 .text.USB_ReadPacket
                0x0800b26c       0x20 ../../libDaisy/build\libdaisy.a(stm32h7xx_ll_usb.o)
                0x0800b26c                USB_ReadPacket
 .text.USB_EPSetStall
                0x0800b28c       0x68 ../../libDaisy/build\libdaisy.a(stm32h7xx_ll_usb.o)
                0x0800b28c                USB_EPSetStall
 .text.USB_EPClearStall
                0x0800b2f4       0x58 ../../libDaisy/build\libdaisy.a(stm32h7xx_ll_usb.o)
                0x0800b2f4                USB_EPClearStall
 .text.USB_SetDevAddress
                0x0800b34c       0x24 ../../libDaisy/build\libdaisy.a(stm32h7xx_ll_usb.o)
                0x0800b34c                USB_SetDevAddress
 .text.USB_ReadInterrupts
                0x0800b370        0x8 ../../libDaisy/build\libdaisy.a(stm32h7xx_ll_usb.o)
                0x0800b370                USB_ReadInterrupts
 .text.USB_ReadDevAllOutEpInterrupt
                0x0800b378       0x10 ../../libDaisy/build\libdaisy.a(stm32h7xx_ll_usb.o)
                0x0800b378                USB_ReadDevAllOutEpInterrupt
 .text.USB_ReadDevAllInEpInterrupt
                0x0800b388       0x10 ../../libDaisy/build\libdaisy.a(stm32h7xx_ll_usb.o)
                0x0800b388                USB_ReadDevAllInEpInterrupt
 .text.USB_ReadDevOutEPInterrupt
                0x0800b398       0x14 ../../libDaisy/build\libdaisy.a(stm32h7xx_ll_usb.o)
                0x0800b398                USB_ReadDevOutEPInterrupt
 .text.USB_ReadDevInEPInterrupt
                0x0800b3ac       0x20 ../../libDaisy/build\libdaisy.a(stm32h7xx_ll_usb.o)
                0x0800b3ac                USB_ReadDevInEPInterrupt
 .text.USB_GetMode
                0x0800b3cc        0x8 ../../libDaisy/build\libdaisy.a(stm32h7xx_ll_usb.o)
                0x0800b3cc                USB_GetMode
 .text.USB_ActivateSetup
                0x0800b3d4       0x38 ../../libDaisy/build\libdaisy.a(stm32h7xx_ll_usb.o)
                0x0800b3d4                USB_ActivateSetup
 .text.USB_EP0_OutStart
                0x0800b40c       0x58 ../../libDaisy/build\libdaisy.a(stm32h7xx_ll_usb.o)
                0x0800b40c                USB_EP0_OutStart
 .text.USB_InitFSLSPClkSel
                0x0800b464       0x44 ../../libDaisy/build\libdaisy.a(stm32h7xx_ll_usb.o)
                0x0800b464                USB_InitFSLSPClkSel
 .text.USB_HC_ReadInterrupt
                0x0800b4a8        0x8 ../../libDaisy/build\libdaisy.a(stm32h7xx_ll_usb.o)
                0x0800b4a8                USB_HC_ReadInterrupt
 .text.USB_HC_Halt
                0x0800b4b0       0xb4 ../../libDaisy/build\libdaisy.a(stm32h7xx_ll_usb.o)
                0x0800b4b0                USB_HC_Halt
 .text.USB_StopHost
                0x0800b564      0x184 ../../libDaisy/build\libdaisy.a(stm32h7xx_ll_usb.o)
                0x0800b564                USB_StopHost
 .text.USBD_SetClassConfig
                0x0800b6e8       0x14 ../../libDaisy/build\libdaisy.a(usbd_core.o)
                0x0800b6e8                USBD_SetClassConfig
 .text.USBD_ClrClassConfig
                0x0800b6fc       0x10 ../../libDaisy/build\libdaisy.a(usbd_core.o)
                0x0800b6fc                USBD_ClrClassConfig
 .text.USBD_LL_SetupStage
                0x0800b70c       0x5c ../../libDaisy/build\libdaisy.a(usbd_core.o)
                0x0800b70c                USBD_LL_SetupStage
 .text.USBD_LL_DataOutStage
                0x0800b768       0x7c ../../libDaisy/build\libdaisy.a(usbd_core.o)
                0x0800b768                USBD_LL_DataOutStage
 .text.USBD_LL_DataInStage
                0x0800b7e4       0xcc ../../libDaisy/build\libdaisy.a(usbd_core.o)
                0x0800b7e4                USBD_LL_DataInStage
 .text.USBD_LL_Reset
                0x0800b8b0       0x50 ../../libDaisy/build\libdaisy.a(usbd_core.o)
                0x0800b8b0                USBD_LL_Reset
 .text.USBD_LL_SetSpeed
                0x0800b900        0x8 ../../libDaisy/build\libdaisy.a(usbd_core.o)
                0x0800b900                USBD_LL_SetSpeed
 .text.USBD_LL_Suspend
                0x0800b908       0x14 ../../libDaisy/build\libdaisy.a(usbd_core.o)
                0x0800b908                USBD_LL_Suspend
 .text.USBD_LL_Resume
                0x0800b91c       0x10 ../../libDaisy/build\libdaisy.a(usbd_core.o)
                0x0800b91c                USBD_LL_Resume
 .text.USBD_LL_SOF
                0x0800b92c       0x1c ../../libDaisy/build\libdaisy.a(usbd_core.o)
                0x0800b92c                USBD_LL_SOF
 .text.USBD_LL_IsoINIncomplete
                0x0800b948        0x4 ../../libDaisy/build\libdaisy.a(usbd_core.o)
                0x0800b948                USBD_LL_IsoINIncomplete
 .text.USBD_LL_IsoOUTIncomplete
                0x0800b94c        0x4 ../../libDaisy/build\libdaisy.a(usbd_core.o)
                0x0800b94c                USBD_LL_IsoOUTIncomplete
 .text.USBD_LL_DevConnected
                0x0800b950        0x4 ../../libDaisy/build\libdaisy.a(usbd_core.o)
                0x0800b950                USBD_LL_DevConnected
 .text.USBD_LL_DevDisconnected
                0x0800b954       0x18 ../../libDaisy/build\libdaisy.a(usbd_core.o)
                0x0800b954                USBD_LL_DevDisconnected
 .text.USBD_StdDevReq
                0x0800b96c      0x304 ../../libDaisy/build\libdaisy.a(usbd_ctlreq.o)
                0x0800b96c                USBD_StdDevReq
 .text.USBD_StdItfReq
                0x0800bc70       0x68 ../../libDaisy/build\libdaisy.a(usbd_ctlreq.o)
                0x0800bc70                USBD_StdItfReq
 .text.USBD_StdEPReq
                0x0800bcd8      0x13c ../../libDaisy/build\libdaisy.a(usbd_ctlreq.o)
                0x0800bcd8                USBD_StdEPReq
 .text.USBD_ParseSetupRequest
                0x0800be14       0x28 ../../libDaisy/build\libdaisy.a(usbd_ctlreq.o)
                0x0800be14                USBD_ParseSetupRequest
 .text.USBD_CtlSendData
                0x0800be3c       0x1c ../../libDaisy/build\libdaisy.a(usbd_ioreq.o)
                0x0800be3c                USBD_CtlSendData
 .text.USBD_CtlContinueSendData
                0x0800be58       0x14 ../../libDaisy/build\libdaisy.a(usbd_ioreq.o)
                0x0800be58                USBD_CtlContinueSendData
 .text.USBD_CtlContinueRx
                0x0800be6c       0x14 ../../libDaisy/build\libdaisy.a(usbd_ioreq.o)
                0x0800be6c                USBD_CtlContinueRx
 .text.USBD_CtlSendStatus
                0x0800be80       0x18 ../../libDaisy/build\libdaisy.a(usbd_ioreq.o)
                0x0800be80                USBD_CtlSendStatus
 .text.USBD_CtlReceiveStatus
                0x0800be98       0x18 ../../libDaisy/build\libdaisy.a(usbd_ioreq.o)
                0x0800be98                USBD_CtlReceiveStatus
 .text.USBH_LL_IncTimer
                0x0800beb0       0x20 ../../libDaisy/build\libdaisy.a(usbh_core.o)
                0x0800beb0                USBH_LL_IncTimer
 .text.USBH_LL_PortEnabled
                0x0800bed0        0x8 ../../libDaisy/build\libdaisy.a(usbh_core.o)
                0x0800bed0                USBH_LL_PortEnabled
 .text.USBH_LL_PortDisabled
                0x0800bed8        0x8 ../../libDaisy/build\libdaisy.a(usbh_core.o)
                0x0800bed8                USBH_LL_PortDisabled
 .text.USBH_LL_Connect
                0x0800bee0       0x18 ../../libDaisy/build\libdaisy.a(usbh_core.o)
                0x0800bee0                USBH_LL_Connect
 .text.USBH_LL_Disconnect
                0x0800bef8       0x2c ../../libDaisy/build\libdaisy.a(usbh_core.o)
                0x0800bef8                USBH_LL_Disconnect
 .text.USBH_FreePipe
                0x0800bf24       0x18 ../../libDaisy/build\libdaisy.a(usbh_pipes.o)
                0x0800bf24                USBH_FreePipe
 .text._ZN5daisy6Random4InitEv
                0x0800bf3c       0x3c ../../libDaisy/build\libdaisy.a(rng.o)
                0x0800bf3c                daisy::Random::Init()
 .text._ZN5daisy9SpiHandle4Impl7InitDmaEv
                0x0800bf78       0xec ../../libDaisy/build\libdaisy.a(spi.o)
                0x0800bf78                daisy::SpiHandle::Impl::InitDma()
 .text._ZN5daisy9SpiHandle4Impl10StartDmaTxEPhjPFvPvEPFvS3_NS0_6ResultEES3_
                0x0800c064       0xc8 ../../libDaisy/build\libdaisy.a(spi.o)
                0x0800c064                daisy::SpiHandle::Impl::StartDmaTx(unsigned char*, unsigned int, void (*)(void*), void (*)(void*, daisy::SpiHandle::Result), void*)
 .text._ZN5daisy9SpiHandle4Impl10StartDmaRxEPhjPFvPvEPFvS3_NS0_6ResultEES3_
                0x0800c12c       0xc8 ../../libDaisy/build\libdaisy.a(spi.o)
                0x0800c12c                daisy::SpiHandle::Impl::StartDmaRx(unsigned char*, unsigned int, void (*)(void*), void (*)(void*, daisy::SpiHandle::Result), void*)
 .text._ZN5daisy9SpiHandle4Impl12StartDmaRxTxEPhS2_jPFvPvEPFvS3_NS0_6ResultEES3_
                0x0800c1f4       0xcc ../../libDaisy/build\libdaisy.a(spi.o)
                0x0800c1f4                daisy::SpiHandle::Impl::StartDmaRxTx(unsigned char*, unsigned char*, unsigned int, void (*)(void*), void (*)(void*, daisy::SpiHandle::Result), void*)
 .text._ZN5daisy9SpiHandle4Impl8InitPinsEv
                0x0800c2c0      0x274 ../../libDaisy/build\libdaisy.a(spi.o)
                0x0800c2c0                daisy::SpiHandle::Impl::InitPins()
 .text.HAL_SPI_MspInit
                0x0800c534      0x1a8 ../../libDaisy/build\libdaisy.a(spi.o)
                0x0800c534                HAL_SPI_MspInit
 .text.dsy_spi_global_init
                0x0800c6dc       0x80 ../../libDaisy/build\libdaisy.a(spi.o)
                0x0800c6dc                dsy_spi_global_init
 .text.SPI1_IRQHandler
                0x0800c75c        0xc ../../libDaisy/build\libdaisy.a(spi.o)
                0x0800c75c                SPI1_IRQHandler
 .text.DMA2_Stream2_IRQHandler
                0x0800c768       0x34 ../../libDaisy/build\libdaisy.a(spi.o)
                0x0800c768                DMA2_Stream2_IRQHandler
 .text.DMA2_Stream3_IRQHandler
                0x0800c79c       0x38 ../../libDaisy/build\libdaisy.a(spi.o)
                0x0800c79c                DMA2_Stream3_IRQHandler
 .text.HAL_SPI_TxCpltCallback
                0x0800c7d4       0xc4 ../../libDaisy/build\libdaisy.a(spi.o)
                0x0800c7d4                HAL_SPI_TxCpltCallback
 .text.HAL_SPI_RxCpltCallback
                0x0800c898       0xc4 ../../libDaisy/build\libdaisy.a(spi.o)
                0x0800c898                HAL_SPI_RxCpltCallback
 .text.HAL_SPI_TxRxCpltCallback
                0x0800c95c       0xc4 ../../libDaisy/build\libdaisy.a(spi.o)
                0x0800c95c                HAL_SPI_TxRxCpltCallback
 .text.HAL_SPI_ErrorCallback
                0x0800ca20       0xc8 ../../libDaisy/build\libdaisy.a(spi.o)
                0x0800ca20                HAL_SPI_ErrorCallback
 .text.startup._GLOBAL__sub_I__Z19MapInstanceToHandleP11SPI_TypeDef
                0x0800cae8      0x1b0 ../../libDaisy/build\libdaisy.a(spi.o)
 .text.HAL_TIM_Base_MspInit
                0x0800cc98       0xcc ../../libDaisy/build\libdaisy.a(tim.o)
                0x0800cc98                HAL_TIM_Base_MspInit
 .text._ZN5daisy11TimerHandle4InitERKNS0_6ConfigE
                0x0800cd64       0xc4 ../../libDaisy/build\libdaisy.a(tim.o)
                0x0800cd64                daisy::TimerHandle::Init(daisy::TimerHandle::Config const&)
 .text._ZN5daisy11TimerHandle5StartEv
                0x0800ce28       0x14 ../../libDaisy/build\libdaisy.a(tim.o)
                0x0800ce28                daisy::TimerHandle::Start()
 .text.dsy_dma_init
                0x0800ce3c       0xf0 ../../libDaisy/build\libdaisy.a(dma.o)
                0x0800ce3c                dsy_dma_init
 .text.HAL_MDMA_Abort_IT
                0x0800cf2c       0x2c ../../libDaisy/build\libdaisy.a(stm32h7xx_hal_mdma.o)
                0x0800cf2c                HAL_MDMA_Abort_IT
 .text.SPI_CloseTransfer
                0x0800cf58       0xb8 ../../libDaisy/build\libdaisy.a(stm32h7xx_hal_spi.o)
 .text.HAL_SPI_Init
                0x0800d010      0x15c ../../libDaisy/build\libdaisy.a(stm32h7xx_hal_spi.o)
                0x0800d010                HAL_SPI_Init
 .text.HAL_SPI_Transmit_DMA
                0x0800d16c      0x170 ../../libDaisy/build\libdaisy.a(stm32h7xx_hal_spi.o)
                0x0800d16c                HAL_SPI_Transmit_DMA
 .text.HAL_SPI_TransmitReceive_DMA
                0x0800d2dc      0x218 ../../libDaisy/build\libdaisy.a(stm32h7xx_hal_spi.o)
                0x0800d2dc                HAL_SPI_TransmitReceive_DMA
 .text.HAL_SPI_Receive_DMA
                0x0800d4f4      0x1b4 ../../libDaisy/build\libdaisy.a(stm32h7xx_hal_spi.o)
                0x0800d4f4                HAL_SPI_Receive_DMA
 .text.SPI_DMATransmitCplt
                0x0800d6a8       0x28 ../../libDaisy/build\libdaisy.a(stm32h7xx_hal_spi.o)
 .text.SPI_DMAReceiveCplt
                0x0800d6d0       0x28 ../../libDaisy/build\libdaisy.a(stm32h7xx_hal_spi.o)
 .text.SPI_DMATransmitReceiveCplt
                0x0800d6f8       0x28 ../../libDaisy/build\libdaisy.a(stm32h7xx_hal_spi.o)
 .text.HAL_SPI_TxHalfCpltCallback
                0x0800d720        0x4 ../../libDaisy/build\libdaisy.a(stm32h7xx_hal_spi.o)
                0x0800d720                HAL_SPI_TxHalfCpltCallback
 .text.SPI_DMAHalfTransmitCplt
                0x0800d724        0xc ../../libDaisy/build\libdaisy.a(stm32h7xx_hal_spi.o)
 .text.HAL_SPI_RxHalfCpltCallback
                0x0800d730        0x4 ../../libDaisy/build\libdaisy.a(stm32h7xx_hal_spi.o)
                0x0800d730                HAL_SPI_RxHalfCpltCallback
 .text.SPI_DMAHalfReceiveCplt
                0x0800d734        0xc ../../libDaisy/build\libdaisy.a(stm32h7xx_hal_spi.o)
 .text.HAL_SPI_TxRxHalfCpltCallback
                0x0800d740        0x4 ../../libDaisy/build\libdaisy.a(stm32h7xx_hal_spi.o)
                0x0800d740                HAL_SPI_TxRxHalfCpltCallback
 .text.SPI_DMAHalfTransmitReceiveCplt
                0x0800d744        0xc ../../libDaisy/build\libdaisy.a(stm32h7xx_hal_spi.o)
 .text.SPI_DMAError
                0x0800d750       0xd8 ../../libDaisy/build\libdaisy.a(stm32h7xx_hal_spi.o)
 .text.HAL_SPI_IRQHandler
                0x0800d828      0x23c ../../libDaisy/build\libdaisy.a(stm32h7xx_hal_spi.o)
                0x0800d828                HAL_SPI_IRQHandler
 .text.SPI_DMAAbortOnError
                0x0800da64       0x1c ../../libDaisy/build\libdaisy.a(stm32h7xx_hal_spi.o)
 .text.HAL_SPI_GetState
                0x0800da80        0x8 ../../libDaisy/build\libdaisy.a(stm32h7xx_hal_spi.o)
                0x0800da80                HAL_SPI_GetState
 .text.HAL_TIM_Base_Init
                0x0800da88      0x140 ../../libDaisy/build\libdaisy.a(stm32h7xx_hal_tim.o)
                0x0800da88                HAL_TIM_Base_Init
 .text.HAL_TIM_Base_Start
                0x0800dbc8       0x34 ../../libDaisy/build\libdaisy.a(stm32h7xx_hal_tim.o)
                0x0800dbc8                HAL_TIM_Base_Start
 .text.HAL_TIM_ConfigClockSource
                0x0800dbfc      0x17c ../../libDaisy/build\libdaisy.a(stm32h7xx_hal_tim.o)
                0x0800dbfc                HAL_TIM_ConfigClockSource
 .text.HAL_TIMEx_MasterConfigSynchronization
                0x0800dd78       0x64 ../../libDaisy/build\libdaisy.a(stm32h7xx_hal_tim_ex.o)
                0x0800dd78                HAL_TIMEx_MasterConfigSynchronization
 .text._ZN7daisysp5AdEnv4InitEf
                0x0800dddc       0x30 ../../DaisySP/build\libdaisysp.a(adenv.o)
                0x0800dddc                daisysp::AdEnv::Init(float)
 .text._ZN7daisysp5AdEnv7ProcessEv
                0x0800de0c      0x1b8 ../../DaisySP/build\libdaisysp.a(adenv.o)
                0x0800de0c                daisysp::AdEnv::Process()
 .text._ZN7daisysp10Oscillator7ProcessEv
                0x0800dfc4      0x3c4 ../../DaisySP/build\libdaisysp.a(oscillator.o)
                0x0800dfc4                daisysp::Oscillator::Process()
 .text._ZN7daisysp10Oscillator12CalcPhaseIncEf
                0x0800e388       0x18 ../../DaisySP/build\libdaisysp.a(oscillator.o)
                0x0800e388                daisysp::Oscillator::CalcPhaseInc(float)
 .text._ZN7daisysp5Metro4InitEff
                0x0800e3a0       0x24 ../../DaisySP/build\libdaisysp.a(metro.o)
                0x0800e3a0                daisysp::Metro::Init(float, float)
 .text._ZN7daisysp5Metro7ProcessEv
                0x0800e3c4       0x34 ../../DaisySP/build\libdaisysp.a(metro.o)
                0x0800e3c4                daisysp::Metro::Process()
 .text._ZN7daisysp5Metro7SetFreqEf
                0x0800e3f8       0x20 ../../DaisySP/build\libdaisysp.a(metro.o)
                0x0800e3f8                daisysp::Metro::SetFreq(float)
 .text.__aeabi_atexit
                0x0800e418        0xa c:/users/ethan/documents/daisytoolchain-0.3.2/windows/bin/../lib/gcc/arm-none-eabi/10.2.1/../../../../arm-none-eabi/lib/thumb/v7e-m+dp/hard\libstdc++_nano.a(atexit_arm.o)
                0x0800e418                __aeabi_atexit
 *fill*         0x0800e422        0x6 
 .text.pow      0x0800e428      0x594 c:/users/ethan/documents/daisytoolchain-0.3.2/windows/bin/../lib/gcc/arm-none-eabi/10.2.1/../../../../arm-none-eabi/lib/thumb/v7e-m+dp/hard\libm.a(lib_a-pow.o)
                0x0800e428                pow
 *fill*         0x0800e9bc        0x4 
 .text.sinf     0x0800e9c0      0x20c c:/users/ethan/documents/daisytoolchain-0.3.2/windows/bin/../lib/gcc/arm-none-eabi/10.2.1/../../../../arm-none-eabi/lib/thumb/v7e-m+dp/hard\libm.a(lib_a-sinf.o)
                0x0800e9c0                sinf
 *fill*         0x0800ebcc        0x4 
 .text.fmod     0x0800ebd0       0x5c c:/users/ethan/documents/daisytoolchain-0.3.2/windows/bin/../lib/gcc/arm-none-eabi/10.2.1/../../../../arm-none-eabi/lib/thumb/v7e-m+dp/hard\libm.a(lib_a-w_fmod.o)
                0x0800ebd0                fmod
 .text.fmodf    0x0800ec2c       0x54 c:/users/ethan/documents/daisytoolchain-0.3.2/windows/bin/../lib/gcc/arm-none-eabi/10.2.1/../../../../arm-none-eabi/lib/thumb/v7e-m+dp/hard\libm.a(lib_a-wf_fmod.o)
                0x0800ec2c                fmodf
 .text.__ieee754_fmod
                0x0800ec80      0x29c c:/users/ethan/documents/daisytoolchain-0.3.2/windows/bin/../lib/gcc/arm-none-eabi/10.2.1/../../../../arm-none-eabi/lib/thumb/v7e-m+dp/hard\libm.a(lib_a-e_fmod.o)
                0x0800ec80                __ieee754_fmod
 .text.__ieee754_fmodf
                0x0800ef1c      0x120 c:/users/ethan/documents/daisytoolchain-0.3.2/windows/bin/../lib/gcc/arm-none-eabi/10.2.1/../../../../arm-none-eabi/lib/thumb/v7e-m+dp/hard\libm.a(lib_a-ef_fmod.o)
                0x0800ef1c                __ieee754_fmodf
 .text.with_errno
                0x0800f03c       0x18 c:/users/ethan/documents/daisytoolchain-0.3.2/windows/bin/../lib/gcc/arm-none-eabi/10.2.1/../../../../arm-none-eabi/lib/thumb/v7e-m+dp/hard\libm.a(lib_a-math_err.o)
 .text.xflow    0x0800f054       0x24 c:/users/ethan/documents/daisytoolchain-0.3.2/windows/bin/../lib/gcc/arm-none-eabi/10.2.1/../../../../arm-none-eabi/lib/thumb/v7e-m+dp/hard\libm.a(lib_a-math_err.o)
 .text.__math_uflow
                0x0800f078       0x10 c:/users/ethan/documents/daisytoolchain-0.3.2/windows/bin/../lib/gcc/arm-none-eabi/10.2.1/../../../../arm-none-eabi/lib/thumb/v7e-m+dp/hard\libm.a(lib_a-math_err.o)
                0x0800f078                __math_uflow
 .text.__math_oflow
                0x0800f088       0x10 c:/users/ethan/documents/daisytoolchain-0.3.2/windows/bin/../lib/gcc/arm-none-eabi/10.2.1/../../../../arm-none-eabi/lib/thumb/v7e-m+dp/hard\libm.a(lib_a-math_err.o)
                0x0800f088                __math_oflow
 .text.__math_divzero
                0x0800f098       0x30 c:/users/ethan/documents/daisytoolchain-0.3.2/windows/bin/../lib/gcc/arm-none-eabi/10.2.1/../../../../arm-none-eabi/lib/thumb/v7e-m+dp/hard\libm.a(lib_a-math_err.o)
                0x0800f098                __math_divzero
 .text.__math_invalid
                0x0800f0c8       0x20 c:/users/ethan/documents/daisytoolchain-0.3.2/windows/bin/../lib/gcc/arm-none-eabi/10.2.1/../../../../arm-none-eabi/lib/thumb/v7e-m+dp/hard\libm.a(lib_a-math_err.o)
                0x0800f0c8                __math_invalid
 .text.__math_check_uflow
                0x0800f0e8       0x14 c:/users/ethan/documents/daisytoolchain-0.3.2/windows/bin/../lib/gcc/arm-none-eabi/10.2.1/../../../../arm-none-eabi/lib/thumb/v7e-m+dp/hard\libm.a(lib_a-math_err.o)
                0x0800f0e8                __math_check_uflow
 *fill*         0x0800f0fc        0x4 
 .text.__math_check_oflow
                0x0800f100       0x28 c:/users/ethan/documents/daisytoolchain-0.3.2/windows/bin/../lib/gcc/arm-none-eabi/10.2.1/../../../../arm-none-eabi/lib/thumb/v7e-m+dp/hard\libm.a(lib_a-math_err.o)
                0x0800f100                __math_check_oflow
 .text.with_errnof
                0x0800f128       0x18 c:/users/ethan/documents/daisytoolchain-0.3.2/windows/bin/../lib/gcc/arm-none-eabi/10.2.1/../../../../arm-none-eabi/lib/thumb/v7e-m+dp/hard\libm.a(lib_a-math_errf.o)
 .text.__math_invalidf
                0x0800f140       0x20 c:/users/ethan/documents/daisytoolchain-0.3.2/windows/bin/../lib/gcc/arm-none-eabi/10.2.1/../../../../arm-none-eabi/lib/thumb/v7e-m+dp/hard\libm.a(lib_a-math_errf.o)
                0x0800f140                __math_invalidf
 .text.__cxa_atexit
                0x0800f160       0x1c c:/users/ethan/documents/daisytoolchain-0.3.2/windows/bin/../lib/gcc/arm-none-eabi/10.2.1/../../../../arm-none-eabi/lib/thumb/v7e-m+dp/hard\libc_nano.a(lib_a-cxa_atexit.o)
                0x0800f160                __cxa_atexit
 .text.__errno  0x0800f17c        0xc c:/users/ethan/documents/daisytoolchain-0.3.2/windows/bin/../lib/gcc/arm-none-eabi/10.2.1/../../../../arm-none-eabi/lib/thumb/v7e-m+dp/hard\libc_nano.a(lib_a-errno.o)
                0x0800f17c                __errno
 .text.__libc_init_array
                0x0800f188       0x48 c:/users/ethan/documents/daisytoolchain-0.3.2/windows/bin/../lib/gcc/arm-none-eabi/10.2.1/../../../../arm-none-eabi/lib/thumb/v7e-m+dp/hard\libc_nano.a(lib_a-init.o)
                0x0800f188                __libc_init_array
 .text.memcpy   0x0800f1d0       0x1c c:/users/ethan/documents/daisytoolchain-0.3.2/windows/bin/../lib/gcc/arm-none-eabi/10.2.1/../../../../arm-none-eabi/lib/thumb/v7e-m+dp/hard\libc_nano.a(lib_a-memcpy-stub.o)
                0x0800f1d0                memcpy
 .text.memset   0x0800f1ec       0x10 c:/users/ethan/documents/daisytoolchain-0.3.2/windows/bin/../lib/gcc/arm-none-eabi/10.2.1/../../../../arm-none-eabi/lib/thumb/v7e-m+dp/hard\libc_nano.a(lib_a-memset.o)
                0x0800f1ec                memset
 *(.rodata)
 .rodata        0x0800f1fc       0x10 ../../libDaisy/build\libdaisy.a(i2c.o)
 .rodata        0x0800f20c       0x10 ../../libDaisy/build\libdaisy.a(tim.o)
 *(.rodata*)
 .rodata._ZL8seedgpio
                0x0800f21c       0x3e ../../libDaisy/build\libdaisy.a(daisy_seed.o)
 *fill*         0x0800f25a        0x2 
 .rodata._ZL16dsy_adc_rank_map
                0x0800f25c       0x40 ../../libDaisy/build\libdaisy.a(adc.o)
 .rodata.CSWTCH.35
                0x0800f29c        0x3 ../../libDaisy/build\libdaisy.a(sai.o)
 *fill*         0x0800f29f        0x1 
 .rodata.CSWTCH.36
                0x0800f2a0        0xc ../../libDaisy/build\libdaisy.a(sai.o)
 .rodata.CSWTCH.44
                0x0800f2ac       0x14 ../../libDaisy/build\libdaisy.a(sai.o)
 .rodata.D1CorePrescTable
                0x0800f2c0       0x10 ../../libDaisy/build\libdaisy.a(system_stm32h7xx.o)
                0x0800f2c0                D1CorePrescTable
 .rodata.CSWTCH.24
                0x0800f2d0        0x4 ../../libDaisy/build\libdaisy.a(usbd_conf.o)
 .rodata.CSWTCH.19
                0x0800f2d4        0x4 ../../libDaisy/build\libdaisy.a(usbh_conf.o)
 .rodata.gpio_hal_pin_map
                0x0800f2d8       0x20 ../../libDaisy/build\libdaisy.a(hal_map.o)
 .rodata.gpio_hal_port_map
                0x0800f2f8       0x30 ../../libDaisy/build\libdaisy.a(hal_map.o)
 .rodata.flagBitshiftOffset.0
                0x0800f328        0x8 ../../libDaisy/build\libdaisy.a(stm32h7xx_hal_dma.o)
 .rodata._ZL13pins_none_spi
                0x0800f330        0x3 ../../libDaisy/build\libdaisy.a(spi.o)
 *fill*         0x0800f333        0x1 
 .rodata._ZL16pins_periphs_spi
                0x0800f334       0x60 ../../libDaisy/build\libdaisy.a(spi.o)
 *fill*         0x0800f394        0x4 
 .rodata.__pow_log_data
                0x0800f398     0x1048 c:/users/ethan/documents/daisytoolchain-0.3.2/windows/bin/../lib/gcc/arm-none-eabi/10.2.1/../../../../arm-none-eabi/lib/thumb/v7e-m+dp/hard\libm.a(lib_a-pow_log_data.o)
                0x0800f398                __pow_log_data
 .rodata.Zero   0x080103e0       0x10 c:/users/ethan/documents/daisytoolchain-0.3.2/windows/bin/../lib/gcc/arm-none-eabi/10.2.1/../../../../arm-none-eabi/lib/thumb/v7e-m+dp/hard\libm.a(lib_a-e_fmod.o)
 .rodata.Zero   0x080103f0        0x8 c:/users/ethan/documents/daisytoolchain-0.3.2/windows/bin/../lib/gcc/arm-none-eabi/10.2.1/../../../../arm-none-eabi/lib/thumb/v7e-m+dp/hard\libm.a(lib_a-ef_fmod.o)
 .rodata.__exp_data
                0x080103f8      0x870 c:/users/ethan/documents/daisytoolchain-0.3.2/windows/bin/../lib/gcc/arm-none-eabi/10.2.1/../../../../arm-none-eabi/lib/thumb/v7e-m+dp/hard\libm.a(lib_a-exp_data.o)
                0x080103f8                __exp_data
 .rodata.__inv_pio4
                0x08010c68       0x60 c:/users/ethan/documents/daisytoolchain-0.3.2/windows/bin/../lib/gcc/arm-none-eabi/10.2.1/../../../../arm-none-eabi/lib/thumb/v7e-m+dp/hard\libm.a(lib_a-sincosf_data.o)
                0x08010c68                __inv_pio4
 .rodata.__sincosf_table
                0x08010cc8       0xe0 c:/users/ethan/documents/daisytoolchain-0.3.2/windows/bin/../lib/gcc/arm-none-eabi/10.2.1/../../../../arm-none-eabi/lib/thumb/v7e-m+dp/hard\libm.a(lib_a-sincosf_data.o)
                0x08010cc8                __sincosf_table
 .rodata.__sf_fake_stderr
                0x08010da8       0x20 c:/users/ethan/documents/daisytoolchain-0.3.2/windows/bin/../lib/gcc/arm-none-eabi/10.2.1/../../../../arm-none-eabi/lib/thumb/v7e-m+dp/hard\libc_nano.a(lib_a-findfp.o)
                0x08010da8                __sf_fake_stderr
 .rodata.__sf_fake_stdin
                0x08010dc8       0x20 c:/users/ethan/documents/daisytoolchain-0.3.2/windows/bin/../lib/gcc/arm-none-eabi/10.2.1/../../../../arm-none-eabi/lib/thumb/v7e-m+dp/hard\libc_nano.a(lib_a-findfp.o)
                0x08010dc8                __sf_fake_stdin
 .rodata.__sf_fake_stdout
                0x08010de8       0x20 c:/users/ethan/documents/daisytoolchain-0.3.2/windows/bin/../lib/gcc/arm-none-eabi/10.2.1/../../../../arm-none-eabi/lib/thumb/v7e-m+dp/hard\libc_nano.a(lib_a-findfp.o)
                0x08010de8                __sf_fake_stdout
 *(.glue_7)
 .glue_7        0x08010e08        0x0 linker stubs
 *(.glue_7t)
 .glue_7t       0x08010e08        0x0 linker stubs
 *(.init)
 .init          0x08010e08        0x4 c:/users/ethan/documents/daisytoolchain-0.3.2/windows/bin/../lib/gcc/arm-none-eabi/10.2.1/thumb/v7e-m+dp/hard/crti.o
                0x08010e08                _init
 .init          0x08010e0c        0x8 c:/users/ethan/documents/daisytoolchain-0.3.2/windows/bin/../lib/gcc/arm-none-eabi/10.2.1/thumb/v7e-m+dp/hard/crtn.o
 *(.fini)
 .fini          0x08010e14        0x4 c:/users/ethan/documents/daisytoolchain-0.3.2/windows/bin/../lib/gcc/arm-none-eabi/10.2.1/thumb/v7e-m+dp/hard/crti.o
                0x08010e14                _fini
 .fini          0x08010e18        0x8 c:/users/ethan/documents/daisytoolchain-0.3.2/windows/bin/../lib/gcc/arm-none-eabi/10.2.1/thumb/v7e-m+dp/hard/crtn.o
                0x08010e20                . = ALIGN (0x4)
                0x08010e20                _etext = .

.eh_frame       0x08010e20        0x0
 .eh_frame      0x08010e20        0x0 c:/users/ethan/documents/daisytoolchain-0.3.2/windows/bin/../lib/gcc/arm-none-eabi/10.2.1/thumb/v7e-m+dp/hard/crtbegin.o

.vfp11_veneer   0x08010e20        0x0
 .vfp11_veneer  0x08010e20        0x0 linker stubs

.v4_bx          0x08010e20        0x0
 .v4_bx         0x08010e20        0x0 linker stubs

.iplt           0x08010e20        0x0
 .iplt          0x08010e20        0x0 c:/users/ethan/documents/daisytoolchain-0.3.2/windows/bin/../lib/gcc/arm-none-eabi/10.2.1/thumb/v7e-m+dp/hard/crtbegin.o

.rel.dyn        0x08010e20        0x0
 .rel.iplt      0x08010e20        0x0 c:/users/ethan/documents/daisytoolchain-0.3.2/windows/bin/../lib/gcc/arm-none-eabi/10.2.1/thumb/v7e-m+dp/hard/crtbegin.o

.ARM.extab      0x08010e20        0x0
                0x08010e20                . = ALIGN (0x4)
 *(.ARM.extab)
 *(.gnu.linkonce.armextab.*)
                0x08010e20                . = ALIGN (0x4)

.exidx          0x08010e20        0x0
                0x08010e20                . = ALIGN (0x4)
                [!provide]                PROVIDE (__exidx_start = .)
 *(.ARM.exidx*)
                0x08010e20                . = ALIGN (0x4)
                [!provide]                PROVIDE (__exidx_end = .)

.ARM.attributes
                0x08010e20       0x2e
 *(.ARM.attributes)
 .ARM.attributes
                0x08010e20       0x1e c:/users/ethan/documents/daisytoolchain-0.3.2/windows/bin/../lib/gcc/arm-none-eabi/10.2.1/thumb/v7e-m+dp/hard/crti.o
 .ARM.attributes
                0x08010e3e       0x32 c:/users/ethan/documents/daisytoolchain-0.3.2/windows/bin/../lib/gcc/arm-none-eabi/10.2.1/thumb/v7e-m+dp/hard/crtbegin.o
 .ARM.attributes
                0x08010e70       0x32 build/startup_stm32h750xx.o
 .ARM.attributes
                0x08010ea2       0x32 build/Testbed.o
 .ARM.attributes
                0x08010ed4       0x32 ../../libDaisy/build\libdaisy.a(daisy_seed.o)
 .ARM.attributes
                0x08010f06       0x32 ../../libDaisy/build\libdaisy.a(codec_ak4556.o)
 .ARM.attributes
                0x08010f38       0x32 ../../libDaisy/build\libdaisy.a(codec_wm8731.o)
 .ARM.attributes
                0x08010f6a       0x32 ../../libDaisy/build\libdaisy.a(sdram.o)
 .ARM.attributes
                0x08010f9c       0x32 ../../libDaisy/build\libdaisy.a(audio.o)
 .ARM.attributes
                0x08010fce       0x32 ../../libDaisy/build\libdaisy.a(switch.o)
 .ARM.attributes
                0x08011000       0x32 ../../libDaisy/build\libdaisy.a(adc.o)
 .ARM.attributes
                0x08011032       0x32 ../../libDaisy/build\libdaisy.a(gpio.o)
 .ARM.attributes
                0x08011064       0x32 ../../libDaisy/build\libdaisy.a(i2c.o)
 .ARM.attributes
                0x08011096       0x32 ../../libDaisy/build\libdaisy.a(qspi.o)
 .ARM.attributes
                0x080110c8       0x32 ../../libDaisy/build\libdaisy.a(sai.o)
 .ARM.attributes
                0x080110fa       0x32 ../../libDaisy/build\libdaisy.a(system.o)
 .ARM.attributes
                0x0801112c       0x32 ../../libDaisy/build\libdaisy.a(system_stm32h7xx.o)
 .ARM.attributes
                0x0801115e       0x32 ../../libDaisy/build\libdaisy.a(usbd_conf.o)
 .ARM.attributes
                0x08011190       0x32 ../../libDaisy/build\libdaisy.a(usbh_conf.o)
 .ARM.attributes
                0x080111c2       0x32 ../../libDaisy/build\libdaisy.a(hal_map.o)
 .ARM.attributes
                0x080111f4       0x32 ../../libDaisy/build\libdaisy.a(stm32h7xx_hal.o)
 .ARM.attributes
                0x08011226       0x32 ../../libDaisy/build\libdaisy.a(stm32h7xx_hal_adc.o)
 .ARM.attributes
                0x08011258       0x32 ../../libDaisy/build\libdaisy.a(stm32h7xx_hal_adc_ex.o)
 .ARM.attributes
                0x0801128a       0x32 ../../libDaisy/build\libdaisy.a(stm32h7xx_hal_cortex.o)
 .ARM.attributes
                0x080112bc       0x32 ../../libDaisy/build\libdaisy.a(stm32h7xx_hal_dma.o)
 .ARM.attributes
                0x080112ee       0x32 ../../libDaisy/build\libdaisy.a(stm32h7xx_hal_gpio.o)
 .ARM.attributes
                0x08011320       0x32 ../../libDaisy/build\libdaisy.a(stm32h7xx_hal_hcd.o)
 .ARM.attributes
                0x08011352       0x32 ../../libDaisy/build\libdaisy.a(stm32h7xx_hal_i2c.o)
 .ARM.attributes
                0x08011384       0x32 ../../libDaisy/build\libdaisy.a(stm32h7xx_hal_i2c_ex.o)
 .ARM.attributes
                0x080113b6       0x32 ../../libDaisy/build\libdaisy.a(stm32h7xx_hal_pcd.o)
 .ARM.attributes
                0x080113e8       0x32 ../../libDaisy/build\libdaisy.a(stm32h7xx_hal_pcd_ex.o)
 .ARM.attributes
                0x0801141a       0x32 ../../libDaisy/build\libdaisy.a(stm32h7xx_hal_pwr_ex.o)
 .ARM.attributes
                0x0801144c       0x32 ../../libDaisy/build\libdaisy.a(stm32h7xx_hal_qspi.o)
 .ARM.attributes
                0x0801147e       0x32 ../../libDaisy/build\libdaisy.a(stm32h7xx_hal_rcc.o)
 .ARM.attributes
                0x080114b0       0x32 ../../libDaisy/build\libdaisy.a(stm32h7xx_hal_rcc_ex.o)
 .ARM.attributes
                0x080114e2       0x32 ../../libDaisy/build\libdaisy.a(stm32h7xx_hal_sai.o)
 .ARM.attributes
                0x08011514       0x32 ../../libDaisy/build\libdaisy.a(stm32h7xx_hal_sdram.o)
 .ARM.attributes
                0x08011546       0x32 ../../libDaisy/build\libdaisy.a(stm32h7xx_ll_fmc.o)
 .ARM.attributes
                0x08011578       0x32 ../../libDaisy/build\libdaisy.a(stm32h7xx_ll_usb.o)
 .ARM.attributes
                0x080115aa       0x32 ../../libDaisy/build\libdaisy.a(usbd_core.o)
 .ARM.attributes
                0x080115dc       0x32 ../../libDaisy/build\libdaisy.a(usbd_ctlreq.o)
 .ARM.attributes
                0x0801160e       0x32 ../../libDaisy/build\libdaisy.a(usbd_ioreq.o)
 .ARM.attributes
                0x08011640       0x32 ../../libDaisy/build\libdaisy.a(usbh_core.o)
 .ARM.attributes
                0x08011672       0x32 ../../libDaisy/build\libdaisy.a(usbh_pipes.o)
 .ARM.attributes
                0x080116a4       0x32 ../../libDaisy/build\libdaisy.a(rng.o)
 .ARM.attributes
                0x080116d6       0x32 ../../libDaisy/build\libdaisy.a(spi.o)
 .ARM.attributes
                0x08011708       0x32 ../../libDaisy/build\libdaisy.a(tim.o)
 .ARM.attributes
                0x0801173a       0x32 ../../libDaisy/build\libdaisy.a(dma.o)
 .ARM.attributes
                0x0801176c       0x32 ../../libDaisy/build\libdaisy.a(stm32h7xx_hal_mdma.o)
 .ARM.attributes
                0x0801179e       0x32 ../../libDaisy/build\libdaisy.a(stm32h7xx_hal_spi.o)
 .ARM.attributes
                0x080117d0       0x32 ../../libDaisy/build\libdaisy.a(stm32h7xx_hal_tim.o)
 .ARM.attributes
                0x08011802       0x32 ../../libDaisy/build\libdaisy.a(stm32h7xx_hal_tim_ex.o)
 .ARM.attributes
                0x08011834       0x32 ../../DaisySP/build\libdaisysp.a(adenv.o)
 .ARM.attributes
                0x08011866       0x32 ../../DaisySP/build\libdaisysp.a(oscillator.o)
 .ARM.attributes
                0x08011898       0x32 ../../DaisySP/build\libdaisysp.a(metro.o)
 .ARM.attributes
                0x080118ca       0x32 c:/users/ethan/documents/daisytoolchain-0.3.2/windows/bin/../lib/gcc/arm-none-eabi/10.2.1/../../../../arm-none-eabi/lib/thumb/v7e-m+dp/hard\libstdc++_nano.a(atexit_arm.o)
 .ARM.attributes
                0x080118fc       0x32 c:/users/ethan/documents/daisytoolchain-0.3.2/windows/bin/../lib/gcc/arm-none-eabi/10.2.1/../../../../arm-none-eabi/lib/thumb/v7e-m+dp/hard\libm.a(lib_a-pow.o)
 .ARM.attributes
                0x0801192e       0x30 c:/users/ethan/documents/daisytoolchain-0.3.2/windows/bin/../lib/gcc/arm-none-eabi/10.2.1/../../../../arm-none-eabi/lib/thumb/v7e-m+dp/hard\libm.a(lib_a-pow_log_data.o)
 .ARM.attributes
                0x0801195e       0x32 c:/users/ethan/documents/daisytoolchain-0.3.2/windows/bin/../lib/gcc/arm-none-eabi/10.2.1/../../../../arm-none-eabi/lib/thumb/v7e-m+dp/hard\libm.a(lib_a-sinf.o)
 .ARM.attributes
                0x08011990       0x32 c:/users/ethan/documents/daisytoolchain-0.3.2/windows/bin/../lib/gcc/arm-none-eabi/10.2.1/../../../../arm-none-eabi/lib/thumb/v7e-m+dp/hard\libm.a(lib_a-w_fmod.o)
 .ARM.attributes
                0x080119c2       0x32 c:/users/ethan/documents/daisytoolchain-0.3.2/windows/bin/../lib/gcc/arm-none-eabi/10.2.1/../../../../arm-none-eabi/lib/thumb/v7e-m+dp/hard\libm.a(lib_a-wf_fmod.o)
 .ARM.attributes
                0x080119f4       0x32 c:/users/ethan/documents/daisytoolchain-0.3.2/windows/bin/../lib/gcc/arm-none-eabi/10.2.1/../../../../arm-none-eabi/lib/thumb/v7e-m+dp/hard\libm.a(lib_a-e_fmod.o)
 .ARM.attributes
                0x08011a26       0x32 c:/users/ethan/documents/daisytoolchain-0.3.2/windows/bin/../lib/gcc/arm-none-eabi/10.2.1/../../../../arm-none-eabi/lib/thumb/v7e-m+dp/hard\libm.a(lib_a-ef_fmod.o)
 .ARM.attributes
                0x08011a58       0x30 c:/users/ethan/documents/daisytoolchain-0.3.2/windows/bin/../lib/gcc/arm-none-eabi/10.2.1/../../../../arm-none-eabi/lib/thumb/v7e-m+dp/hard\libm.a(lib_a-exp_data.o)
 .ARM.attributes
                0x08011a88       0x32 c:/users/ethan/documents/daisytoolchain-0.3.2/windows/bin/../lib/gcc/arm-none-eabi/10.2.1/../../../../arm-none-eabi/lib/thumb/v7e-m+dp/hard\libm.a(lib_a-math_err.o)
 .ARM.attributes
                0x08011aba       0x32 c:/users/ethan/documents/daisytoolchain-0.3.2/windows/bin/../lib/gcc/arm-none-eabi/10.2.1/../../../../arm-none-eabi/lib/thumb/v7e-m+dp/hard\libm.a(lib_a-math_errf.o)
 .ARM.attributes
                0x08011aec       0x30 c:/users/ethan/documents/daisytoolchain-0.3.2/windows/bin/../lib/gcc/arm-none-eabi/10.2.1/../../../../arm-none-eabi/lib/thumb/v7e-m+dp/hard\libm.a(lib_a-s_lib_ver.o)
 .ARM.attributes
                0x08011b1c       0x30 c:/users/ethan/documents/daisytoolchain-0.3.2/windows/bin/../lib/gcc/arm-none-eabi/10.2.1/../../../../arm-none-eabi/lib/thumb/v7e-m+dp/hard\libm.a(lib_a-sincosf_data.o)
 .ARM.attributes
                0x08011b4c       0x32 c:/users/ethan/documents/daisytoolchain-0.3.2/windows/bin/../lib/gcc/arm-none-eabi/10.2.1/../../../../arm-none-eabi/lib/thumb/v7e-m+dp/hard\libc_nano.a(lib_a-cxa_atexit.o)
 .ARM.attributes
                0x08011b7e       0x32 c:/users/ethan/documents/daisytoolchain-0.3.2/windows/bin/../lib/gcc/arm-none-eabi/10.2.1/../../../../arm-none-eabi/lib/thumb/v7e-m+dp/hard\libc_nano.a(lib_a-errno.o)
 .ARM.attributes
                0x08011bb0       0x30 c:/users/ethan/documents/daisytoolchain-0.3.2/windows/bin/../lib/gcc/arm-none-eabi/10.2.1/../../../../arm-none-eabi/lib/thumb/v7e-m+dp/hard\libc_nano.a(lib_a-impure.o)
 .ARM.attributes