Archive member included to satisfy reference by file (symbol)

../../libDaisy/build\libdaisy.a(daisy_seed.o)
                              build/Testbed.o (daisy::DaisySeed::Configure())
../../libDaisy/build\libdaisy.a(codec_ak4556.o)
                              ../../libDaisy/build\libdaisy.a(daisy_seed.o) (daisy::Ak4556::Init(dsy_gpio_pin))
../../libDaisy/build\libdaisy.a(codec_wm8731.o)
                              ../../libDaisy/build\libdaisy.a(daisy_seed.o) (daisy::Wm8731::Init(daisy::Wm8731::Config const&, daisy::I2CHandle))
../../libDaisy/build\libdaisy.a(sdram.o)
                              ../../libDaisy/build\libdaisy.a(daisy_seed.o) (SdramHandle::Init())
../../libDaisy/build\libdaisy.a(audio.o)
                              ../../libDaisy/build\libdaisy.a(daisy_seed.o) (daisy::AudioHandle::Init(daisy::AudioHandle::Config const&, daisy::SaiHandle))
../../libDaisy/build\libdaisy.a(switch.o)
                              build/Testbed.o (daisy::Switch::Init(dsy_gpio_pin, float, daisy::Switch::Type, daisy::Switch::Polarity, daisy::Switch::Pull))
../../libDaisy/build\libdaisy.a(adc.o)
                              build/Testbed.o (daisy::AdcChannelConfig::InitSingle(dsy_gpio_pin))
../../libDaisy/build\libdaisy.a(gpio.o)
                              build/Testbed.o (daisy::GPIO::Init(daisy::Pin, daisy::GPIO::Mode, daisy::GPIO::Pull, daisy::GPIO::Speed))
../../libDaisy/build\libdaisy.a(i2c.o)
                              ../../libDaisy/build\libdaisy.a(daisy_seed.o) (daisy::I2CHandle::Init(daisy::I2CHandle::Config const&))
../../libDaisy/build\libdaisy.a(qspi.o)
                              ../../libDaisy/build\libdaisy.a(daisy_seed.o) (daisy::QSPIHandle::Init(daisy::QSPIHandle::Config const&))
../../libDaisy/build\libdaisy.a(sai.o)
                              ../../libDaisy/build\libdaisy.a(daisy_seed.o) (daisy::SaiHandle::Init(daisy::SaiHandle::Config const&))
../../libDaisy/build\libdaisy.a(system.o)
                              ../../libDaisy/build\libdaisy.a(daisy_seed.o) (daisy::System::DeInit())
../../libDaisy/build\libdaisy.a(system_stm32h7xx.o)
                              build/startup_stm32h750xx.o (SystemInit)
../../libDaisy/build\libdaisy.a(usbd_conf.o)
                              ../../libDaisy/build\libdaisy.a(system.o) (hpcd_USB_OTG_HS)
../../libDaisy/build\libdaisy.a(usbh_conf.o)
                              ../../libDaisy/build\libdaisy.a(system.o) (hhcd_USB_OTG_HS)
../../libDaisy/build\libdaisy.a(hal_map.o)
                              ../../libDaisy/build\libdaisy.a(gpio.o) (dsy_hal_map_get_port)
../../libDaisy/build\libdaisy.a(stm32h7xx_hal.o)
                              ../../libDaisy/build\libdaisy.a(system.o) (HAL_Init)
../../libDaisy/build\libdaisy.a(stm32h7xx_hal_adc.o)
                              ../../libDaisy/build\libdaisy.a(adc.o) (HAL_ADC_ConfigChannel)
../../libDaisy/build\libdaisy.a(stm32h7xx_hal_adc_ex.o)
                              ../../libDaisy/build\libdaisy.a(adc.o) (HAL_ADCEx_Calibration_Start)
../../libDaisy/build\libdaisy.a(stm32h7xx_hal_cortex.o)
                              ../../libDaisy/build\libdaisy.a(stm32h7xx_hal.o) (HAL_NVIC_SetPriorityGrouping)
../../libDaisy/build\libdaisy.a(stm32h7xx_hal_dma.o)
                              ../../libDaisy/build\libdaisy.a(adc.o) (HAL_DMA_Init)
../../libDaisy/build\libdaisy.a(stm32h7xx_hal_gpio.o)
                              ../../libDaisy/build\libdaisy.a(sdram.o) (HAL_GPIO_Init)
../../libDaisy/build\libdaisy.a(stm32h7xx_hal_hcd.o)
                              ../../libDaisy/build\libdaisy.a(usbh_conf.o) (HAL_HCD_HC_Init)
../../libDaisy/build\libdaisy.a(stm32h7xx_hal_i2c.o)
                              ../../libDaisy/build\libdaisy.a(i2c.o) (HAL_I2C_Init)
../../libDaisy/build\libdaisy.a(stm32h7xx_hal_i2c_ex.o)
                              ../../libDaisy/build\libdaisy.a(i2c.o) (HAL_I2CEx_ConfigAnalogFilter)
../../libDaisy/build\libdaisy.a(stm32h7xx_hal_pcd.o)
                              ../../libDaisy/build\libdaisy.a(usbd_conf.o) (HAL_PCD_Init)
../../libDaisy/build\libdaisy.a(stm32h7xx_hal_pcd_ex.o)
                              ../../libDaisy/build\libdaisy.a(usbd_conf.o) (HAL_PCDEx_SetTxFiFo)
../../libDaisy/build\libdaisy.a(stm32h7xx_hal_pwr_ex.o)
                              ../../libDaisy/build\libdaisy.a(system.o) (HAL_PWREx_ConfigSupply)
../../libDaisy/build\libdaisy.a(stm32h7xx_hal_qspi.o)
                              ../../libDaisy/build\libdaisy.a(qspi.o) (HAL_QSPI_Init)
../../libDaisy/build\libdaisy.a(stm32h7xx_hal_rcc.o)
                              ../../libDaisy/build\libdaisy.a(system.o) (HAL_RCC_OscConfig)
../../libDaisy/build\libdaisy.a(stm32h7xx_hal_rcc_ex.o)
                              ../../libDaisy/build\libdaisy.a(system.o) (HAL_RCCEx_PeriphCLKConfig)
../../libDaisy/build\libdaisy.a(stm32h7xx_hal_sai.o)
                              ../../libDaisy/build\libdaisy.a(sai.o) (HAL_SAI_InitProtocol)
../../libDaisy/build\libdaisy.a(stm32h7xx_hal_sdram.o)
[...]
Memory Configuration

Name             Origin             Length             Attributes
FLASH            0x08000000         0x00020000         xr
DTCMRAM          0x20000000         0x00020000         xrw
SRAM             0x24000000         0x00080000         xrw
RAM_D2           0x30000000         0x00048000         xrw
RAM_D3           0x38000000         0x00010000         xrw
ITCMRAM          0x00000000         0x00010000         xrw
SDRAM            0xc0000000         0x04000000         xrw
QSPIFLASH        0x90000000         0x00800000         xr
*default*        0x00000000         0xffffffff

Linker script and memory map

LOAD c:/users/ethan/documents/daisytoolchain-0.3.2/windows/bin/../lib/gcc/arm-none-eabi/10.2.1/thumb/v7e-m+dp/hard/crti.o
LOAD c:/users/ethan/documents/daisytoolchain-0.3.2/windows/bin/../lib/gcc/arm-none-eabi/10.2.1/thumb/v7e-m+dp/hard/crtbegin.o
LOAD c:/users/ethan/documents/daisytoolchain-0.3.2/windows/bin/../lib/gcc/arm-none-eabi/10.2.1/../../../../arm-none-eabi/lib/thumb/v7e-m+dp/hard/crt0.o
LOAD build/startup_stm32h750xx.o
LOAD build/Testbed.o
LOAD ../../libDaisy/build\libdaisy.a
LOAD c:/users/ethan/documents/daisytoolchain-0.3.2/windows/bin/../lib/gcc/arm-none-eabi/10.2.1/../../../../arm-none-eabi/lib/thumb/v7e-m+dp/hard\libnosys.a
LOAD ../../DaisySP/build\libdaisysp.a
LOAD c:/users/ethan/documents/daisytoolchain-0.3.2/windows/bin/../lib/gcc/arm-none-eabi/10.2.1/../../../../arm-none-eabi/lib/thumb/v7e-m+dp/hard\libstdc++_nano.a
LOAD c:/users/ethan/documents/daisytoolchain-0.3.2/windows/bin/../lib/gcc/arm-none-eabi/10.2.1/../../../../arm-none-eabi/lib/thumb/v7e-m+dp/hard\libm.a
LOAD c:/users/ethan/documents/daisytoolchain-0.3.2/windows/bin/../lib/gcc/arm-none-eabi/10.2.1/../../../../arm-none-eabi/lib/thumb/v7e-m+dp/hard\libc_nano.a
START GROUP
LOAD c:/users/ethan/documents/daisytoolchain-0.3.2/windows/bin/../lib/gcc/arm-none-eabi/10.2.1/thumb/v7e-m+dp/hard\libgcc.a
LOAD c:/users/ethan/documents/daisytoolchain-0.3.2/windows/bin/../lib/gcc/arm-none-eabi/10.2.1/../../../../arm-none-eabi/lib/thumb/v7e-m+dp/hard\libc_nano.a
END GROUP
START GROUP
LOAD c:/users/ethan/documents/daisytoolchain-0.3.2/windows/bin/../lib/gcc/arm-none-eabi/10.2.1/thumb/v7e-m+dp/hard\libgcc.a
LOAD c:/users/ethan/documents/daisytoolchain-0.3.2/windows/bin/../lib/gcc/arm-none-eabi/10.2.1/../../../../arm-none-eabi/lib/thumb/v7e-m+dp/hard\libc_nano.a
LOAD c:/users/ethan/documents/daisytoolchain-0.3.2/windows/bin/../lib/gcc/arm-none-eabi/10.2.1/../../../../arm-none-eabi/lib/thumb/v7e-m+dp/hard\libnosys.a
END GROUP
START GROUP
LOAD c:/users/ethan/documents/daisytoolchain-0.3.2/windows/bin/../lib/gcc/arm-none-eabi/10.2.1/thumb/v7e-m+dp/hard\libgcc.a
LOAD c:/users/ethan/documents/daisytoolchain-0.3.2/windows/bin/../lib/gcc/arm-none-eabi/10.2.1/../../../../arm-none-eabi/lib/thumb/v7e-m+dp/hard\libc_nano.a
LOAD c:/users/ethan/documents/daisytoolchain-0.3.2/windows/bin/../lib/gcc/arm-none-eabi/10.2.1/../../../../arm-none-eabi/lib/thumb/v7e-m+dp/hard\libnosys.a
END GROUP
LOAD c:/users/ethan/documents/daisytoolchain-0.3.2/windows/bin/../lib/gcc/arm-none-eabi/10.2.1/thumb/v7e-m+dp/hard/crtend.o
LOAD c:/users/ethan/documents/daisytoolchain-0.3.2/windows/bin/../lib/gcc/arm-none-eabi/10.2.1/thumb/v7e-m+dp/hard/crtn.o
                0x20020000                _estack = 0x20020000

.isr_vector     0x08000000      0x298
                0x08000000                . = ALIGN (0x4)
 *(.isr_vector)
 .isr_vector    0x08000000      0x298 build/startup_stm32h750xx.o
                0x08000000                g_pfnVectors
                0x08000298                . = ALIGN (0x4)

.text           0x08000298    0x107f8
                0x08000298                . = ALIGN (0x4)
                0x08000298                _stext = .
 *(.text)
 .text          0x08000298       0x40 c:/users/ethan/documents/daisytoolchain-0.3.2/windows/bin/../lib/gcc/arm-none-eabi/10.2.1/thumb/v7e-m+dp/hard/crtbegin.o
 .text          0x080002d8      0x378 c:/users/ethan/documents/daisytoolchain-0.3.2/windows/bin/../lib/gcc/arm-none-eabi/10.2.1/thumb/v7e-m+dp/hard\libgcc.a(_arm_addsubdf3.o)
                0x080002d8                __aeabi_drsub
                0x080002e0                __aeabi_dsub
                0x080002e0                __subdf3
                0x080002e4                __aeabi_dadd
                0x080002e4                __adddf3
                0x0800055c                __floatunsidf
                0x0800055c                __aeabi_ui2d
                0x0800057c                __floatsidf
                0x0800057c                __aeabi_i2d
                0x080005a0                __aeabi_f2d
                0x080005a0                __extendsfdf2
                0x080005e4                __floatundidf
                0x080005e4                __aeabi_ul2d
                0x080005f4                __floatdidf
                0x080005f4                __aeabi_l2d
 *(.text*)
 .text.Default_Handler
                0x08000650        0x4 build/startup_stm32h750xx.o
                0x08000650                RTC_Alarm_IRQHandler
                0x08000650                HASH_RNG_IRQHandler
                0x08000650                EXTI2_IRQHandler
                0x08000650                TIM8_CC_IRQHandler
                0x08000650                HRTIM1_Master_IRQHandler
                0x08000650                DebugMon_Handler
                0x08000650                UART8_IRQHandler
                0x08000650                SPI4_IRQHandler
                0x08000650                TIM1_CC_IRQHandler
                0x08000650                BDMA_Channel6_IRQHandler
                0x08000650                DMA2_Stream5_IRQHandler
                0x08000650                HRTIM1_FLT_IRQHandler
                0x08000650                JPEG_IRQHandler
                0x08000650                DMA1_Stream5_IRQHandler
                0x08000650                BDMA_Channel1_IRQHandler
                0x08000650                HRTIM1_TIMD_IRQHandler
                0x08000650                TAMP_STAMP_IRQHandler
                0x08000650                PendSV_Handler
                0x08000650                NMI_Handler
                0x08000650                EXTI3_IRQHandler
                0x08000650                LPTIM4_IRQHandler
                0x08000650                TIM8_TRG_COM_TIM14_IRQHandler
                0x08000650                LPTIM2_IRQHandler
                0x08000650                DFSDM1_FLT1_IRQHandler
                0x08000650                DMAMUX2_OVR_IRQHandler
                0x08000650                TIM8_UP_TIM13_IRQHandler
                0x08000650                I2C3_ER_IRQHandler
                0x08000650                DFSDM1_FLT2_IRQHandler
                0x08000650                MDMA_IRQHandler
                0x08000650                LPTIM3_IRQHandler
                0x08000650                HSEM1_IRQHandler
                0x08000650                EXTI0_IRQHandler
                0x08000650                FPU_IRQHandler
                0x08000650                OTG_HS_WKUP_IRQHandler
                0x08000650                FDCAN1_IT1_IRQHandler
                0x08000650                UsageFault_Handler
                0x08000650                LTDC_ER_IRQHandler
                0x08000650                HRTIM1_TIME_IRQHandler
                0x08000650                TIM6_DAC_IRQHandler
                0x08000650                DCMI_IRQHandler
                0x08000650                HRTIM1_TIMC_IRQHandler
                0x08000650                SAI2_IRQHandler
                0x08000650                DFSDM1_FLT3_IRQHandler
                0x08000650                USART6_IRQHandler
                0x08000650                TIM17_IRQHandler
                0x08000650                USART3_IRQHandler
                0x08000650                CRYP_IRQHandler
                0x08000650                BDMA_Channel7_IRQHandler
                0x08000650                LPTIM5_IRQHandler
                0x08000650                UART5_IRQHandler
                0x08000650                ADC3_IRQHandler
                0x08000650                DMA2_Stream0_IRQHandler
                0x08000650                TIM4_IRQHandler
                0x08000650                BDMA_Channel2_IRQHandler
                0x08000650                DMAMUX1_OVR_IRQHandler
                0x08000650                TIM16_IRQHandler
                0x08000650                UART4_IRQHandler
                0x08000650                BDMA_Channel5_IRQHandler
                0x08000650                TIM3_IRQHandler
                0x08000650                RCC_IRQHandler
                0x08000650                TIM8_BRK_TIM12_IRQHandler
                0x08000650                TIM1_TRG_COM_IRQHandler
                0x08000650                Default_Handler
                0x08000650                ECC_IRQHandler
                0x08000650                CEC_IRQHandler
                0x08000650                EXTI15_10_IRQHandler
                0x08000650                BDMA_Channel0_IRQHandler
                0x08000650                ADC_IRQHandler
                0x08000650                DMA1_Stream7_IRQHandler
                0x08000650                HRTIM1_TIMA_IRQHandler
                0x08000650                SPI5_IRQHandler
                0x08000650                TIM7_IRQHandler
                0x08000650                SDMMC1_IRQHandler
                0x08000650                TIM5_IRQHandler
                0x08000650                DMA2_Stream7_IRQHandler
                0x08000650                TIM15_IRQHandler
                0x08000650                PVD_AVD_IRQHandler
                0x08000650                EXTI9_5_IRQHandler
                0x08000650                RTC_WKUP_IRQHandler
                0x08000650                LTDC_IRQHandler
                0x08000650                SAI3_IRQHandler
                0x08000650                ETH_WKUP_IRQHandler
                0x08000650                SPDIF_RX_IRQHandler
                0x08000650                SPI2_IRQHandler
                0x08000650                MemManage_Handler
                0x08000650                SVC_Handler
                0x08000650                CRS_IRQHandler
                0x08000650                EXTI4_IRQHandler
                0x08000650                HRTIM1_TIMB_IRQHandler
                0x08000650                FDCAN2_IT1_IRQHandler
                0x08000650                ETH_IRQHandler
                0x08000650                TIM1_UP_IRQHandler
                0x08000650                BDMA_Channel4_IRQHandler
                0x08000650                WWDG_IRQHandler
                0x08000650                SPI6_IRQHandler
                0x08000650                I2C4_EV_IRQHandler
                0x08000650                MDIOS_IRQHandler
                0x08000650                FDCAN2_IT0_IRQHandler
                0x08000650                LPUART1_IRQHandler
                0x08000650                FDCAN1_IT0_IRQHandler
                0x08000650                TIM2_IRQHandler
                0x08000650                OTG_FS_WKUP_IRQHandler
                0x08000650                DMA2D_IRQHandler
                0x08000650                TIM1_BRK_IRQHandler
                0x08000650                EXTI1_IRQHandler
                0x08000650                SDMMC2_IRQHandler
                0x08000650                OTG_FS_EP1_OUT_IRQHandler
                0x08000650                BDMA_Channel3_IRQHandler
                0x08000650                UART7_IRQHandler
                0x08000650                MDIOS_WKUP_IRQHandler
                0x08000650                USART2_IRQHandler
                0x08000650                DFSDM1_FLT0_IRQHandler
                0x08000650                SAI4_IRQHandler
                0x08000650                I2C2_ER_IRQHandler
                0x08000650                DMA2_Stream1_IRQHandler
                0x08000650                FLASH_IRQHandler
                0x08000650                DMA2_Stream4_IRQHandler
                0x08000650                BusFault_Handler
                0x08000650                USART1_IRQHandler
                0x08000650                OTG_FS_IRQHandler
                0x08000650                SPI3_IRQHandler
                0x08000650                WAKEUP_PIN_IRQHandler
                0x08000650                OTG_FS_EP1_IN_IRQHandler
                0x08000650                I2C1_ER_IRQHandler
                0x08000650                FMC_IRQHandler
                0x08000650                FDCAN_CAL_IRQHandler
                0x08000650                SWPMI1_IRQHandler
                0x08000650                COMP1_IRQHandler
                0x08000650                LPTIM1_IRQHandler
                0x08000650                I2C4_ER_IRQHandler
                0x08000650                DMA2_Stream6_IRQHandler
                0x08000650                SAI1_IRQHandler
 .text.Reset_Handler
                0x08000654       0x44 build/startup_stm32h750xx.o
                0x08000654                Reset_Handler
 .text._ZN7daisysp10OscillatorD2Ev
                0x08000698        0x4 build/Testbed.o
                0x08000698                daisysp::Oscillator::~Oscillator()
                0x08000698                daisysp::Oscillator::~Oscillator()
 .text._ZN5daisy6SwitchD2Ev
                0x0800069c        0x4 build/Testbed.o
                0x0800069c                daisy::Switch::~Switch()
                0x0800069c                daisy::Switch::~Switch()
 .text._ZN5daisy9DaisySeedD2Ev
                0x080006a0        0x4 build/Testbed.o
                0x080006a0                daisy::DaisySeed::~DaisySeed()
                0x080006a0                daisy::DaisySeed::~DaisySeed()
 .text.__tcf_0  0x080006a4        0x4 build/Testbed.o
 .text._ZL13AudioCallbackPKfPfj
                0x080006a8      0x1b0 build/Testbed.o
 .text.startup.main
                0x08000858      0x1dc build/Testbed.o
                0x08000858                main
 .text.startup._GLOBAL__sub_I_wf1
                0x08000a34       0x7c build/Testbed.o
 .text._ZN5daisy9DaisySeed9ConfigureEv
                0x08000ab0        0x4 ../../libDaisy/build\libdaisy.a(daisy_seed.o)
                0x08000ab0                daisy::DaisySeed::Configure()
 .text._ZN5daisy9DaisySeed6GetPinEh
                0x08000ab4       0x2c ../../libDaisy/build\libdaisy.a(daisy_seed.o)
                0x08000ab4                daisy::DaisySeed::GetPin(unsigned char)
 .text._ZN5daisy9DaisySeed10StartAudioEPFvPKfPfjE
                0x08000ae0        0x8 ../../libDaisy/build\libdaisy.a(daisy_seed.o)
                0x08000ae0                daisy::DaisySeed::StartAudio(void (*)(float const*, float*, unsigned int))
 .text._ZN5daisy9DaisySeed15AudioSampleRateEv
                0x08000ae8        0x8 ../../libDaisy/build\libdaisy.a(daisy_seed.o)
                0x08000ae8                daisy::DaisySeed::AudioSampleRate()
 .text._ZN5daisy9DaisySeed17SetAudioBlockSizeEj
                0x08000af0       0x38 ../../libDaisy/build\libdaisy.a(daisy_seed.o)
                0x08000af0                daisy::DaisySeed::SetAudioBlockSize(unsigned int)
 .text._ZN5daisy9DaisySeed14ConfigureAudioEv
                0x08000b28       0xd0 ../../libDaisy/build\libdaisy.a(daisy_seed.o)
                0x08000b28                daisy::DaisySeed::ConfigureAudio()
 .text._ZN5daisy9DaisySeed4InitEb
                0x08000bf8       0xf0 ../../libDaisy/build\libdaisy.a(daisy_seed.o)
                0x08000bf8                daisy::DaisySeed::Init(bool)
 .text._ZN5daisy6Ak45564InitE12dsy_gpio_pin
                0x08000ce8       0x44 ../../libDaisy/build\libdaisy.a(codec_ak4556.o)
                0x08000ce8                daisy::Ak4556::Init(dsy_gpio_pin)
 .text._ZN5daisy6Wm873120WriteControlRegisterEht
                0x08000d2c       0x3c ../../libDaisy/build\libdaisy.a(codec_wm8731.o)
                0x08000d2c                daisy::Wm8731::WriteControlRegister(unsigned char, unsigned short)
 .text._ZN5daisy6Wm87314InitERKNS0_6ConfigENS_9I2CHandleE
                0x08000d68      0x1bc ../../libDaisy/build\libdaisy.a(codec_wm8731.o)
                0x08000d68                daisy::Wm8731::Init(daisy::Wm8731::Config const&, daisy::I2CHandle)
 .text._ZN11SdramHandle10DeviceInitEv
                0x08000f24       0x98 ../../libDaisy/build\libdaisy.a(sdram.o)
                0x08000f24                SdramHandle::DeviceInit()
 .text._ZN11SdramHandle4InitEv
                0x08000fbc       0x7c ../../libDaisy/build\libdaisy.a(sdram.o)
                0x08000fbc                SdramHandle::Init()
 .text.HAL_SDRAM_MspInit
                0x08001038      0x1a8 ../../libDaisy/build\libdaisy.a(sdram.o)
                0x08001038                HAL_SDRAM_MspInit
 .text._ZN5daisy11AudioHandle4Impl16InternalCallbackEPlS2_j
                0x080011e0      0xbbc ../../libDaisy/build\libdaisy.a(audio.o)
                0x080011e0                daisy::AudioHandle::Impl::InternalCallback(long*, long*, unsigned int)
 .text._ZN5daisy11AudioHandle4InitERKNS0_6ConfigENS_9SaiHandleE
                0x08001d9c       0x64 ../../libDaisy/build\libdaisy.a(audio.o)
                0x08001d9c                daisy::AudioHandle::Init(daisy::AudioHandle::Config const&, daisy::SaiHandle)
 .text._ZNK5daisy11AudioHandle9GetConfigEv
                0x08001e00        0x8 ../../libDaisy/build\libdaisy.a(audio.o)
                0x08001e00                daisy::AudioHandle::GetConfig() const
 .text._ZN5daisy11AudioHandle12SetBlockSizeEj
                0x08001e08       0x1c ../../libDaisy/build\libdaisy.a(audio.o)
                0x08001e08                daisy::AudioHandle::SetBlockSize(unsigned int)
 .text._ZN5daisy11AudioHandle13GetSampleRateEv
                0x08001e24        0x8 ../../libDaisy/build\libdaisy.a(audio.o)
                0x08001e24                daisy::AudioHandle::GetSampleRate()
 .text._ZN5daisy11AudioHandle5StartEPFvPKfPfjE
                0x08001e2c       0x2c ../../libDaisy/build\libdaisy.a(audio.o)
                0x08001e2c                daisy::AudioHandle::Start(void (*)(float const*, float*, unsigned int))
 .text.startup._GLOBAL__sub_I__ZN5daisy11AudioHandle4Impl4InitENS0_6ConfigENS_9SaiHandleE
                0x08001e58       0x10 ../../libDaisy/build\libdaisy.a(audio.o)
 .text._ZN5daisy6Switch4InitE12dsy_gpio_pinfNS0_4TypeENS0_8PolarityENS0_4PullE
                0x08001e68       0x6c ../../libDaisy/build\libdaisy.a(switch.o)
                0x08001e68                daisy::Switch::Init(dsy_gpio_pin, float, daisy::Switch::Type, daisy::Switch::Polarity, daisy::Switch::Pull)
 .text._ZN5daisy6Switch4InitE12dsy_gpio_pinf
                0x08001ed4       0x34 ../../libDaisy/build\libdaisy.a(switch.o)
                0x08001ed4                daisy::Switch::Init(dsy_gpio_pin, float)
 .text._ZN5daisy6Switch8DebounceEv
                0x08001f08       0x5c ../../libDaisy/build\libdaisy.a(switch.o)
                0x08001f08                daisy::Switch::Debounce()
 .text._ZN5daisy16AdcChannelConfig10InitSingleE12dsy_gpio_pin
                0x08001f64       0x1c ../../libDaisy/build\libdaisy.a(adc.o)
                0x08001f64                daisy::AdcChannelConfig::InitSingle(dsy_gpio_pin)
 .text._ZN5daisy9AdcHandle4InitEPNS_16AdcChannelConfigEjNS0_12OverSamplingE
                0x08001f80      0x3c8 ../../libDaisy/build\libdaisy.a(adc.o)
                0x08001f80                daisy::AdcHandle::Init(daisy::AdcChannelConfig*, unsigned int, daisy::AdcHandle::OverSampling)
 .text._ZN5daisy9AdcHandle5StartEv
                0x08002348       0x2c ../../libDaisy/build\libdaisy.a(adc.o)
                0x08002348                daisy::AdcHandle::Start()
 .text._ZNK5daisy9AdcHandle8GetFloatEh
                0x08002374       0x20 ../../libDaisy/build\libdaisy.a(adc.o)
                0x08002374                daisy::AdcHandle::GetFloat(unsigned char) const
 .text.HAL_ADC_MspInit
                0x08002394       0x98 ../../libDaisy/build\libdaisy.a(adc.o)
                0x08002394                HAL_ADC_MspInit
 .text.DMA1_Stream2_IRQHandler
                0x0800242c        0xc ../../libDaisy/build\libdaisy.a(adc.o)
                0x0800242c                DMA1_Stream2_IRQHandler
 .text.HAL_ADC_ConvCpltCallback
                0x08002438      0x148 ../../libDaisy/build\libdaisy.a(adc.o)
                0x08002438                HAL_ADC_ConvCpltCallback
 .text.HAL_ADC_ErrorCallback
                0x08002580        0x4 ../../libDaisy/build\libdaisy.a(adc.o)
                0x08002580                HAL_ADC_ErrorCallback
 .text._ZN5daisy4GPIO4InitENS_3PinENS0_4ModeENS0_4PullENS0_5SpeedE
                0x08002584      0x1cc ../../libDaisy/build\libdaisy.a(gpio.o)
                0x08002584                daisy::GPIO::Init(daisy::Pin, daisy::GPIO::Mode, daisy::GPIO::Pull, daisy::GPIO::Speed)
 .text._ZN5daisy4GPIO5WriteEb
                0x08002750       0x14 ../../libDaisy/build\libdaisy.a(gpio.o)
                0x08002750                daisy::GPIO::Write(bool)
 .text.dsy_gpio_init
                0x08002764      0x1b8 ../../libDaisy/build\libdaisy.a(gpio.o)
                0x08002764                dsy_gpio_init
 .text.dsy_gpio_read
                0x0800291c       0x1c ../../libDaisy/build\libdaisy.a(gpio.o)
                0x0800291c                dsy_gpio_read
 .text.dsy_gpio_write
                0x08002938       0x24 ../../libDaisy/build\libdaisy.a(gpio.o)
                0x08002938                dsy_gpio_write
 .text._ZN5daisy9I2CHandle4Impl8InitPinsEv
                0x0800295c       0x58 ../../libDaisy/build\libdaisy.a(i2c.o)
                0x0800295c                daisy::I2CHandle::Impl::InitPins()
 .text.HAL_I2C_MspInit
                0x080029b4      0x1b4 ../../libDaisy/build\libdaisy.a(i2c.o)
                0x080029b4                HAL_I2C_MspInit
 .text.dsy_i2c_global_init
                0x08002b68       0x78 ../../libDaisy/build\libdaisy.a(i2c.o)
                0x08002b68                dsy_i2c_global_init
 .text.DMA1_Stream6_IRQHandler
                0x08002be0       0x34 ../../libDaisy/build\libdaisy.a(i2c.o)
                0x08002be0                DMA1_Stream6_IRQHandler
 .text.I2C1_EV_IRQHandler
                0x08002c14        0xc ../../libDaisy/build\libdaisy.a(i2c.o)
                0x08002c14                I2C1_EV_IRQHandler
 .text.I2C2_EV_IRQHandler
                0x08002c20        0xc ../../libDaisy/build\libdaisy.a(i2c.o)
                0x08002c20                I2C2_EV_IRQHandler
 .text.I2C3_EV_IRQHandler
                0x08002c2c        0xc ../../libDaisy/build\libdaisy.a(i2c.o)
                0x08002c2c                I2C3_EV_IRQHandler
 .text._ZN5daisy9I2CHandle4InitERKNS0_6ConfigE
                0x08002c38      0x12c ../../libDaisy/build\libdaisy.a(i2c.o)
                0x08002c38                daisy::I2CHandle::Init(daisy::I2CHandle::Config const&)
 .text._ZN5daisy9I2CHandle16TransmitBlockingEtPhtm
                0x08002d64       0x50 ../../libDaisy/build\libdaisy.a(i2c.o)
                0x08002d64                daisy::I2CHandle::TransmitBlocking(unsigned short, unsigned char*, unsigned short, unsigned long)
 .text.startup._GLOBAL__sub_I__ZN5daisy9I2CHandle4Impl10GlobalInitEv
                0x08002db4       0x18 ../../libDaisy/build\libdaisy.a(i2c.o)
 .text._ZN5daisy10QSPIHandle4Impl11WriteEnableEv
                0x08002dcc       0x8c ../../libDaisy/build\libdaisy.a(qspi.o)
                0x08002dcc                daisy::QSPIHandle::Impl::WriteEnable()
 .text._ZN5daisy10QSPIHandle4Impl17DummyCyclesConfigENS0_6Config6DeviceE
                0x08002e58      0x118 ../../libDaisy/build\libdaisy.a(qspi.o)
                0x08002e58                daisy::QSPIHandle::Impl::DummyCyclesConfig(daisy::QSPIHandle::Config::Device)
 .text._ZN5daisy10QSPIHandle4Impl10QuadEnableEv
                0x08002f70      0x158 ../../libDaisy/build\libdaisy.a(qspi.o)
                0x08002f70                daisy::QSPIHandle::Impl::QuadEnable()
 .text._ZN5daisy10QSPIHandle4InitERKNS0_6ConfigE
                0x080030c8      0x198 ../../libDaisy/build\libdaisy.a(qspi.o)
                0x080030c8                daisy::QSPIHandle::Init(daisy::QSPIHandle::Config const&)
 .text.HAL_QSPI_MspInit
                0x08003260      0x11c ../../libDaisy/build\libdaisy.a(qspi.o)
                0x08003260                HAL_QSPI_MspInit
 .text.HAL_QSPI_MspDeInit
                0x0800337c       0x54 ../../libDaisy/build\libdaisy.a(qspi.o)
                0x0800337c                HAL_QSPI_MspDeInit
 .text.QUADSPI_IRQHandler
                0x080033d0        0xc ../../libDaisy/build\libdaisy.a(qspi.o)
                0x080033d0                QUADSPI_IRQHandler
 .text.startup._GLOBAL__sub_I__ZN5daisy10QSPIHandle4Impl4InitERKNS0_6ConfigE
                0x080033dc       0x28 ../../libDaisy/build\libdaisy.a(qspi.o)
 .text._ZN5daisy9SaiHandle4Impl7InitDmaENS1_15PeripheralBlockE
                0x08003404       0xa0 ../../libDaisy/build\libdaisy.a(sai.o)
                0x08003404                daisy::SaiHandle::Impl::InitDma(daisy::SaiHandle::Impl::PeripheralBlock)
 .text._ZN5daisy9SaiHandle4Impl8InitPinsEv
                0x080034a4       0xa8 ../../libDaisy/build\libdaisy.a(sai.o)
                0x080034a4                daisy::SaiHandle::Impl::InitPins()
 .text.HAL_SAI_MspInit
                0x0800354c      0x164 ../../libDaisy/build\libdaisy.a(sai.o)
                0x0800354c                HAL_SAI_MspInit
 .text.DMA1_Stream0_IRQHandler
                0x080036b0        0xc ../../libDaisy/build\libdaisy.a(sai.o)
                0x080036b0                DMA1_Stream0_IRQHandler
 .text.DMA1_Stream1_IRQHandler
                0x080036bc        0xc ../../libDaisy/build\libdaisy.a(sai.o)
                0x080036bc                DMA1_Stream1_IRQHandler
 .text.DMA1_Stream3_IRQHandler
                0x080036c8        0xc ../../libDaisy/build\libdaisy.a(sai.o)
                0x080036c8                DMA1_Stream3_IRQHandler
 .text.DMA1_Stream4_IRQHandler
                0x080036d4        0xc ../../libDaisy/build\libdaisy.a(sai.o)
                0x080036d4                DMA1_Stream4_IRQHandler
 .text.HAL_SAI_RxHalfCpltCallback
                0x080036e0       0x78 ../../libDaisy/build\libdaisy.a(sai.o)
                0x080036e0                HAL_SAI_RxHalfCpltCallback
 .text.HAL_SAI_RxCpltCallback
                0x08003758       0x70 ../../libDaisy/build\libdaisy.a(sai.o)
                0x08003758                HAL_SAI_RxCpltCallback
 .text._ZN5daisy9SaiHandle4InitERKNS0_6ConfigE
                0x080037c8      0x1f0 ../../libDaisy/build\libdaisy.a(sai.o)
                0x080037c8                daisy::SaiHandle::Init(daisy::SaiHandle::Config const&)
 .text._ZNK5daisy9SaiHandle9GetConfigEv
                0x080039b8        0x4 ../../libDaisy/build\libdaisy.a(sai.o)
                0x080039b8                daisy::SaiHandle::GetConfig() const
 .text._ZN5daisy9SaiHandle8StartDmaEPlS1_jPFvS1_S1_jE
                0x080039bc       0xbc ../../libDaisy/build\libdaisy.a(sai.o)
                0x080039bc                daisy::SaiHandle::StartDma(long*, long*, unsigned int, void (*)(long*, long*, unsigned int))
 .text._ZN5daisy9SaiHandle13GetSampleRateEv
                0x08003a78       0x24 ../../libDaisy/build\libdaisy.a(sai.o)
                0x08003a78                daisy::SaiHandle::GetSampleRate()
 .text._ZNK5daisy9SaiHandle9GetOffsetEv
                0x08003a9c        0x8 ../../libDaisy/build\libdaisy.a(sai.o)
                0x08003a9c                daisy::SaiHandle::GetOffset() const
 .text._ZN5daisy11TimerHandleD2Ev
                0x08003aa4        0x4 ../../libDaisy/build\libdaisy.a(system.o)
                0x08003aa4                daisy::TimerHandle::~TimerHandle()
                0x08003aa4                daisy::TimerHandle::~TimerHandle()
 .text.SysTick_Handler
                0x08003aa8       0x10 ../../libDaisy/build\libdaisy.a(system.o)
                0x08003aa8                SysTick_Handler
 .text.OTG_HS_EP1_OUT_IRQHandler
                0x08003ab8       0x24 ../../libDaisy/build\libdaisy.a(system.o)
                0x08003ab8                OTG_HS_EP1_OUT_IRQHandler
 .text.OTG_HS_EP1_IN_IRQHandler
                0x08003adc       0x24 ../../libDaisy/build\libdaisy.a(system.o)
                0x08003adc                OTG_HS_EP1_IN_IRQHandler
 .text.OTG_HS_IRQHandler
                0x08003b00       0x24 ../../libDaisy/build\libdaisy.a(system.o)
                0x08003b00                OTG_HS_IRQHandler
 .text.HardFault_Handler
                0x08003b24       0xe0 ../../libDaisy/build\libdaisy.a(system.o)
                0x08003b24                HardFault_Handler
 .text._ZN5daisy6System6GetNowEv
                0x08003c04        0x4 ../../libDaisy/build\libdaisy.a(system.o)
                0x08003c04                daisy::System::GetNow()
 .text._ZN5daisy6System5DelayEm
                0x08003c08        0x4 ../../libDaisy/build\libdaisy.a(system.o)
                0x08003c08                daisy::System::Delay(unsigned long)
 .text._ZN5daisy6System15ConfigureClocksEv
                0x08003c0c      0x194 ../../libDaisy/build\libdaisy.a(system.o)
                0x08003c0c                daisy::System::ConfigureClocks()
 .text._ZN5daisy6System4InitERKNS0_6ConfigE
                0x08003da0      0x12c ../../libDaisy/build\libdaisy.a(system.o)
                0x08003da0                daisy::System::Init(daisy::System::Config const&)
 .text._ZN5daisy6System12GetPClk1FreqEv
                0x08003ecc        0x4 ../../libDaisy/build\libdaisy.a(system.o)
                0x08003ecc                daisy::System::GetPClk1Freq()
 .text._ZN5daisy6System22GetProgramMemoryRegionEv
                0x08003ed0       0x78 ../../libDaisy/build\libdaisy.a(system.o)
                0x08003ed0                daisy::System::GetProgramMemoryRegion()
 .text.startup._GLOBAL__sub_I_SysTick_Handler
                0x08003f48       0x1c ../../libDaisy/build\libdaisy.a(system.o)
 .text.SystemInit
                0x08003f64       0x9c ../../libDaisy/build\libdaisy.a(system_stm32h7xx.o)
                0x08003f64                SystemInit
 .text.HAL_PCD_SetupStageCallback
                0x08004000        0xc ../../libDaisy/build\libdaisy.a(usbd_conf.o)
                0x08004000                HAL_PCD_SetupStageCallback
 .text.HAL_PCD_DataOutStageCallback
                0x0800400c       0x14 ../../libDaisy/build\libdaisy.a(usbd_conf.o)
                0x0800400c                HAL_PCD_DataOutStageCallback
 .text.HAL_PCD_DataInStageCallback
                0x08004020       0x14 ../../libDaisy/build\libdaisy.a(usbd_conf.o)
                0x08004020                HAL_PCD_DataInStageCallback
 .text.HAL_PCD_SOFCallback
                0x08004034        0x8 ../../libDaisy/build\libdaisy.a(usbd_conf.o)
                0x08004034                HAL_PCD_SOFCallback
 .text.HAL_PCD_ResetCallback
                0x0800403c       0x24 ../../libDaisy/build\libdaisy.a(usbd_conf.o)
                0x0800403c                HAL_PCD_ResetCallback
 .text.HAL_PCD_SuspendCallback
                0x08004060       0x30 ../../libDaisy/build\libdaisy.a(usbd_conf.o)
                0x08004060                HAL_PCD_SuspendCallback
 .text.HAL_PCD_ResumeCallback
                0x08004090        0x8 ../../libDaisy/build\libdaisy.a(usbd_conf.o)
                0x08004090                HAL_PCD_ResumeCallback
 .text.HAL_PCD_ISOOUTIncompleteCallback
                0x08004098        0x8 ../../libDaisy/build\libdaisy.a(usbd_conf.o)
                0x08004098                HAL_PCD_ISOOUTIncompleteCallback
 .text.HAL_PCD_ISOINIncompleteCallback
                0x080040a0        0x8 ../../libDaisy/build\libdaisy.a(usbd_conf.o)
                0x080040a0                HAL_PCD_ISOINIncompleteCallback
 .text.HAL_PCD_ConnectCallback
                0x080040a8        0x8 ../../libDaisy/build\libdaisy.a(usbd_conf.o)
                0x080040a8                HAL_PCD_ConnectCallback
 .text.HAL_PCD_DisconnectCallback
                0x080040b0        0x8 ../../libDaisy/build\libdaisy.a(usbd_conf.o)
                0x080040b0                HAL_PCD_DisconnectCallback
 .text.USBD_LL_OpenEP
                0x080040b8       0x24 ../../libDaisy/build\libdaisy.a(usbd_conf.o)
                0x080040b8                USBD_LL_OpenEP
 .text.USBD_LL_StallEP
                0x080040dc       0x1c ../../libDaisy/build\libdaisy.a(usbd_conf.o)
                0x080040dc                USBD_LL_StallEP
 .text.USBD_LL_ClearStallEP
                0x080040f8       0x1c ../../libDaisy/build\libdaisy.a(usbd_conf.o)
                0x080040f8                USBD_LL_ClearStallEP
 .text.USBD_LL_IsStallEP
                0x08004114       0x28 ../../libDaisy/build\libdaisy.a(usbd_conf.o)
                0x08004114                USBD_LL_IsStallEP
 .text.USBD_LL_SetUSBAddress
                0x0800413c       0x1c ../../libDaisy/build\libdaisy.a(usbd_conf.o)
                0x0800413c                USBD_LL_SetUSBAddress
 .text.USBD_LL_Transmit
                0x08004158       0x1c ../../libDaisy/build\libdaisy.a(usbd_conf.o)
                0x08004158                USBD_LL_Transmit
 .text.USBD_LL_PrepareReceive
                0x08004174       0x1c ../../libDaisy/build\libdaisy.a(usbd_conf.o)
                0x08004174                USBD_LL_PrepareReceive
 .text.HAL_HCD_SOF_Callback
                0x08004190        0x8 ../../libDaisy/build\libdaisy.a(usbh_conf.o)
                0x08004190                HAL_HCD_SOF_Callback
 .text.HAL_HCD_Connect_Callback
                0x08004198        0x8 ../../libDaisy/build\libdaisy.a(usbh_conf.o)
                0x08004198                HAL_HCD_Connect_Callback
 .text.HAL_HCD_Disconnect_Callback
                0x080041a0        0x8 ../../libDaisy/build\libdaisy.a(usbh_conf.o)
                0x080041a0                HAL_HCD_Disconnect_Callback
 .text.HAL_HCD_HC_NotifyURBChange_Callback
                0x080041a8        0x4 ../../libDaisy/build\libdaisy.a(usbh_conf.o)
                0x080041a8                HAL_HCD_HC_NotifyURBChange_Callback
 .text.HAL_HCD_PortEnabled_Callback
                0x080041ac        0x8 ../../libDaisy/build\libdaisy.a(usbh_conf.o)
                0x080041ac                HAL_HCD_PortEnabled_Callback
 .text.HAL_HCD_PortDisabled_Callback
                0x080041b4        0x8 ../../libDaisy/build\libdaisy.a(usbh_conf.o)
                0x080041b4                HAL_HCD_PortDisabled_Callback
 .text.USBH_LL_Stop
                0x080041bc       0x1c ../../libDaisy/build\libdaisy.a(usbh_conf.o)
                0x080041bc                USBH_LL_Stop
 .text.dsy_hal_map_get_port
                0x080041d8       0x10 ../../libDaisy/build\libdaisy.a(hal_map.o)
                0x080041d8                dsy_hal_map_get_port
 .text.dsy_hal_map_get_pin
                0x080041e8       0x10 ../../libDaisy/build\libdaisy.a(hal_map.o)
                0x080041e8                dsy_hal_map_get_pin
 .text.dsy_hal_map_gpio_clk_enable
                0x080041f8      0x150 ../../libDaisy/build\libdaisy.a(hal_map.o)
                0x080041f8                dsy_hal_map_gpio_clk_enable
 .text.HAL_MspInit
                0x08004348        0x4 ../../libDaisy/build\libdaisy.a(stm32h7xx_hal.o)
                0x08004348                HAL_MspInit
 .text.HAL_InitTick
                0x0800434c       0x4c ../../libDaisy/build\libdaisy.a(stm32h7xx_hal.o)
                0x0800434c                HAL_InitTick
 .text.HAL_Init
                0x08004398       0x60 ../../libDaisy/build\libdaisy.a(stm32h7xx_hal.o)
                0x08004398                HAL_Init
 .text.HAL_IncTick
                0x080043f8       0x18 ../../libDaisy/build\libdaisy.a(stm32h7xx_hal.o)
                0x080043f8                HAL_IncTick
 .text.HAL_GetTick
                0x08004410        0xc ../../libDaisy/build\libdaisy.a(stm32h7xx_hal.o)
                0x08004410                HAL_GetTick
 .text.HAL_Delay
                0x0800441c       0x24 ../../libDaisy/build\libdaisy.a(stm32h7xx_hal.o)
                0x0800441c                HAL_Delay
 .text.HAL_GetREVID
                0x08004440        0xc ../../libDaisy/build\libdaisy.a(stm32h7xx_hal.o)
                0x08004440                HAL_GetREVID
 .text.HAL_ADC_ConvHalfCpltCallback
                0x0800444c        0x4 ../../libDaisy/build\libdaisy.a(stm32h7xx_hal_adc.o)
                0x0800444c                HAL_ADC_ConvHalfCpltCallback
 .text.ADC_DMAHalfConvCplt
                0x08004450        0xc ../../libDaisy/build\libdaisy.a(stm32h7xx_hal_adc.o)
                0x08004450                ADC_DMAHalfConvCplt
 .text.ADC_DMAConvCplt
                0x0800445c       0x6c ../../libDaisy/build\libdaisy.a(stm32h7xx_hal_adc.o)
                0x0800445c                ADC_DMAConvCplt
 .text.ADC_DMAError
                0x080044c8       0x1c ../../libDaisy/build\libdaisy.a(stm32h7xx_hal_adc.o)
                0x080044c8                ADC_DMAError
 .text.HAL_ADC_ConfigChannel
                0x080044e4      0x3fc ../../libDaisy/build\libdaisy.a(stm32h7xx_hal_adc.o)
                0x080044e4                HAL_ADC_ConfigChannel
 .text.ADC_Enable
                0x080048e0       0xac ../../libDaisy/build\libdaisy.a(stm32h7xx_hal_adc.o)
                0x080048e0                ADC_Enable
 .text.HAL_ADC_Start_DMA
                0x0800498c      0x114 ../../libDaisy/build\libdaisy.a(stm32h7xx_hal_adc.o)
                0x0800498c                HAL_ADC_Start_DMA
 .text.ADC_Disable
                0x08004aa0       0x68 ../../libDaisy/build\libdaisy.a(stm32h7xx_hal_adc.o)
                0x08004aa0                ADC_Disable
 .text.ADC_ConfigureBoostMode
                0x08004b08      0x184 ../../libDaisy/build\libdaisy.a(stm32h7xx_hal_adc.o)
                0x08004b08                ADC_ConfigureBoostMode
 .text.HAL_ADC_Init
                0x08004c8c      0x218 ../../libDaisy/build\libdaisy.a(stm32h7xx_hal_adc.o)
                0x08004c8c                HAL_ADC_Init
 .text.HAL_ADCEx_Calibration_Start
                0x08004ea4       0xa4 ../../libDaisy/build\libdaisy.a(stm32h7xx_hal_adc_ex.o)
                0x08004ea4                HAL_ADCEx_Calibration_Start
 .text.HAL_ADCEx_MultiModeConfigChannel
                0x08004f48       0xc4 ../../libDaisy/build\libdaisy.a(stm32h7xx_hal_adc_ex.o)
                0x08004f48                HAL_ADCEx_MultiModeConfigChannel
 .text.HAL_NVIC_SetPriorityGrouping
                0x0800500c       0x24 ../../libDaisy/build\libdaisy.a(stm32h7xx_hal_cortex.o)
                0x0800500c                HAL_NVIC_SetPriorityGrouping
 .text.HAL_NVIC_SetPriority
                0x08005030       0x7c ../../libDaisy/build\libdaisy.a(stm32h7xx_hal_cortex.o)
                0x08005030                HAL_NVIC_SetPriority
 .text.HAL_NVIC_EnableIRQ
                0x080050ac       0x1c ../../libDaisy/build\libdaisy.a(stm32h7xx_hal_cortex.o)
                0x080050ac                HAL_NVIC_EnableIRQ
 .text.HAL_NVIC_DisableIRQ
                0x080050c8       0x28 ../../libDaisy/build\libdaisy.a(stm32h7xx_hal_cortex.o)
                0x080050c8                HAL_NVIC_DisableIRQ
 .text.HAL_SYSTICK_Config
                0x080050f0       0x2c ../../libDaisy/build\libdaisy.a(stm32h7xx_hal_cortex.o)
                0x080050f0                HAL_SYSTICK_Config
 .text.HAL_MPU_Disable
                0x0800511c       0x1c ../../libDaisy/build\libdaisy.a(stm32h7xx_hal_cortex.o)
                0x0800511c                HAL_MPU_Disable
 .text.HAL_MPU_Enable
                0x08005138       0x20 ../../libDaisy/build\libdaisy.a(stm32h7xx_hal_cortex.o)
                0x08005138                HAL_MPU_Enable
 .text.HAL_MPU_ConfigRegion
                0x08005158       0x64 ../../libDaisy/build\libdaisy.a(stm32h7xx_hal_cortex.o)
                0x08005158                HAL_MPU_ConfigRegion
 .text.HAL_SYSTICK_Callback
                0x080051bc        0x4 ../../libDaisy/build\libdaisy.a(stm32h7xx_hal_cortex.o)
                0x080051bc                HAL_SYSTICK_Callback
 .text.HAL_SYSTICK_IRQHandler
                0x080051c0        0x8 ../../libDaisy/build\libdaisy.a(stm32h7xx_hal_cortex.o)
                0x080051c0                HAL_SYSTICK_IRQHandler
 .text.DMA_CalcBaseAndBitshift
                0x080051c8       0xf4 ../../libDaisy/build\libdaisy.a(stm32h7xx_hal_dma.o)
 .text.DMA_CalcDMAMUXChannelBaseAndMask
                0x080052bc       0xd8 ../../libDaisy/build\libdaisy.a(stm32h7xx_hal_dma.o)
 .text.HAL_DMA_Init
                0x08005394      0x37c ../../libDaisy/build\libdaisy.a(stm32h7xx_hal_dma.o)
                0x08005394                HAL_DMA_Init
 .text.HAL_DMA_Start_IT
                0x08005710      0x240 ../../libDaisy/build\libdaisy.a(stm32h7xx_hal_dma.o)
                0x08005710                HAL_DMA_Start_IT
 .text.HAL_DMA_Abort_IT
                0x08005950      0x134 ../../libDaisy/build\libdaisy.a(stm32h7xx_hal_dma.o)
                0x08005950                HAL_DMA_Abort_IT
 .text.HAL_DMA_IRQHandler
                0x08005a84      0x6a0 ../../libDaisy/build\libdaisy.a(stm32h7xx_hal_dma.o)
                0x08005a84                HAL_DMA_IRQHandler
 .text.HAL_DMA_GetError
                0x08006124        0x4 ../../libDaisy/build\libdaisy.a(stm32h7xx_hal_dma.o)
                0x08006124                HAL_DMA_GetError
 .text.HAL_GPIO_Init
                0x08006128      0x280 ../../libDaisy/build\libdaisy.a(stm32h7xx_hal_gpio.o)
                0x08006128                HAL_GPIO_Init
 .text.HAL_GPIO_DeInit
                0x080063a8      0x190 ../../libDaisy/build\libdaisy.a(stm32h7xx_hal_gpio.o)
                0x080063a8                HAL_GPIO_DeInit
 .text.HAL_GPIO_ReadPin
                0x08006538        0xc ../../libDaisy/build\libdaisy.a(stm32h7xx_hal_gpio.o)
                0x08006538                HAL_GPIO_ReadPin
 .text.HAL_GPIO_WritePin
                0x08006544        0x8 ../../libDaisy/build\libdaisy.a(stm32h7xx_hal_gpio.o)
                0x08006544                HAL_GPIO_WritePin
 .text.HAL_HCD_IRQHandler
                0x0800654c      0x780 ../../libDaisy/build\libdaisy.a(stm32h7xx_hal_hcd.o)
                0x0800654c                HAL_HCD_IRQHandler
 .text.HAL_HCD_Stop
                0x08006ccc       0x28 ../../libDaisy/build\libdaisy.a(stm32h7xx_hal_hcd.o)
                0x08006ccc                HAL_HCD_Stop
 .text.I2C_WaitOnTXISFlagUntilTimeout
                0x08006cf4       0xb8 ../../libDaisy/build\libdaisy.a(stm32h7xx_hal_i2c.o)
 .text.I2C_WaitOnSTOPFlagUntilTimeout
                0x08006dac       0xac ../../libDaisy/build\libdaisy.a(stm32h7xx_hal_i2c.o)
 .text.HAL_I2C_Init
                0x08006e58       0xac ../../libDaisy/build\libdaisy.a(stm32h7xx_hal_i2c.o)
                0x08006e58                HAL_I2C_Init
 .text.HAL_I2C_Master_Transmit
                0x08006f04      0x1a8 ../../libDaisy/build\libdaisy.a(stm32h7xx_hal_i2c.o)
                0x08006f04                HAL_I2C_Master_Transmit
 .text.HAL_I2C_Slave_Transmit
                0x080070ac      0x1c8 ../../libDaisy/build\libdaisy.a(stm32h7xx_hal_i2c.o)
                0x080070ac                HAL_I2C_Slave_Transmit
 .text.HAL_I2C_EV_IRQHandler
                0x08007274       0x10 ../../libDaisy/build\libdaisy.a(stm32h7xx_hal_i2c.o)
                0x08007274                HAL_I2C_EV_IRQHandler
 .text.HAL_I2C_GetState
                0x08007284        0x8 ../../libDaisy/build\libdaisy.a(stm32h7xx_hal_i2c.o)
                0x08007284                HAL_I2C_GetState
 .text.HAL_I2CEx_ConfigAnalogFilter
                0x0800728c       0x54 ../../libDaisy/build\libdaisy.a(stm32h7xx_hal_i2c_ex.o)
                0x0800728c                HAL_I2CEx_ConfigAnalogFilter
 .text.HAL_I2CEx_ConfigDigitalFilter
                0x080072e0       0x58 ../../libDaisy/build\libdaisy.a(stm32h7xx_hal_i2c_ex.o)
                0x080072e0                HAL_I2CEx_ConfigDigitalFilter
 .text.HAL_PCD_IRQHandler
                0x08007338      0x69c ../../libDaisy/build\libdaisy.a(stm32h7xx_hal_pcd.o)
                0x08007338                HAL_PCD_IRQHandler
 .text.HAL_PCD_SetAddress
                0x080079d4       0x2c ../../libDaisy/build\libdaisy.a(stm32h7xx_hal_pcd.o)
                0x080079d4                HAL_PCD_SetAddress
 .text.HAL_PCD_EP_Open
                0x08007a00       0x7c ../../libDaisy/build\libdaisy.a(stm32h7xx_hal_pcd.o)
                0x08007a00                HAL_PCD_EP_Open
 .text.HAL_PCD_EP_Receive
                0x08007a7c       0x50 ../../libDaisy/build\libdaisy.a(stm32h7xx_hal_pcd.o)
                0x08007a7c                HAL_PCD_EP_Receive
 .text.HAL_PCD_EP_Transmit
                0x08007acc       0x50 ../../libDaisy/build\libdaisy.a(stm32h7xx_hal_pcd.o)
                0x08007acc                HAL_PCD_EP_Transmit
 .text.HAL_PCD_EP_SetStall
                0x08007b1c       0x88 ../../libDaisy/build\libdaisy.a(stm32h7xx_hal_pcd.o)
                0x08007b1c                HAL_PCD_EP_SetStall
 .text.HAL_PCD_EP_ClrStall
                0x08007ba4       0x78 ../../libDaisy/build\libdaisy.a(stm32h7xx_hal_pcd.o)
                0x08007ba4                HAL_PCD_EP_ClrStall
 .text.HAL_PCDEx_LPM_Callback
                0x08007c1c        0x4 ../../libDaisy/build\libdaisy.a(stm32h7xx_hal_pcd_ex.o)
                0x08007c1c                HAL_PCDEx_LPM_Callback
 .text.HAL_PWREx_ConfigSupply
                0x08007c20       0x4c ../../libDaisy/build\libdaisy.a(stm32h7xx_hal_pwr_ex.o)
                0x08007c20                HAL_PWREx_ConfigSupply
 .text.HAL_PWREx_EnableUSBVoltageDetector
                0x08007c6c       0x10 ../../libDaisy/build\libdaisy.a(stm32h7xx_hal_pwr_ex.o)
                0x08007c6c                HAL_PWREx_EnableUSBVoltageDetector
 .text.QSPI_Config
                0x08007c7c      0x174 ../../libDaisy/build\libdaisy.a(stm32h7xx_hal_qspi.o)
 .text.HAL_QSPI_Init
                0x08007df0       0xd8 ../../libDaisy/build\libdaisy.a(stm32h7xx_hal_qspi.o)
                0x08007df0                HAL_QSPI_Init
 .text.HAL_QSPI_DeInit
                0x08007ec8       0x3c ../../libDaisy/build\libdaisy.a(stm32h7xx_hal_qspi.o)
                0x08007ec8                HAL_QSPI_DeInit
 .text.HAL_QSPI_Command
                0x08007f04       0xd4 ../../libDaisy/build\libdaisy.a(stm32h7xx_hal_qspi.o)
                0x08007f04                HAL_QSPI_Command
 .text.HAL_QSPI_Transmit
                0x08007fd8       0xfc ../../libDaisy/build\libdaisy.a(stm32h7xx_hal_qspi.o)
                0x08007fd8                HAL_QSPI_Transmit
 .text.HAL_QSPI_Receive
                0x080080d4      0x108 ../../libDaisy/build\libdaisy.a(stm32h7xx_hal_qspi.o)
                0x080080d4                HAL_QSPI_Receive
 .text.HAL_QSPI_AutoPolling
                0x080081dc       0xf0 ../../libDaisy/build\libdaisy.a(stm32h7xx_hal_qspi.o)
                0x080081dc                HAL_QSPI_AutoPolling
 .text.HAL_QSPI_MemoryMapped
                0x080082cc       0xc0 ../../libDaisy/build\libdaisy.a(stm32h7xx_hal_qspi.o)
                0x080082cc                HAL_QSPI_MemoryMapped
 .text.HAL_QSPI_ErrorCallback
                0x0800838c        0x4 ../../libDaisy/build\libdaisy.a(stm32h7xx_hal_qspi.o)
                0x0800838c                HAL_QSPI_ErrorCallback
 .text.QSPI_DMAAbortCplt
                0x08008390       0x38 ../../libDaisy/build\libdaisy.a(stm32h7xx_hal_qspi.o)
 .text.HAL_QSPI_AbortCpltCallback
                0x080083c8        0x4 ../../libDaisy/build\libdaisy.a(stm32h7xx_hal_qspi.o)
                0x080083c8                HAL_QSPI_AbortCpltCallback
 .text.HAL_QSPI_CmdCpltCallback
                0x080083cc        0x4 ../../libDaisy/build\libdaisy.a(stm32h7xx_hal_qspi.o)
                0x080083cc                HAL_QSPI_CmdCpltCallback
 .text.HAL_QSPI_RxCpltCallback
                0x080083d0        0x4 ../../libDaisy/build\libdaisy.a(stm32h7xx_hal_qspi.o)
                0x080083d0                HAL_QSPI_RxCpltCallback
 .text.HAL_QSPI_TxCpltCallback
                0x080083d4        0x4 ../../libDaisy/build\libdaisy.a(stm32h7xx_hal_qspi.o)
                0x080083d4                HAL_QSPI_TxCpltCallback
 .text.HAL_QSPI_FifoThresholdCallback
                0x080083d8        0x4 ../../libDaisy/build\libdaisy.a(stm32h7xx_hal_qspi.o)
                0x080083d8                HAL_QSPI_FifoThresholdCallback
 .text.HAL_QSPI_StatusMatchCallback
                0x080083dc        0x4 ../../libDaisy/build\libdaisy.a(stm32h7xx_hal_qspi.o)
                0x080083dc                HAL_QSPI_StatusMatchCallback
 .text.HAL_QSPI_TimeOutCallback
                0x080083e0        0x4 ../../libDaisy/build\libdaisy.a(stm32h7xx_hal_qspi.o)
                0x080083e0                HAL_QSPI_TimeOutCallback
 .text.HAL_QSPI_IRQHandler
                0x080083e4      0x210 ../../libDaisy/build\libdaisy.a(stm32h7xx_hal_qspi.o)
                0x080083e4                HAL_QSPI_IRQHandler
 .text.HAL_RCC_OscConfig
                0x080085f4      0x51c ../../libDaisy/build\libdaisy.a(stm32h7xx_hal_rcc.o)
                0x080085f4                HAL_RCC_OscConfig
 .text.HAL_RCC_GetSysClockFreq
                0x08008b10      0x140 ../../libDaisy/build\libdaisy.a(stm32h7xx_hal_rcc.o)
                0x08008b10                HAL_RCC_GetSysClockFreq
 .text.HAL_RCC_ClockConfig
                0x08008c50      0x234 ../../libDaisy/build\libdaisy.a(stm32h7xx_hal_rcc.o)
                0x08008c50                HAL_RCC_ClockConfig
 .text.HAL_RCC_GetHCLKFreq
                0x08008e84       0x2c ../../libDaisy/build\libdaisy.a(stm32h7xx_hal_rcc.o)
                0x08008e84                HAL_RCC_GetHCLKFreq
 .text.HAL_RCC_GetPCLK1Freq
                0x08008eb0       0x38 ../../libDaisy/build\libdaisy.a(stm32h7xx_hal_rcc.o)
                0x08008eb0                HAL_RCC_GetPCLK1Freq
 .text.RCCEx_PLL2_Config
                0x08008ee8       0xf4 ../../libDaisy/build\libdaisy.a(stm32h7xx_hal_rcc_ex.o)
 .text.RCCEx_PLL3_Config
                0x08008fdc       0xf4 ../../libDaisy/build\libdaisy.a(stm32h7xx_hal_rcc_ex.o)
 .text.HAL_RCCEx_PeriphCLKConfig
                0x080090d0      0xa7c ../../libDaisy/build\libdaisy.a(stm32h7xx_hal_rcc_ex.o)
                0x080090d0                HAL_RCCEx_PeriphCLKConfig
 .text.HAL_RCCEx_GetPLL2ClockFreq
                0x08009b4c      0x17c ../../libDaisy/build\libdaisy.a(stm32h7xx_hal_rcc_ex.o)
                0x08009b4c                HAL_RCCEx_GetPLL2ClockFreq
 .text.HAL_RCCEx_GetPLL3ClockFreq
                0x08009cc8      0x17c ../../libDaisy/build\libdaisy.a(stm32h7xx_hal_rcc_ex.o)
                0x08009cc8                HAL_RCCEx_GetPLL3ClockFreq
 .text.HAL_RCCEx_GetPLL1ClockFreq
                0x08009e44      0x17c ../../libDaisy/build\libdaisy.a(stm32h7xx_hal_rcc_ex.o)
                0x08009e44                HAL_RCCEx_GetPLL1ClockFreq
 .text.HAL_RCCEx_GetPeriphCLKFreq
                0x08009fc0      0x198 ../../libDaisy/build\libdaisy.a(stm32h7xx_hal_rcc_ex.o)
                0x08009fc0                HAL_RCCEx_GetPeriphCLKFreq
 .text.HAL_RCCEx_GetD1SysClockFreq
                0x0800a158       0x2c ../../libDaisy/build\libdaisy.a(stm32h7xx_hal_rcc_ex.o)
                0x0800a158                HAL_RCCEx_GetD1SysClockFreq
 .text.HAL_SAI_Init.part.0
                0x0800a184      0x348 ../../libDaisy/build\libdaisy.a(stm32h7xx_hal_sai.o)
 .text.HAL_SAI_InitProtocol
                0x0800a4cc      0x178 ../../libDaisy/build\libdaisy.a(stm32h7xx_hal_sai.o)
                0x0800a4cc                HAL_SAI_InitProtocol
 .text.HAL_SAI_Transmit_DMA
                0x0800a644      0x124 ../../libDaisy/build\libdaisy.a(stm32h7xx_hal_sai.o)
                0x0800a644                HAL_SAI_Transmit_DMA
 .text.HAL_SAI_Receive_DMA
                0x0800a768       0xd0 ../../libDaisy/build\libdaisy.a(stm32h7xx_hal_sai.o)
                0x0800a768                HAL_SAI_Receive_DMA
 .text.HAL_SAI_TxCpltCallback
                0x0800a838        0x4 ../../libDaisy/build\libdaisy.a(stm32h7xx_hal_sai.o)
                0x0800a838                HAL_SAI_TxCpltCallback
 .text.SAI_DMATxCplt
                0x0800a83c       0x64 ../../libDaisy/build\libdaisy.a(stm32h7xx_hal_sai.o)
 .text.HAL_SAI_TxHalfCpltCallback
                0x0800a8a0        0x4 ../../libDaisy/build\libdaisy.a(stm32h7xx_hal_sai.o)
                0x0800a8a0                HAL_SAI_TxHalfCpltCallback
 .text.SAI_DMATxHalfCplt
                0x0800a8a4        0xc ../../libDaisy/build\libdaisy.a(stm32h7xx_hal_sai.o)
 .text.SAI_DMARxCplt
                0x0800a8b0       0x64 ../../libDaisy/build\libdaisy.a(stm32h7xx_hal_sai.o)
 .text.SAI_DMARxHalfCplt
                0x0800a914        0xc ../../libDaisy/build\libdaisy.a(stm32h7xx_hal_sai.o)
 .text.HAL_SAI_ErrorCallback
                0x0800a920        0x4 ../../libDaisy/build\libdaisy.a(stm32h7xx_hal_sai.o)
                0x0800a920                HAL_SAI_ErrorCallback
 .text.SAI_DMAError
                0x0800a924       0x6c ../../libDaisy/build\libdaisy.a(stm32h7xx_hal_sai.o)
 .text.HAL_SDRAM_Init
                0x0800a990       0x54 ../../libDaisy/build\libdaisy.a(stm32h7xx_hal_sdram.o)
                0x0800a990                HAL_SDRAM_Init
 .text.HAL_SDRAM_SendCommand
                0x0800a9e4       0x40 ../../libDaisy/build\libdaisy.a(stm32h7xx_hal_sdram.o)
                0x0800a9e4                HAL_SDRAM_SendCommand
 .text.HAL_SDRAM_ProgramRefreshRate
                0x0800aa24       0x30 ../../libDaisy/build\libdaisy.a(stm32h7xx_hal_sdram.o)
                0x0800aa24                HAL_SDRAM_ProgramRefreshRate
 .text.FMC_SDRAM_Init
                0x0800aa54       0x7c ../../libDaisy/build\libdaisy.a(stm32h7xx_ll_fmc.o)
                0x0800aa54                FMC_SDRAM_Init
 .text.FMC_SDRAM_Timing_Init
                0x0800aad0       0x98 ../../libDaisy/build\libdaisy.a(stm32h7xx_ll_fmc.o)
                0x0800aad0                FMC_SDRAM_Timing_Init
 .text.FMC_SDRAM_SendCommand
                0x0800ab68       0x28 ../../libDaisy/build\libdaisy.a(stm32h7xx_ll_fmc.o)
                0x0800ab68                FMC_SDRAM_SendCommand
 .text.FMC_SDRAM_ProgramRefreshRate
                0x0800ab90       0x1c ../../libDaisy/build\libdaisy.a(stm32h7xx_ll_fmc.o)
                0x0800ab90                FMC_SDRAM_ProgramRefreshRate
 .text.USB_SetTurnaroundTime
                0x0800abac       0xf4 ../../libDaisy/build\libdaisy.a(stm32h7xx_ll_usb.o)
                0x0800abac                USB_SetTurnaroundTime
 .text.USB_FlushTxFifo
                0x0800aca0       0x24 ../../libDaisy/build\libdaisy.a(stm32h7xx_ll_usb.o)
                0x0800aca0                USB_FlushTxFifo
 .text.USB_GetDevSpeed
                0x0800acc4       0x18 ../../libDaisy/build\libdaisy.a(stm32h7xx_ll_usb.o)
                0x0800acc4                USB_GetDevSpeed
 .text.USB_ActivateEndpoint
                0x0800acdc       0x90 ../../libDaisy/build\libdaisy.a(stm32h7xx_ll_usb.o)
                0x0800acdc                USB_ActivateEndpoint
 .text.USB_EPStartXfer
                0x0800ad6c      0x230 ../../libDaisy/build\libdaisy.a(stm32h7xx_ll_usb.o)
                0x0800ad6c                USB_EPStartXfer
 .text.USB_EP0StartXfer
                0x0800af9c      0x174 ../../libDaisy/build\libdaisy.a(stm32h7xx_ll_usb.o)
                0x0800af9c                USB_EP0StartXfer
 .text.USB_WritePacket
                0x0800b110       0x2c ../../libDaisy/build\libdaisy.a(stm32h7xx_ll_usb.o)
                0x0800b110                USB_WritePacket
 .text.USB_ReadPacket
                0x0800b13c       0x20 ../../libDaisy/build\libdaisy.a(stm32h7xx_ll_usb.o)
                0x0800b13c                USB_ReadPacket
 .text.USB_EPSetStall
                0x0800b15c       0x68 ../../libDaisy/build\libdaisy.a(stm32h7xx_ll_usb.o)
                0x0800b15c                USB_EPSetStall
 .text.USB_EPClearStall
                0x0800b1c4       0x58 ../../libDaisy/build\libdaisy.a(stm32h7xx_ll_usb.o)
                0x0800b1c4                USB_EPClearStall
 .text.USB_SetDevAddress
                0x0800b21c       0x24 ../../libDaisy/build\libdaisy.a(stm32h7xx_ll_usb.o)
                0x0800b21c                USB_SetDevAddress
 .text.USB_ReadInterrupts
                0x0800b240        0x8 ../../libDaisy/build\libdaisy.a(stm32h7xx_ll_usb.o)
                0x0800b240                USB_ReadInterrupts
 .text.USB_ReadDevAllOutEpInterrupt
                0x0800b248       0x10 ../../libDaisy/build\libdaisy.a(stm32h7xx_ll_usb.o)
                0x0800b248                USB_ReadDevAllOutEpInterrupt
 .text.USB_ReadDevAllInEpInterrupt
                0x0800b258       0x10 ../../libDaisy/build\libdaisy.a(stm32h7xx_ll_usb.o)
                0x0800b258                USB_ReadDevAllInEpInterrupt
 .text.USB_ReadDevOutEPInterrupt
                0x0800b268       0x14 ../../libDaisy/build\libdaisy.a(stm32h7xx_ll_usb.o)
                0x0800b268                USB_ReadDevOutEPInterrupt
 .text.USB_ReadDevInEPInterrupt
                0x0800b27c       0x20 ../../libDaisy/build\libdaisy.a(stm32h7xx_ll_usb.o)
                0x0800b27c                USB_ReadDevInEPInterrupt
 .text.USB_GetMode
                0x0800b29c        0x8 ../../libDaisy/build\libdaisy.a(stm32h7xx_ll_usb.o)
                0x0800b29c                USB_GetMode
 .text.USB_ActivateSetup
                0x0800b2a4       0x38 ../../libDaisy/build\libdaisy.a(stm32h7xx_ll_usb.o)
                0x0800b2a4                USB_ActivateSetup
 .text.USB_EP0_OutStart
                0x0800b2dc       0x58 ../../libDaisy/build\libdaisy.a(stm32h7xx_ll_usb.o)
                0x0800b2dc                USB_EP0_OutStart
 .text.USB_InitFSLSPClkSel
                0x0800b334       0x44 ../../libDaisy/build\libdaisy.a(stm32h7xx_ll_usb.o)
                0x0800b334                USB_InitFSLSPClkSel
 .text.USB_HC_ReadInterrupt
                0x0800b378        0x8 ../../libDaisy/build\libdaisy.a(stm32h7xx_ll_usb.o)
                0x0800b378                USB_HC_ReadInterrupt
 .text.USB_HC_Halt
                0x0800b380       0xb4 ../../libDaisy/build\libdaisy.a(stm32h7xx_ll_usb.o)
                0x0800b380                USB_HC_Halt
 .text.USB_StopHost
                0x0800b434      0x184 ../../libDaisy/build\libdaisy.a(stm32h7xx_ll_usb.o)
                0x0800b434                USB_StopHost
 .text.USBD_SetClassConfig
                0x0800b5b8       0x14 ../../libDaisy/build\libdaisy.a(usbd_core.o)
                0x0800b5b8                USBD_SetClassConfig
 .text.USBD_ClrClassConfig
                0x0800b5cc       0x10 ../../libDaisy/build\libdaisy.a(usbd_core.o)
                0x0800b5cc                USBD_ClrClassConfig
 .text.USBD_LL_SetupStage
                0x0800b5dc       0x5c ../../libDaisy/build\libdaisy.a(usbd_core.o)
                0x0800b5dc                USBD_LL_SetupStage
 .text.USBD_LL_DataOutStage
                0x0800b638       0x7c ../../libDaisy/build\libdaisy.a(usbd_core.o)
                0x0800b638                USBD_LL_DataOutStage
 .text.USBD_LL_DataInStage
                0x0800b6b4       0xcc ../../libDaisy/build\libdaisy.a(usbd_core.o)
                0x0800b6b4                USBD_LL_DataInStage
 .text.USBD_LL_Reset
                0x0800b780       0x50 ../../libDaisy/build\libdaisy.a(usbd_core.o)
                0x0800b780                USBD_LL_Reset
 .text.USBD_LL_SetSpeed
                0x0800b7d0        0x8 ../../libDaisy/build\libdaisy.a(usbd_core.o)
                0x0800b7d0                USBD_LL_SetSpeed
 .text.USBD_LL_Suspend
                0x0800b7d8       0x14 ../../libDaisy/build\libdaisy.a(usbd_core.o)
                0x0800b7d8                USBD_LL_Suspend
 .text.USBD_LL_Resume
                0x0800b7ec       0x10 ../../libDaisy/build\libdaisy.a(usbd_core.o)
                0x0800b7ec                USBD_LL_Resume
 .text.USBD_LL_SOF
                0x0800b7fc       0x1c ../../libDaisy/build\libdaisy.a(usbd_core.o)
                0x0800b7fc                USBD_LL_SOF
 .text.USBD_LL_IsoINIncomplete
                0x0800b818        0x4 ../../libDaisy/build\libdaisy.a(usbd_core.o)
                0x0800b818                USBD_LL_IsoINIncomplete
 .text.USBD_LL_IsoOUTIncomplete
                0x0800b81c        0x4 ../../libDaisy/build\libdaisy.a(usbd_core.o)
                0x0800b81c                USBD_LL_IsoOUTIncomplete
 .text.USBD_LL_DevConnected
                0x0800b820        0x4 ../../libDaisy/build\libdaisy.a(usbd_core.o)
                0x0800b820                USBD_LL_DevConnected
 .text.USBD_LL_DevDisconnected
                0x0800b824       0x18 ../../libDaisy/build\libdaisy.a(usbd_core.o)
                0x0800b824                USBD_LL_DevDisconnected
 .text.USBD_StdDevReq
                0x0800b83c      0x304 ../../libDaisy/build\libdaisy.a(usbd_ctlreq.o)
                0x0800b83c                USBD_StdDevReq
 .text.USBD_StdItfReq
                0x0800bb40       0x68 ../../libDaisy/build\libdaisy.a(usbd_ctlreq.o)
                0x0800bb40                USBD_StdItfReq
 .text.USBD_StdEPReq
                0x0800bba8      0x13c ../../libDaisy/build\libdaisy.a(usbd_ctlreq.o)
                0x0800bba8                USBD_StdEPReq
 .text.USBD_ParseSetupRequest
                0x0800bce4       0x28 ../../libDaisy/build\libdaisy.a(usbd_ctlreq.o)
                0x0800bce4                USBD_ParseSetupRequest
 .text.USBD_CtlSendData
                0x0800bd0c       0x1c ../../libDaisy/build\libdaisy.a(usbd_ioreq.o)
                0x0800bd0c                USBD_CtlSendData
 .text.USBD_CtlContinueSendData
                0x0800bd28       0x14 ../../libDaisy/build\libdaisy.a(usbd_ioreq.o)
                0x0800bd28                USBD_CtlContinueSendData
 .text.USBD_CtlContinueRx
                0x0800bd3c       0x14 ../../libDaisy/build\libdaisy.a(usbd_ioreq.o)
                0x0800bd3c                USBD_CtlContinueRx
 .text.USBD_CtlSendStatus
                0x0800bd50       0x18 ../../libDaisy/build\libdaisy.a(usbd_ioreq.o)
                0x0800bd50                USBD_CtlSendStatus
 .text.USBD_CtlReceiveStatus
                0x0800bd68       0x18 ../../libDaisy/build\libdaisy.a(usbd_ioreq.o)
                0x0800bd68                USBD_CtlReceiveStatus
 .text.USBH_LL_IncTimer
                0x0800bd80       0x20 ../../libDaisy/build\libdaisy.a(usbh_core.o)
                0x0800bd80                USBH_LL_IncTimer
 .text.USBH_LL_PortEnabled
                0x0800bda0        0x8 ../../libDaisy/build\libdaisy.a(usbh_core.o)
                0x0800bda0                USBH_LL_PortEnabled
 .text.USBH_LL_PortDisabled
                0x0800bda8        0x8 ../../libDaisy/build\libdaisy.a(usbh_core.o)
                0x0800bda8                USBH_LL_PortDisabled
 .text.USBH_LL_Connect
                0x0800bdb0       0x18 ../../libDaisy/build\libdaisy.a(usbh_core.o)
                0x0800bdb0                USBH_LL_Connect
 .text.USBH_LL_Disconnect
                0x0800bdc8       0x2c ../../libDaisy/build\libdaisy.a(usbh_core.o)
                0x0800bdc8                USBH_LL_Disconnect
 .text.USBH_FreePipe
                0x0800bdf4       0x18 ../../libDaisy/build\libdaisy.a(usbh_pipes.o)
                0x0800bdf4                USBH_FreePipe
 .text._ZN5daisy6Random4InitEv
                0x0800be0c       0x3c ../../libDaisy/build\libdaisy.a(rng.o)
                0x0800be0c                daisy::Random::Init()
 .text._ZN5daisy9SpiHandle4Impl7InitDmaEv
                0x0800be48       0xec ../../libDaisy/build\libdaisy.a(spi.o)
                0x0800be48                daisy::SpiHandle::Impl::InitDma()
 .text._ZN5daisy9SpiHandle4Impl10StartDmaTxEPhjPFvPvEPFvS3_NS0_6ResultEES3_
                0x0800bf34       0xc8 ../../libDaisy/build\libdaisy.a(spi.o)
                0x0800bf34                daisy::SpiHandle::Impl::StartDmaTx(unsigned char*, unsigned int, void (*)(void*), void (*)(void*, daisy::SpiHandle::Result), void*)
 .text._ZN5daisy9SpiHandle4Impl10StartDmaRxEPhjPFvPvEPFvS3_NS0_6ResultEES3_
                0x0800bffc       0xc8 ../../libDaisy/build\libdaisy.a(spi.o)
                0x0800bffc                daisy::SpiHandle::Impl::StartDmaRx(unsigned char*, unsigned int, void (*)(void*), void (*)(void*, daisy::SpiHandle::Result), void*)
 .text._ZN5daisy9SpiHandle4Impl12StartDmaRxTxEPhS2_jPFvPvEPFvS3_NS0_6ResultEES3_
                0x0800c0c4       0xcc ../../libDaisy/build\libdaisy.a(spi.o)
                0x0800c0c4                daisy::SpiHandle::Impl::StartDmaRxTx(unsigned char*, unsigned char*, unsigned int, void (*)(void*), void (*)(void*, daisy::SpiHandle::Result), void*)
 .text._ZN5daisy9SpiHandle4Impl8InitPinsEv
                0x0800c190      0x274 ../../libDaisy/build\libdaisy.a(spi.o)
                0x0800c190                daisy::SpiHandle::Impl::InitPins()
 .text.HAL_SPI_MspInit
                0x0800c404      0x1a8 ../../libDaisy/build\libdaisy.a(spi.o)
                0x0800c404                HAL_SPI_MspInit
 .text.dsy_spi_global_init
                0x0800c5ac       0x80 ../../libDaisy/build\libdaisy.a(spi.o)
                0x0800c5ac                dsy_spi_global_init
 .text.SPI1_IRQHandler
                0x0800c62c        0xc ../../libDaisy/build\libdaisy.a(spi.o)
                0x0800c62c                SPI1_IRQHandler
 .text.DMA2_Stream2_IRQHandler
                0x0800c638       0x34 ../../libDaisy/build\libdaisy.a(spi.o)
                0x0800c638                DMA2_Stream2_IRQHandler
 .text.DMA2_Stream3_IRQHandler
                0x0800c66c       0x38 ../../libDaisy/build\libdaisy.a(spi.o)
                0x0800c66c                DMA2_Stream3_IRQHandler
 .text.HAL_SPI_TxCpltCallback
                0x0800c6a4       0xc4 ../../libDaisy/build\libdaisy.a(spi.o)
                0x0800c6a4                HAL_SPI_TxCpltCallback
 .text.HAL_SPI_RxCpltCallback
                0x0800c768       0xc4 ../../libDaisy/build\libdaisy.a(spi.o)
                0x0800c768                HAL_SPI_RxCpltCallback
 .text.HAL_SPI_TxRxCpltCallback
                0x0800c82c       0xc4 ../../libDaisy/build\libdaisy.a(spi.o)
                0x0800c82c                HAL_SPI_TxRxCpltCallback
 .text.HAL_SPI_ErrorCallback
                0x0800c8f0       0xc8 ../../libDaisy/build\libdaisy.a(spi.o)
                0x0800c8f0                HAL_SPI_ErrorCallback
 .text.startup._GLOBAL__sub_I__Z19MapInstanceToHandleP11SPI_TypeDef
                0x0800c9b8      0x1b0 ../../libDaisy/build\libdaisy.a(spi.o)
 .text.HAL_TIM_Base_MspInit
                0x0800cb68       0xcc ../../libDaisy/build\libdaisy.a(tim.o)
                0x0800cb68                HAL_TIM_Base_MspInit
 .text._ZN5daisy11TimerHandle4InitERKNS0_6ConfigE
                0x0800cc34       0xc4 ../../libDaisy/build\libdaisy.a(tim.o)
                0x0800cc34                daisy::TimerHandle::Init(daisy::TimerHandle::Config const&)
 .text._ZN5daisy11TimerHandle5StartEv
                0x0800ccf8       0x14 ../../libDaisy/build\libdaisy.a(tim.o)
                0x0800ccf8                daisy::TimerHandle::Start()
 .text.dsy_dma_init
                0x0800cd0c       0xf0 ../../libDaisy/build\libdaisy.a(dma.o)
                0x0800cd0c                dsy_dma_init
 .text.HAL_MDMA_Abort_IT
                0x0800cdfc       0x2c ../../libDaisy/build\libdaisy.a(stm32h7xx_hal_mdma.o)
                0x0800cdfc                HAL_MDMA_Abort_IT
 .text.SPI_CloseTransfer
                0x0800ce28       0xb8 ../../libDaisy/build\libdaisy.a(stm32h7xx_hal_spi.o)
 .text.HAL_SPI_Init
                0x0800cee0      0x15c ../../libDaisy/build\libdaisy.a(stm32h7xx_hal_spi.o)
                0x0800cee0                HAL_SPI_Init
 .text.HAL_SPI_Transmit_DMA
                0x0800d03c      0x170 ../../libDaisy/build\libdaisy.a(stm32h7xx_hal_spi.o)
                0x0800d03c                HAL_SPI_Transmit_DMA
 .text.HAL_SPI_TransmitReceive_DMA
                0x0800d1ac      0x218 ../../libDaisy/build\libdaisy.a(stm32h7xx_hal_spi.o)
                0x0800d1ac                HAL_SPI_TransmitReceive_DMA
 .text.HAL_SPI_Receive_DMA
                0x0800d3c4      0x1b4 ../../libDaisy/build\libdaisy.a(stm32h7xx_hal_spi.o)
                0x0800d3c4                HAL_SPI_Receive_DMA
 .text.SPI_DMATransmitCplt
                0x0800d578       0x28 ../../libDaisy/build\libdaisy.a(stm32h7xx_hal_spi.o)
 .text.SPI_DMAReceiveCplt
                0x0800d5a0       0x28 ../../libDaisy/build\libdaisy.a(stm32h7xx_hal_spi.o)
 .text.SPI_DMATransmitReceiveCplt
                0x0800d5c8       0x28 ../../libDaisy/build\libdaisy.a(stm32h7xx_hal_spi.o)
 .text.HAL_SPI_TxHalfCpltCallback
                0x0800d5f0        0x4 ../../libDaisy/build\libdaisy.a(stm32h7xx_hal_spi.o)
                0x0800d5f0                HAL_SPI_TxHalfCpltCallback
 .text.SPI_DMAHalfTransmitCplt
                0x0800d5f4        0xc ../../libDaisy/build\libdaisy.a(stm32h7xx_hal_spi.o)
 .text.HAL_SPI_RxHalfCpltCallback
                0x0800d600        0x4 ../../libDaisy/build\libdaisy.a(stm32h7xx_hal_spi.o)
                0x0800d600                HAL_SPI_RxHalfCpltCallback
 .text.SPI_DMAHalfReceiveCplt
                0x0800d604        0xc ../../libDaisy/build\libdaisy.a(stm32h7xx_hal_spi.o)
 .text.HAL_SPI_TxRxHalfCpltCallback
                0x0800d610        0x4 ../../libDaisy/build\libdaisy.a(stm32h7xx_hal_spi.o)
                0x0800d610                HAL_SPI_TxRxHalfCpltCallback
 .text.SPI_DMAHalfTransmitReceiveCplt
                0x0800d614        0xc ../../libDaisy/build\libdaisy.a(stm32h7xx_hal_spi.o)
 .text.SPI_DMAError
                0x0800d620       0xd8 ../../libDaisy/build\libdaisy.a(stm32h7xx_hal_spi.o)
 .text.HAL_SPI_IRQHandler
                0x0800d6f8      0x23c ../../libDaisy/build\libdaisy.a(stm32h7xx_hal_spi.o)
                0x0800d6f8                HAL_SPI_IRQHandler
 .text.SPI_DMAAbortOnError
                0x0800d934       0x1c ../../libDaisy/build\libdaisy.a(stm32h7xx_hal_spi.o)
 .text.HAL_SPI_GetState
                0x0800d950        0x8 ../../libDaisy/build\libdaisy.a(stm32h7xx_hal_spi.o)
                0x0800d950                HAL_SPI_GetState
 .text.HAL_TIM_Base_Init
                0x0800d958      0x140 ../../libDaisy/build\libdaisy.a(stm32h7xx_hal_tim.o)
                0x0800d958                HAL_TIM_Base_Init
 .text.HAL_TIM_Base_Start
                0x0800da98       0x34 ../../libDaisy/build\libdaisy.a(stm32h7xx_hal_tim.o)
                0x0800da98                HAL_TIM_Base_Start
 .text.HAL_TIM_ConfigClockSource
                0x0800dacc      0x17c ../../libDaisy/build\libdaisy.a(stm32h7xx_hal_tim.o)
                0x0800dacc                HAL_TIM_ConfigClockSource
 .text.HAL_TIMEx_MasterConfigSynchronization
                0x0800dc48       0x64 ../../libDaisy/build\libdaisy.a(stm32h7xx_hal_tim_ex.o)
                0x0800dc48                HAL_TIMEx_MasterConfigSynchronization
 .text._ZN7daisysp10Oscillator7ProcessEv
                0x0800dcac      0x3c4 ../../DaisySP/build\libdaisysp.a(oscillator.o)
                0x0800dcac                daisysp::Oscillator::Process()
 .text._ZN7daisysp10Oscillator12CalcPhaseIncEf
                0x0800e070       0x18 ../../DaisySP/build\libdaisysp.a(oscillator.o)
                0x0800e070                daisysp::Oscillator::CalcPhaseInc(float)
 .text.__aeabi_atexit
                0x0800e088        0xa c:/users/ethan/documents/daisytoolchain-0.3.2/windows/bin/../lib/gcc/arm-none-eabi/10.2.1/../../../../arm-none-eabi/lib/thumb/v7e-m+dp/hard\libstdc++_nano.a(atexit_arm.o)
                0x0800e088                __aeabi_atexit
 *fill*         0x0800e092        0x6 
 .text.pow      0x0800e098      0x594 c:/users/ethan/documents/daisytoolchain-0.3.2/windows/bin/../lib/gcc/arm-none-eabi/10.2.1/../../../../arm-none-eabi/lib/thumb/v7e-m+dp/hard\libm.a(lib_a-pow.o)
                0x0800e098                pow
 *fill*         0x0800e62c        0x4 
 .text.sinf     0x0800e630      0x20c c:/users/ethan/documents/daisytoolchain-0.3.2/windows/bin/../lib/gcc/arm-none-eabi/10.2.1/../../../../arm-none-eabi/lib/thumb/v7e-m+dp/hard\libm.a(lib_a-sinf.o)
                0x0800e630                sinf
 *fill*         0x0800e83c        0x4 
 .text.fmod     0x0800e840       0x5c c:/users/ethan/documents/daisytoolchain-0.3.2/windows/bin/../lib/gcc/arm-none-eabi/10.2.1/../../../../arm-none-eabi/lib/thumb/v7e-m+dp/hard\libm.a(lib_a-w_fmod.o)
                0x0800e840                fmod
 .text.fmodf    0x0800e89c       0x54 c:/users/ethan/documents/daisytoolchain-0.3.2/windows/bin/../lib/gcc/arm-none-eabi/10.2.1/../../../../arm-none-eabi/lib/thumb/v7e-m+dp/hard\libm.a(lib_a-wf_fmod.o)
                0x0800e89c                fmodf
 .text.__ieee754_fmod
                0x0800e8f0      0x29c c:/users/ethan/documents/daisytoolchain-0.3.2/windows/bin/../lib/gcc/arm-none-eabi/10.2.1/../../../../arm-none-eabi/lib/thumb/v7e-m+dp/hard\libm.a(lib_a-e_fmod.o)
                0x0800e8f0                __ieee754_fmod
 .text.__ieee754_fmodf
                0x0800eb8c      0x120 c:/users/ethan/documents/daisytoolchain-0.3.2/windows/bin/../lib/gcc/arm-none-eabi/10.2.1/../../../../arm-none-eabi/lib/thumb/v7e-m+dp/hard\libm.a(lib_a-ef_fmod.o)
                0x0800eb8c                __ieee754_fmodf
 .text.with_errno
                0x0800ecac       0x18 c:/users/ethan/documents/daisytoolchain-0.3.2/windows/bin/../lib/gcc/arm-none-eabi/10.2.1/../../../../arm-none-eabi/lib/thumb/v7e-m+dp/hard\libm.a(lib_a-math_err.o)
 .text.xflow    0x0800ecc4       0x24 c:/users/ethan/documents/daisytoolchain-0.3.2/windows/bin/../lib/gcc/arm-none-eabi/10.2.1/../../../../arm-none-eabi/lib/thumb/v7e-m+dp/hard\libm.a(lib_a-math_err.o)
 .text.__math_uflow
                0x0800ece8       0x10 c:/users/ethan/documents/daisytoolchain-0.3.2/windows/bin/../lib/gcc/arm-none-eabi/10.2.1/../../../../arm-none-eabi/lib/thumb/v7e-m+dp/hard\libm.a(lib_a-math_err.o)
                0x0800ece8                __math_uflow
 .text.__math_oflow
                0x0800ecf8       0x10 c:/users/ethan/documents/daisytoolchain-0.3.2/windows/bin/../lib/gcc/arm-none-eabi/10.2.1/../../../../arm-none-eabi/lib/thumb/v7e-m+dp/hard\libm.a(lib_a-math_err.o)
                0x0800ecf8                __math_oflow
 .text.__math_divzero
                0x0800ed08       0x30 c:/users/ethan/documents/daisytoolchain-0.3.2/windows/bin/../lib/gcc/arm-none-eabi/10.2.1/../../../../arm-none-eabi/lib/thumb/v7e-m+dp/hard\libm.a(lib_a-math_err.o)
                0x0800ed08                __math_divzero
 .text.__math_invalid
                0x0800ed38       0x20 c:/users/ethan/documents/daisytoolchain-0.3.2/windows/bin/../lib/gcc/arm-none-eabi/10.2.1/../../../../arm-none-eabi/lib/thumb/v7e-m+dp/hard\libm.a(lib_a-math_err.o)
                0x0800ed38                __math_invalid
 .text.__math_check_uflow
                0x0800ed58       0x14 c:/users/ethan/documents/daisytoolchain-0.3.2/windows/bin/../lib/gcc/arm-none-eabi/10.2.1/../../../../arm-none-eabi/lib/thumb/v7e-m+dp/hard\libm.a(lib_a-math_err.o)
                0x0800ed58                __math_check_uflow
 *fill*         0x0800ed6c        0x4 
 .text.__math_check_oflow
                0x0800ed70       0x28 c:/users/ethan/documents/daisytoolchain-0.3.2/windows/bin/../lib/gcc/arm-none-eabi/10.2.1/../../../../arm-none-eabi/lib/thumb/v7e-m+dp/hard\libm.a(lib_a-math_err.o)
                0x0800ed70                __math_check_oflow
 .text.with_errnof
                0x0800ed98       0x18 c:/users/ethan/documents/daisytoolchain-0.3.2/windows/bin/../lib/gcc/arm-none-eabi/10.2.1/../../../../arm-none-eabi/lib/thumb/v7e-m+dp/hard\libm.a(lib_a-math_errf.o)
 .text.__math_invalidf
                0x0800edb0       0x20 c:/users/ethan/documents/daisytoolchain-0.3.2/windows/bin/../lib/gcc/arm-none-eabi/10.2.1/../../../../arm-none-eabi/lib/thumb/v7e-m+dp/hard\libm.a(lib_a-math_errf.o)
                0x0800edb0                __math_invalidf
 .text.__cxa_atexit
                0x0800edd0       0x1c c:/users/ethan/documents/daisytoolchain-0.3.2/windows/bin/../lib/gcc/arm-none-eabi/10.2.1/../../../../arm-none-eabi/lib/thumb/v7e-m+dp/hard\libc_nano.a(lib_a-cxa_atexit.o)
                0x0800edd0                __cxa_atexit
 .text.__errno  0x0800edec        0xc c:/users/ethan/documents/daisytoolchain-0.3.2/windows/bin/../lib/gcc/arm-none-eabi/10.2.1/../../../../arm-none-eabi/lib/thumb/v7e-m+dp/hard\libc_nano.a(lib_a-errno.o)
                0x0800edec                __errno
 .text.__libc_init_array
                0x0800edf8       0x48 c:/users/ethan/documents/daisytoolchain-0.3.2/windows/bin/../lib/gcc/arm-none-eabi/10.2.1/../../../../arm-none-eabi/lib/thumb/v7e-m+dp/hard\libc_nano.a(lib_a-init.o)
                0x0800edf8                __libc_init_array
 .text.memcpy   0x0800ee40       0x1c c:/users/ethan/documents/daisytoolchain-0.3.2/windows/bin/../lib/gcc/arm-none-eabi/10.2.1/../../../../arm-none-eabi/lib/thumb/v7e-m+dp/hard\libc_nano.a(lib_a-memcpy-stub.o)
                0x0800ee40                memcpy
 .text.memset   0x0800ee5c       0x10 c:/users/ethan/documents/daisytoolchain-0.3.2/windows/bin/../lib/gcc/arm-none-eabi/10.2.1/../../../../arm-none-eabi/lib/thumb/v7e-m+dp/hard\libc_nano.a(lib_a-memset.o)
                0x0800ee5c                memset
 *(.rodata)
 .rodata        0x0800ee6c       0x10 ../../libDaisy/build\libdaisy.a(i2c.o)
 .rodata        0x0800ee7c       0x10 ../../libDaisy/build\libdaisy.a(tim.o)
 *(.rodata*)
 .rodata._ZL8seedgpio
                0x0800ee8c       0x3e ../../libDaisy/build\libdaisy.a(daisy_seed.o)
 *fill*         0x0800eeca        0x2 
 .rodata._ZL16dsy_adc_rank_map
                0x0800eecc       0x40 ../../libDaisy/build\libdaisy.a(adc.o)
 .rodata.CSWTCH.35
                0x0800ef0c        0x3 ../../libDaisy/build\libdaisy.a(sai.o)
 *fill*         0x0800ef0f        0x1 
 .rodata.CSWTCH.36
                0x0800ef10        0xc ../../libDaisy/build\libdaisy.a(sai.o)
 .rodata.CSWTCH.44
                0x0800ef1c       0x14 ../../libDaisy/build\libdaisy.a(sai.o)
 .rodata.D1CorePrescTable
                0x0800ef30       0x10 ../../libDaisy/build\libdaisy.a(system_stm32h7xx.o)
                0x0800ef30                D1CorePrescTable
 .rodata.CSWTCH.24
                0x0800ef40        0x4 ../../libDaisy/build\libdaisy.a(usbd_conf.o)
 .rodata.CSWTCH.19
                0x0800ef44        0x4 ../../libDaisy/build\libdaisy.a(usbh_conf.o)
 .rodata.gpio_hal_pin_map
                0x0800ef48       0x20 ../../libDaisy/build\libdaisy.a(hal_map.o)
 .rodata.gpio_hal_port_map
                0x0800ef68       0x30 ../../libDaisy/build\libdaisy.a(hal_map.o)
 .rodata.flagBitshiftOffset.0
                0x0800ef98        0x8 ../../libDaisy/build\libdaisy.a(stm32h7xx_hal_dma.o)
 .rodata._ZL13pins_none_spi
                0x0800efa0        0x3 ../../libDaisy/build\libdaisy.a(spi.o)
 *fill*         0x0800efa3        0x1 
 .rodata._ZL16pins_periphs_spi
                0x0800efa4       0x60 ../../libDaisy/build\libdaisy.a(spi.o)
 *fill*         0x0800f004        0x4 
 .rodata.__pow_log_data
                0x0800f008     0x1048 c:/users/ethan/documents/daisytoolchain-0.3.2/windows/bin/../lib/gcc/arm-none-eabi/10.2.1/../../../../arm-none-eabi/lib/thumb/v7e-m+dp/hard\libm.a(lib_a-pow_log_data.o)
                0x0800f008                __pow_log_data
 .rodata.Zero   0x08010050       0x10 c:/users/ethan/documents/daisytoolchain-0.3.2/windows/bin/../lib/gcc/arm-none-eabi/10.2.1/../../../../arm-none-eabi/lib/thumb/v7e-m+dp/hard\libm.a(lib_a-e_fmod.o)
 .rodata.Zero   0x08010060        0x8 c:/users/ethan/documents/daisytoolchain-0.3.2/windows/bin/../lib/gcc/arm-none-eabi/10.2.1/../../../../arm-none-eabi/lib/thumb/v7e-m+dp/hard\libm.a(lib_a-ef_fmod.o)
 .rodata.__exp_data
                0x08010068      0x870 c:/users/ethan/documents/daisytoolchain-0.3.2/windows/bin/../lib/gcc/arm-none-eabi/10.2.1/../../../../arm-none-eabi/lib/thumb/v7e-m+dp/hard\libm.a(lib_a-exp_data.o)
                0x08010068                __exp_data
 .rodata.__inv_pio4
                0x080108d8       0x60 c:/users/ethan/documents/daisytoolchain-0.3.2/windows/bin/../lib/gcc/arm-none-eabi/10.2.1/../../../../arm-none-eabi/lib/thumb/v7e-m+dp/hard\libm.a(lib_a-sincosf_data.o)
                0x080108d8                __inv_pio4
 .rodata.__sincosf_table
                0x08010938       0xe0 c:/users/ethan/documents/daisytoolchain-0.3.2/windows/bin/../lib/gcc/arm-none-eabi/10.2.1/../../../../arm-none-eabi/lib/thumb/v7e-m+dp/hard\libm.a(lib_a-sincosf_data.o)
                0x08010938                __sincosf_table
 .rodata.__sf_fake_stderr
                0x08010a18       0x20 c:/users/ethan/documents/daisytoolchain-0.3.2/windows/bin/../lib/gcc/arm-none-eabi/10.2.1/../../../../arm-none-eabi/lib/thumb/v7e-m+dp/hard\libc_nano.a(lib_a-findfp.o)
                0x08010a18                __sf_fake_stderr
 .rodata.__sf_fake_stdin
                0x08010a38       0x20 c:/users/ethan/documents/daisytoolchain-0.3.2/windows/bin/../lib/gcc/arm-none-eabi/10.2.1/../../../../arm-none-eabi/lib/thumb/v7e-m+dp/hard\libc_nano.a(lib_a-findfp.o)
                0x08010a38                __sf_fake_stdin
 .rodata.__sf_fake_stdout
                0x08010a58       0x20 c:/users/ethan/documents/daisytoolchain-0.3.2/windows/bin/../lib/gcc/arm-none-eabi/10.2.1/../../../../arm-none-eabi/lib/thumb/v7e-m+dp/hard\libc_nano.a(lib_a-findfp.o)
                0x08010a58                __sf_fake_stdout
 *(.glue_7)
 .glue_7        0x08010a78        0x0 linker stubs
 *(.glue_7t)
 .glue_7t       0x08010a78        0x0 linker stubs
 *(.init)
 .init          0x08010a78        0x4 c:/users/ethan/documents/daisytoolchain-0.3.2/windows/bin/../lib/gcc/arm-none-eabi/10.2.1/thumb/v7e-m+dp/hard/crti.o
                0x08010a78                _init
 .init          0x08010a7c        0x8 c:/users/ethan/documents/daisytoolchain-0.3.2/windows/bin/../lib/gcc/arm-none-eabi/10.2.1/thumb/v7e-m+dp/hard/crtn.o
 *(.fini)
 .fini          0x08010a84        0x4 c:/users/ethan/documents/daisytoolchain-0.3.2/windows/bin/../lib/gcc/arm-none-eabi/10.2.1/thumb/v7e-m+dp/hard/crti.o
                0x08010a84                _fini
 .fini          0x08010a88        0x8 c:/users/ethan/documents/daisytoolchain-0.3.2/windows/bin/../lib/gcc/arm-none-eabi/10.2.1/thumb/v7e-m+dp/hard/crtn.o
                0x08010a90                . = ALIGN (0x4)
                0x08010a90                _etext = .

.eh_frame       0x08010a90        0x0
 .eh_frame      0x08010a90        0x0 c:/users/ethan/documents/daisytoolchain-0.3.2/windows/bin/../lib/gcc/arm-none-eabi/10.2.1/thumb/v7e-m+dp/hard/crtbegin.o

.vfp11_veneer   0x08010a90        0x0
 .vfp11_veneer  0x08010a90        0x0 linker stubs

.v4_bx          0x08010a90        0x0
 .v4_bx         0x08010a90        0x0 linker stubs

.iplt           0x08010a90        0x0
 .iplt          0x08010a90        0x0 c:/users/ethan/documents/daisytoolchain-0.3.2/windows/bin/../lib/gcc/arm-none-eabi/10.2.1/thumb/v7e-m+dp/hard/crtbegin.o

.rel.dyn        0x08010a90        0x0
 .rel.iplt      0x08010a90        0x0 c:/users/ethan/documents/daisytoolchain-0.3.2/windows/bin/../lib/gcc/arm-none-eabi/10.2.1/thumb/v7e-m+dp/hard/crtbegin.o

.ARM.extab      0x08010a90        0x0
                0x08010a90                . = ALIGN (0x4)
 *(.ARM.extab)
 *(.gnu.linkonce.armextab.*)
                0x08010a90                . = ALIGN (0x4)

.exidx          0x08010a90        0x0
                0x08010a90                . = ALIGN (0x4)
                [!provide]                PROVIDE (__exidx_start = .)
 *(.ARM.exidx*)
                0x08010a90                . = ALIGN (0x4)
                [!provide]                PROVIDE (__exidx_end = .)

.ARM.attributes
                0x08010a90       0x2e
 *(.ARM.attributes)
 .ARM.attributes
                0x08010a90       0x1e c:/users/ethan/documents/daisytoolchain-0.3.2/windows/bin/../lib/gcc/arm-none-eabi/10.2.1/thumb/v7e-m+dp/hard/crti.o
 .ARM.attributes
                0x08010aae       0x32 c:/users/ethan/documents/daisytoolchain-0.3.2/windows/bin/../lib/gcc/arm-none-eabi/10.2.1/thumb/v7e-m+dp/hard/crtbegin.o
 .ARM.attributes
                0x08010ae0       0x32 build/startup_stm32h750xx.o
 .ARM.attributes
                0x08010b12       0x32 build/Testbed.o
 .ARM.attributes
                0x08010b44       0x32 ../../libDaisy/build\libdaisy.a(daisy_seed.o)
 .ARM.attributes
                0x08010b76       0x32 ../../libDaisy/build\libdaisy.a(codec_ak4556.o)
 .ARM.attributes
                0x08010ba8       0x32 ../../libDaisy/build\libdaisy.a(codec_wm8731.o)
 .ARM.attributes
                0x08010bda       0x32 ../../libDaisy/build\libdaisy.a(sdram.o)
 .ARM.attributes
                0x08010c0c       0x32 ../../libDaisy/build\libdaisy.a(audio.o)
 .ARM.attributes
                0x08010c3e       0x32 ../../libDaisy/build\libdaisy.a(switch.o)
 .ARM.attributes
                0x08010c70       0x32 ../../libDaisy/build\libdaisy.a(adc.o)
 .ARM.attributes
                0x08010ca2       0x32 ../../libDaisy/build\libdaisy.a(gpio.o)
 .ARM.attributes
                0x08010cd4       0x32 ../../libDaisy/build\libdaisy.a(i2c.o)
 .ARM.attributes
                0x08010d06       0x32 ../../libDaisy/build\libdaisy.a(qspi.o)
 .ARM.attributes
                0x08010d38       0x32 ../../libDaisy/build\libdaisy.a(sai.o)
 .ARM.attributes
                0x08010d6a       0x32 ../../libDaisy/build\libdaisy.a(system.o)
 .ARM.attributes
                0x08010d9c       0x32 ../../libDaisy/build\libdaisy.a(system_stm32h7xx.o)
 .ARM.attributes
                0x08010dce       0x32 ../../libDaisy/build\libdaisy.a(usbd_conf.o)
 .ARM.attributes
                0x08010e00       0x32 ../../libDaisy/build\libdaisy.a(usbh_conf.o)
 .ARM.attributes
                0x08010e32       0x32 ../../libDaisy/build\libdaisy.a(hal_map.o)
 .ARM.attributes
                0x08010e64       0x32 ../../libDaisy/build\libdaisy.a(stm32h7xx_hal.o)
 .ARM.attributes
                0x08010e96       0x32 ../../libDaisy/build\libdaisy.a(stm32h7xx_hal_adc.o)
 .ARM.attributes
                0x08010ec8       0x32 ../../libDaisy/build\libdaisy.a(stm32h7xx_hal_adc_ex.o)
 .ARM.attributes
                0x08010efa       0x32 ../../libDaisy/build\libdaisy.a(stm32h7xx_hal_cortex.o)
 .ARM.attributes
                0x08010f2c       0x32 ../../libDaisy/build\libdaisy.a(stm32h7xx_hal_dma.o)
 .ARM.attributes
                0x08010f5e       0x32 ../../libDaisy/build\libdaisy.a(stm32h7xx_hal_gpio.o)
 .ARM.attributes
                0x08010f90       0x32 ../../libDaisy/build\libdaisy.a(stm32h7xx_hal_hcd.o)
 .ARM.attributes
                0x08010fc2       0x32 ../../libDaisy/build\libdaisy.a(stm32h7xx_hal_i2c.o)
 .ARM.attributes
                0x08010ff4       0x32 ../../libDaisy/build\libdaisy.a(stm32h7xx_hal_i2c_ex.o)
 .ARM.attributes
                0x08011026       0x32 ../../libDaisy/build\libdaisy.a(stm32h7xx_hal_pcd.o)
 .ARM.attributes
                0x08011058       0x32 ../../libDaisy/build\libdaisy.a(stm32h7xx_hal_pcd_ex.o)
 .ARM.attributes
                0x0801108a       0x32 ../../libDaisy/build\libdaisy.a(stm32h7xx_hal_pwr_ex.o)
 .ARM.attributes
                0x080110bc       0x32 ../../libDaisy/build\libdaisy.a(stm32h7xx_hal_qspi.o)
 .ARM.attributes
                0x080110ee       0x32 ../../libDaisy/build\libdaisy.a(stm32h7xx_hal_rcc.o)
 .ARM.attributes
                0x08011120       0x32 ../../libDaisy/build\libdaisy.a(stm32h7xx_hal_rcc_ex.o)
 .ARM.attributes
                0x08011152       0x32 ../../libDaisy/build\libdaisy.a(stm32h7xx_hal_sai.o)
 .ARM.attributes
                0x08011184       0x32 ../../libDaisy/build\libdaisy.a(stm32h7xx_hal_sdram.o)
 .ARM.attributes
                0x080111b6       0x32 ../../libDaisy/build\libdaisy.a(stm32h7xx_ll_fmc.o)
 .ARM.attributes
                0x080111e8       0x32 ../../libDaisy/build\libdaisy.a(stm32h7xx_ll_usb.o)
 .ARM.attributes
                0x0801121a       0x32 ../../libDaisy/build\libdaisy.a(usbd_core.o)
 .ARM.attributes
                0x0801124c       0x32 ../../libDaisy/build\libdaisy.a(usbd_ctlreq.o)
 .ARM.attributes
                0x0801127e       0x32 ../../libDaisy/build\libdaisy.a(usbd_ioreq.o)
 .ARM.attributes
                0x080112b0       0x32 ../../libDaisy/build\libdaisy.a(usbh_core.o)
 .ARM.attributes
                0x080112e2       0x32 ../../libDaisy/build\libdaisy.a(usbh_pipes.o)
 .ARM.attributes
                0x08011314       0x32 ../../libDaisy/build\libdaisy.a(rng.o)
 .ARM.attributes
                0x08011346       0x32 ../../libDaisy/build\libdaisy.a(spi.o)
 .ARM.attributes
                0x08011378       0x32 ../../libDaisy/build\libdaisy.a(tim.o)
 .ARM.attributes
                0x080113aa       0x32 ../../libDaisy/build\libdaisy.a(dma.o)
 .ARM.attributes
                0x080113dc       0x32 ../../libDaisy/build\libdaisy.a(stm32h7xx_hal_mdma.o)
 .ARM.attributes
                0x0801140e       0x32 ../../libDaisy/build\libdaisy.a(stm32h7xx_hal_spi.o)
 .ARM.attributes
                0x08011440       0x32 ../../libDaisy/build\libdaisy.a(stm32h7xx_hal_tim.o)
 .ARM.attributes
                0x08011472       0x32 ../../libDaisy/build\libdaisy.a(stm32h7xx_hal_tim_ex.o)
 .ARM.attributes
                0x080114a4       0x32 ../../DaisySP/build\libdaisysp.a(oscillator.o)
 .ARM.attributes
                0x080114d6       0x32 c:/users/ethan/documents/daisytoolchain-0.3.2/windows/bin/../lib/gcc/arm-none-eabi/10.2.1/../../../../arm-none-eabi/lib/thumb/v7e-m+dp/hard\libstdc++_nano.a(atexit_arm.o)
 .ARM.attributes
                0x08011508       0x32 c:/users/ethan/documents/daisytoolchain-0.3.2/windows/bin/../lib/gcc/arm-none-eabi/10.2.1/../../../../arm-none-eabi/lib/thumb/v7e-m+dp/hard\libm.a(lib_a-pow.o)
 .ARM.attributes
                0x0801153a       0x30 c:/users/ethan/documents/daisytoolchain-0.3.2/windows/bin/../lib/gcc/arm-none-eabi/10.2.1/../../../../arm-none-eabi/lib/thumb/v7e-m+dp/hard\libm.a(lib_a-pow_log_data.o)
 .ARM.attributes
                0x0801156a       0x32 c:/users/ethan/documents/daisytoolchain-0.3.2/windows/bin/../lib/gcc/arm-none-eabi/10.2.1/../../../../arm-none-eabi/lib/thumb/v7e-m+dp/hard\libm.a(lib_a-sinf.o)
 .ARM.attributes
                0x0801159c       0x32 c:/users/ethan/documents/daisytoolchain-0.3.2/windows/bin/../lib/gcc/arm-none-eabi/10.2.1/../../../../arm-none-eabi/lib/thumb/v7e-m+dp/hard\libm.a(lib_a-w_fmod.o)
 .ARM.attributes
                0x080115ce       0x32 c:/users/ethan/documents/daisytoolchain-0.3.2/windows/bin/../lib/gcc/arm-none-eabi/10.2.1/../../../../arm-none-eabi/lib/thumb/v7e-m+dp/hard\libm.a(lib_a-wf_fmod.o)
 .ARM.attributes
                0x08011600       0x32 c:/users/ethan/documents/daisytoolchain-0.3.2/windows/bin/../lib/gcc/arm-none-eabi/10.2.1/../../../../arm-none-eabi/lib/thumb/v7e-m+dp/hard\libm.a(lib_a-e_fmod.o)
 .ARM.attributes
                0x08011632       0x32 c:/users/ethan/documents/daisytoolchain-0.3.2/windows/bin/../lib/gcc/arm-none-eabi/10.2.1/../../../../arm-none-eabi/lib/thumb/v7e-m+dp/hard\libm.a(lib_a-ef_fmod.o)
 .ARM.attributes
                0x08011664       0x30 c:/users/ethan/documents/daisytoolchain-0.3.2/windows/bin/../lib/gcc/arm-none-eabi/10.2.1/../../../../arm-none-eabi/lib/thumb/v7e-m+dp/hard\libm.a(lib_a-exp_data.o)
 .ARM.attributes
                0x08011694       0x32 c:/users/ethan/documents/daisytoolchain-0.3.2/windows/bin/../lib/gcc/arm-none-eabi/10.2.1/../../../../arm-none-eabi/lib/thumb/v7e-m+dp/hard\libm.a(lib_a-math_err.o)
 .ARM.attributes
                0x080116c6       0x32 c:/users/ethan/documents/daisytoolchain-0.3.2/windows/bin/../lib/gcc/arm-none-eabi/10.2.1/../../../../arm-none-eabi/lib/thumb/v7e-m+dp/hard\libm.a(lib_a-math_errf.o)
 .ARM.attributes
                0x080116f8       0x30 c:/users/ethan/documents/daisytoolchain-0.3.2/windows/bin/../lib/gcc/arm-none-eabi/10.2.1/../../../../arm-none-eabi/lib/thumb/v7e-m+dp/hard\libm.a(lib_a-s_lib_ver.o)
 .ARM.attributes
                0x08011728       0x30 c:/users/ethan/documents/daisytoolchain-0.3.2/windows/bin/../lib/gcc/arm-none-eabi/10.2.1/../../../../arm-none-eabi/lib/thumb/v7e-m+dp/hard\libm.a(lib_a-sincosf_data.o)
 .ARM.attributes
                0x08011758       0x32 c:/users/ethan/documents/daisytoolchain-0.3.2/windows/bin/../lib/gcc/arm-none-eabi/10.2.1/../../../../arm-none-eabi/lib/thumb/v7e-m+dp/hard\libc_nano.a(lib_a-cxa_atexit.o)
 .ARM.attributes
                0x0801178a       0x32 c:/users/ethan/documents/daisytoolchain-0.3.2/windows/bin/../lib/gcc/arm-none-eabi/10.2.1/../../../../arm-none-eabi/lib/thumb/v7e-m+dp/hard\libc_nano.a(lib_a-errno.o)
 .ARM.attributes
                0x080117bc       0x30 c:/users/ethan/documents/daisytoolchain-0.3.2/windows/bin/../lib/gcc/arm-none-eabi/10.2.1/../../../../arm-none-eabi/lib/thumb/v7e-m+dp/hard\libc_nano.a(lib_a-impure.o)
 .ARM.attributes
                0x080117ec       0x32 c:/users/ethan/documents/daisytoolchain-0.3.2/windows/bin/../lib/gcc/arm-none-eabi/10.2.1/../../../../arm-none-eabi/lib/thumb/v7e-m+dp/hard\libc_nano.a(lib_a-init.o)
 .ARM.attributes
                0x0801181e       0x32 c:/users/ethan/documents/daisytoolchain-0.3.2/windows/bin/../lib/gcc/arm-none-eabi/10.2.1/../../../../arm-none-eabi/lib/thumb/v7e-m+dp/hard\libc_nano.a(lib_a-memcpy-stub.o)
 .ARM.attributes
                0x08011850       0x32 c:/users/ethan/documents/daisytoolchain-0.3.2/windows/bin/../lib/gcc/arm-none-eabi/10.2.1/../../../../arm-none-eabi/lib/thumb/v7e-m+dp/hard\libc_nano.a(lib_a-memset.o)
 .ARM.attributes
                0x08011882       0x32 c:/users/ethan/documents/daisytoolchain-0.3.2/windows/bin/../lib/gcc/arm-none-eabi/10.2.1/../../../../arm-none-eabi/lib/thumb/v7e-m+dp/hard\libc_nano.a(lib_a-findfp.o)
 .ARM.attributes
                0x080118b4       0x1e c:/users/ethan/documents/daisytoolchain-0.3.2/windows/bin/../lib/gcc/arm-none-eabi/10.2.1/thumb/v7e-m+dp/hard\libgcc.a(_arm_addsubdf3.o)
 .ARM.attributes
                0x080118d2       0x1e c:/users/ethan/documents/daisytoolchain-0.3.2/windows/bin/../lib/gcc/arm-none-eabi/10.2.1/thumb/v7e-m+dp/hard/crtn.o

.preinit_array  0x08010a90        0x0
                0x08010a90                PROVIDE (__preinit_array_start = .)
 *(.preinit_array*)
                0x08010a90                PROVIDE (__preinit_array_end = .)

.init_array     0x08010a90       0x1c
                0x08010a90                PROVIDE (__init_array_start = .)
 *(SORT_BY_NAME(.init_array.*))